2026-02-24T18:31:04.632294Z  INFO tailwindcss_oxide::scanner: Provided sources:
2026-02-24T18:31:04.632383Z  INFO tailwindcss_oxide::scanner: Source: PublicSourceEntry { base: "C:\\Users\\Isaque\\dezapegao", pattern: "**/*", negated: false }
2026-02-24T18:31:04.632520Z  INFO tailwindcss_oxide::scanner: Optimized sources:
2026-02-24T18:31:04.632534Z  INFO tailwindcss_oxide::scanner: Source: Auto { base: "C:\\Users\\Isaque\\dezapegao" }
2026-02-24T18:31:04.634024Z  INFO scan_sources: tailwindcss_oxide::scanner: enter
2026-02-24T18:31:04.635694Z  INFO scan_sources: tailwindcss_oxide::scanner: Discovering "C:\\Users\\Isaque\\dezapegao\\app"
2026-02-24T18:31:04.643226Z  INFO scan_sources: tailwindcss_oxide::scanner: Discovering "C:\\Users\\Isaque\\dezapegao\\app\\api"
2026-02-24T18:31:04.643446Z  INFO scan_sources: tailwindcss_oxide::scanner: Discovering "C:\\Users\\Isaque\\dezapegao\\app\\api\\analytics"
2026-02-24T18:31:04.643616Z  INFO scan_sources: tailwindcss_oxide::scanner: Discovering "C:\\Users\\Isaque\\dezapegao\\app\\api\\analytics\\route.ts"
2026-02-24T18:31:04.643752Z  INFO scan_sources: tailwindcss_oxide::scanner: Discovering "C:\\Users\\Isaque\\dezapegao\\app\\api\\auth"
2026-02-24T18:31:04.643966Z  INFO scan_sources: tailwindcss_oxide::scanner: Discovering "C:\\Users\\Isaque\\dezapegao\\app\\api\\auth\\signup"
2026-02-24T18:31:04.644128Z  INFO scan_sources: tailwindcss_oxide::scanner: Discovering "C:\\Users\\Isaque\\dezapegao\\app\\api\\auth\\signup\\route.ts"
2026-02-24T18:31:04.644258Z  INFO scan_sources: tailwindcss_oxide::scanner: Discovering "C:\\Users\\Isaque\\dezapegao\\app\\api\\auth\\[...nextauth]"
2026-02-24T18:31:04.644426Z  INFO scan_sources: tailwindcss_oxide::scanner: Discovering "C:\\Users\\Isaque\\dezapegao\\app\\api\\auth\\[...nextauth]\\route.ts"
2026-02-24T18:31:04.644570Z  INFO scan_sources: tailwindcss_oxide::scanner: Discovering "C:\\Users\\Isaque\\dezapegao\\app\\api\\likes"
2026-02-24T18:31:04.644729Z  INFO scan_sources: tailwindcss_oxide::scanner: Discovering "C:\\Users\\Isaque\\dezapegao\\app\\api\\likes\\route.ts"
2026-02-24T18:31:04.644855Z  INFO scan_sources: tailwindcss_oxide::scanner: Discovering "C:\\Users\\Isaque\\dezapegao\\app\\api\\listings"
2026-02-24T18:31:04.645060Z  INFO scan_sources: tailwindcss_oxide::scanner: Discovering "C:\\Users\\Isaque\\dezapegao\\app\\api\\listings\\create"
2026-02-24T18:31:04.645215Z  INFO scan_sources: tailwindcss_oxide::scanner: Discovering "C:\\Users\\Isaque\\dezapegao\\app\\api\\listings\\create\\route.ts"
2026-02-24T18:31:04.645300Z  INFO scan_sources: tailwindcss_oxide::scanner: Discovering "C:\\Users\\Isaque\\dezapegao\\app\\api\\listings\\route.ts"
2026-02-24T18:31:04.645409Z  INFO scan_sources: tailwindcss_oxide::scanner: Discovering "C:\\Users\\Isaque\\dezapegao\\app\\api\\listings\\[id]"
2026-02-24T18:31:04.645575Z  INFO scan_sources: tailwindcss_oxide::scanner: Discovering "C:\\Users\\Isaque\\dezapegao\\app\\api\\listings\\[id]\\route.ts"
2026-02-24T18:31:04.645717Z  INFO scan_sources: tailwindcss_oxide::scanner: Discovering "C:\\Users\\Isaque\\dezapegao\\app\\api\\profile"
2026-02-24T18:31:04.645913Z  INFO scan_sources: tailwindcss_oxide::scanner: Discovering "C:\\Users\\Isaque\\dezapegao\\app\\api\\profile\\update"
2026-02-24T18:31:04.646072Z  INFO scan_sources: tailwindcss_oxide::scanner: Discovering "C:\\Users\\Isaque\\dezapegao\\app\\api\\profile\\update\\route.ts"
2026-02-24T18:31:04.646210Z  INFO scan_sources: tailwindcss_oxide::scanner: Discovering "C:\\Users\\Isaque\\dezapegao\\app\\api\\upload"
2026-02-24T18:31:04.646366Z  INFO scan_sources: tailwindcss_oxide::scanner: Discovering "C:\\Users\\Isaque\\dezapegao\\app\\api\\upload\\route.ts"
2026-02-24T18:31:04.646490Z  INFO scan_sources: tailwindcss_oxide::scanner: Discovering "C:\\Users\\Isaque\\dezapegao\\app\\api\\user"
2026-02-24T18:31:04.646685Z  INFO scan_sources: tailwindcss_oxide::scanner: Discovering "C:\\Users\\Isaque\\dezapegao\\app\\api\\user\\listings-count"
2026-02-24T18:31:04.646843Z  INFO scan_sources: tailwindcss_oxide::scanner: Discovering "C:\\Users\\Isaque\\dezapegao\\app\\api\\user\\listings-count\\route.ts"
2026-02-24T18:31:04.647024Z  INFO scan_sources: tailwindcss_oxide::scanner: Discovering "C:\\Users\\Isaque\\dezapegao\\app\\auth"
2026-02-24T18:31:04.647223Z  INFO scan_sources: tailwindcss_oxide::scanner: Discovering "C:\\Users\\Isaque\\dezapegao\\app\\auth\\callback"
2026-02-24T18:31:04.647382Z  INFO scan_sources: tailwindcss_oxide::scanner: Discovering "C:\\Users\\Isaque\\dezapegao\\app\\auth\\callback\\route.ts"
2026-02-24T18:31:04.647536Z  INFO scan_sources: tailwindcss_oxide::scanner: Discovering "C:\\Users\\Isaque\\dezapegao\\app\\dashboard"
2026-02-24T18:31:04.647736Z  INFO scan_sources: tailwindcss_oxide::scanner: Discovering "C:\\Users\\Isaque\\dezapegao\\app\\dashboard\\new"
2026-02-24T18:31:04.647894Z  INFO scan_sources: tailwindcss_oxide::scanner: Discovering "C:\\Users\\Isaque\\dezapegao\\app\\dashboard\\new\\page.tsx"
2026-02-24T18:31:04.647984Z  INFO scan_sources: tailwindcss_oxide::scanner: Discovering "C:\\Users\\Isaque\\dezapegao\\app\\dashboard\\page.tsx"
2026-02-24T18:31:04.648112Z  INFO scan_sources: tailwindcss_oxide::scanner: Discovering "C:\\Users\\Isaque\\dezapegao\\app\\explorar"
2026-02-24T18:31:04.648268Z  INFO scan_sources: tailwindcss_oxide::scanner: Discovering "C:\\Users\\Isaque\\dezapegao\\app\\explorar\\page.tsx"
2026-02-24T18:31:04.648365Z  INFO scan_sources: tailwindcss_oxide::scanner: Discovering "C:\\Users\\Isaque\\dezapegao\\app\\globals.css"
2026-02-24T18:31:04.648430Z  INFO scan_sources: tailwindcss_oxide::scanner: Discovering "C:\\Users\\Isaque\\dezapegao\\app\\layout.tsx"
2026-02-24T18:31:04.648537Z  INFO scan_sources: tailwindcss_oxide::scanner: Discovering "C:\\Users\\Isaque\\dezapegao\\app\\login"
2026-02-24T18:31:04.648694Z  INFO scan_sources: tailwindcss_oxide::scanner: Discovering "C:\\Users\\Isaque\\dezapegao\\app\\login\\page.tsx"
2026-02-24T18:31:04.648776Z  INFO scan_sources: tailwindcss_oxide::scanner: Discovering "C:\\Users\\Isaque\\dezapegao\\app\\page.tsx"
2026-02-24T18:31:04.648884Z  INFO scan_sources: tailwindcss_oxide::scanner: Discovering "C:\\Users\\Isaque\\dezapegao\\app\\reset"
2026-02-24T18:31:04.649036Z  INFO scan_sources: tailwindcss_oxide::scanner: Discovering "C:\\Users\\Isaque\\dezapegao\\app\\reset\\page.tsx"
2026-02-24T18:31:04.649159Z  INFO scan_sources: tailwindcss_oxide::scanner: Discovering "C:\\Users\\Isaque\\dezapegao\\app\\signup"
2026-02-24T18:31:04.649312Z  INFO scan_sources: tailwindcss_oxide::scanner: Discovering "C:\\Users\\Isaque\\dezapegao\\app\\signup\\page.tsx"
2026-02-24T18:31:04.649454Z  INFO scan_sources: tailwindcss_oxide::scanner: Discovering "C:\\Users\\Isaque\\dezapegao\\components"
2026-02-24T18:31:04.649737Z  INFO scan_sources: tailwindcss_oxide::scanner: Discovering "C:\\Users\\Isaque\\dezapegao\\components\\Dashboard"
2026-02-24T18:31:04.649909Z  INFO scan_sources: tailwindcss_oxide::scanner: Discovering "C:\\Users\\Isaque\\dezapegao\\components\\Dashboard\\DashboardModal.tsx"
2026-02-24T18:31:04.649984Z  INFO scan_sources: tailwindcss_oxide::scanner: Discovering "C:\\Users\\Isaque\\dezapegao\\components\\Dashboard\\EditListingModal.tsx"
2026-02-24T18:31:04.650055Z  INFO scan_sources: tailwindcss_oxide::scanner: Discovering "C:\\Users\\Isaque\\dezapegao\\components\\Dashboard\\NewListingModal.tsx"
2026-02-24T18:31:04.650187Z  INFO scan_sources: tailwindcss_oxide::scanner: Discovering "C:\\Users\\Isaque\\dezapegao\\components\\Feed"
2026-02-24T18:31:04.650351Z  INFO scan_sources: tailwindcss_oxide::scanner: Discovering "C:\\Users\\Isaque\\dezapegao\\components\\Feed\\LikeButton.tsx"
2026-02-24T18:31:04.650419Z  INFO scan_sources: tailwindcss_oxide::scanner: Discovering "C:\\Users\\Isaque\\dezapegao\\components\\Feed\\ReelsFeed.tsx"
2026-02-24T18:31:04.650487Z  INFO scan_sources: tailwindcss_oxide::scanner: Discovering "C:\\Users\\Isaque\\dezapegao\\components\\Feed\\StoryCard.tsx"
2026-02-24T18:31:04.650615Z  INFO scan_sources: tailwindcss_oxide::scanner: Discovering "C:\\Users\\Isaque\\dezapegao\\components\\Layout"
2026-02-24T18:31:04.650780Z  INFO scan_sources: tailwindcss_oxide::scanner: Discovering "C:\\Users\\Isaque\\dezapegao\\components\\Layout\\Header.tsx"
2026-02-24T18:31:04.650934Z  INFO scan_sources: tailwindcss_oxide::scanner: Discovering "C:\\Users\\Isaque\\dezapegao\\components\\Providers"
2026-02-24T18:31:04.651106Z  INFO scan_sources: tailwindcss_oxide::scanner: Discovering "C:\\Users\\Isaque\\dezapegao\\components\\Providers\\NextAuthProvider.tsx"
2026-02-24T18:31:04.651238Z  INFO scan_sources: tailwindcss_oxide::scanner: Discovering "C:\\Users\\Isaque\\dezapegao\\components\\UI"
2026-02-24T18:31:04.651407Z  INFO scan_sources: tailwindcss_oxide::scanner: Discovering "C:\\Users\\Isaque\\dezapegao\\components\\UI\\Toast.tsx"
2026-02-24T18:31:04.651545Z  INFO scan_sources: tailwindcss_oxide::scanner: Discovering "C:\\Users\\Isaque\\dezapegao\\components\\User"
2026-02-24T18:31:04.651717Z  INFO scan_sources: tailwindcss_oxide::scanner: Discovering "C:\\Users\\Isaque\\dezapegao\\components\\User\\AuthModal.tsx"
2026-02-24T18:31:04.651792Z  INFO scan_sources: tailwindcss_oxide::scanner: Discovering "C:\\Users\\Isaque\\dezapegao\\components\\User\\PaymentsModal.tsx"
2026-02-24T18:31:04.651863Z  INFO scan_sources: tailwindcss_oxide::scanner: Discovering "C:\\Users\\Isaque\\dezapegao\\components\\User\\SettingsModal.tsx"
2026-02-24T18:31:04.651933Z  INFO scan_sources: tailwindcss_oxide::scanner: Discovering "C:\\Users\\Isaque\\dezapegao\\components\\User\\SubscriptionModal.tsx"
2026-02-24T18:31:04.652001Z  INFO scan_sources: tailwindcss_oxide::scanner: Discovering "C:\\Users\\Isaque\\dezapegao\\components\\User\\UserAvatar.tsx"
2026-02-24T18:31:04.652072Z  INFO scan_sources: tailwindcss_oxide::scanner: Discovering "C:\\Users\\Isaque\\dezapegao\\components\\User\\UserMenu.tsx"
2026-02-24T18:31:04.652177Z  INFO scan_sources: tailwindcss_oxide::scanner: Discovering "C:\\Users\\Isaque\\dezapegao\\DEMO_MODE.md"
2026-02-24T18:31:04.652244Z  INFO scan_sources: tailwindcss_oxide::scanner: Discovering "C:\\Users\\Isaque\\dezapegao\\DESIGN_SYSTEM.md"
2026-02-24T18:31:04.652315Z  INFO scan_sources: tailwindcss_oxide::scanner: Discovering "C:\\Users\\Isaque\\dezapegao\\eslint.config.mjs"
2026-02-24T18:31:04.652429Z  INFO scan_sources: tailwindcss_oxide::scanner: Discovering "C:\\Users\\Isaque\\dezapegao\\hooks"
2026-02-24T18:31:04.652598Z  INFO scan_sources: tailwindcss_oxide::scanner: Discovering "C:\\Users\\Isaque\\dezapegao\\hooks\\useAuth.tsx"
2026-02-24T18:31:04.652733Z  INFO scan_sources: tailwindcss_oxide::scanner: Discovering "C:\\Users\\Isaque\\dezapegao\\lib"
2026-02-24T18:31:04.652897Z  INFO scan_sources: tailwindcss_oxide::scanner: Discovering "C:\\Users\\Isaque\\dezapegao\\lib\\categories.ts"
2026-02-24T18:31:04.652965Z  INFO scan_sources: tailwindcss_oxide::scanner: Discovering "C:\\Users\\Isaque\\dezapegao\\lib\\listings-client.ts"
2026-02-24T18:31:04.653034Z  INFO scan_sources: tailwindcss_oxide::scanner: Discovering "C:\\Users\\Isaque\\dezapegao\\lib\\listings.ts"
2026-02-24T18:31:04.653101Z  INFO scan_sources: tailwindcss_oxide::scanner: Discovering "C:\\Users\\Isaque\\dezapegao\\lib\\local-storage.ts"
2026-02-24T18:31:04.653166Z  INFO scan_sources: tailwindcss_oxide::scanner: Discovering "C:\\Users\\Isaque\\dezapegao\\lib\\logger.ts"
2026-02-24T18:31:04.653238Z  INFO scan_sources: tailwindcss_oxide::scanner: Discovering "C:\\Users\\Isaque\\dezapegao\\lib\\mock-data.ts"
2026-02-24T18:31:04.653305Z  INFO scan_sources: tailwindcss_oxide::scanner: Discovering "C:\\Users\\Isaque\\dezapegao\\lib\\prisma.ts"
2026-02-24T18:31:04.653373Z  INFO scan_sources: tailwindcss_oxide::scanner: Discovering "C:\\Users\\Isaque\\dezapegao\\lib\\r2.ts"
2026-02-24T18:31:04.653441Z  INFO scan_sources: tailwindcss_oxide::scanner: Discovering "C:\\Users\\Isaque\\dezapegao\\lib\\storage.ts"
2026-02-24T18:31:04.653507Z  INFO scan_sources: tailwindcss_oxide::scanner: Discovering "C:\\Users\\Isaque\\dezapegao\\lib\\utils.ts"
2026-02-24T18:31:04.653582Z  INFO scan_sources: tailwindcss_oxide::scanner: Discovering "C:\\Users\\Isaque\\dezapegao\\lib\\validation.ts"
2026-02-24T18:31:04.653669Z  INFO scan_sources: tailwindcss_oxide::scanner: Discovering "C:\\Users\\Isaque\\dezapegao\\middleware.ts"
2026-02-24T18:31:04.653744Z  INFO scan_sources: tailwindcss_oxide::scanner: Discovering "C:\\Users\\Isaque\\dezapegao\\next.config.ts"
2026-02-24T18:31:04.654033Z  INFO scan_sources: tailwindcss_oxide::scanner: Discovering "C:\\Users\\Isaque\\dezapegao\\package.json"
2026-02-24T18:31:04.654105Z  INFO scan_sources: tailwindcss_oxide::scanner: Discovering "C:\\Users\\Isaque\\dezapegao\\postcss.config.mjs"
2026-02-24T18:31:04.654219Z  INFO scan_sources: tailwindcss_oxide::scanner: Discovering "C:\\Users\\Isaque\\dezapegao\\prisma"
2026-02-24T18:31:04.654425Z  INFO scan_sources: tailwindcss_oxide::scanner: Discovering "C:\\Users\\Isaque\\dezapegao\\prisma\\migrations"
2026-02-24T18:31:04.654631Z  INFO scan_sources: tailwindcss_oxide::scanner: Discovering "C:\\Users\\Isaque\\dezapegao\\prisma\\migrations\\20260223211637_init"
2026-02-24T18:31:04.654806Z  INFO scan_sources: tailwindcss_oxide::scanner: Discovering "C:\\Users\\Isaque\\dezapegao\\prisma\\migrations\\20260223211637_init\\migration.sql"
2026-02-24T18:31:04.654894Z  INFO scan_sources: tailwindcss_oxide::scanner: Discovering "C:\\Users\\Isaque\\dezapegao\\prisma\\migrations\\migration_lock.toml"
2026-02-24T18:31:04.654995Z  INFO scan_sources: tailwindcss_oxide::scanner: Discovering "C:\\Users\\Isaque\\dezapegao\\prisma\\schema.prisma"
2026-02-24T18:31:04.655084Z  INFO scan_sources: tailwindcss_oxide::scanner: Discovering "C:\\Users\\Isaque\\dezapegao\\prisma.config.ts"
2026-02-24T18:31:04.655196Z  INFO scan_sources: tailwindcss_oxide::scanner: Discovering "C:\\Users\\Isaque\\dezapegao\\public"
2026-02-24T18:31:04.655360Z  INFO scan_sources: tailwindcss_oxide::scanner: Discovering "C:\\Users\\Isaque\\dezapegao\\public\\file.svg"
2026-02-24T18:31:04.655429Z  INFO scan_sources: tailwindcss_oxide::scanner: Discovering "C:\\Users\\Isaque\\dezapegao\\public\\globe.svg"
2026-02-24T18:31:04.655495Z  INFO scan_sources: tailwindcss_oxide::scanner: Discovering "C:\\Users\\Isaque\\dezapegao\\public\\next.svg"
2026-02-24T18:31:04.655562Z  INFO scan_sources: tailwindcss_oxide::scanner: Discovering "C:\\Users\\Isaque\\dezapegao\\public\\vercel.svg"
2026-02-24T18:31:04.655629Z  INFO scan_sources: tailwindcss_oxide::scanner: Discovering "C:\\Users\\Isaque\\dezapegao\\public\\window.svg"
2026-02-24T18:31:04.655712Z  INFO scan_sources: tailwindcss_oxide::scanner: Discovering "C:\\Users\\Isaque\\dezapegao\\README.md"
2026-02-24T18:31:04.655821Z  INFO scan_sources: tailwindcss_oxide::scanner: Discovering "C:\\Users\\Isaque\\dezapegao\\scripts"
2026-02-24T18:31:04.655983Z  INFO scan_sources: tailwindcss_oxide::scanner: Discovering "C:\\Users\\Isaque\\dezapegao\\scripts\\seed-data.sql"
2026-02-24T18:31:04.656070Z  INFO scan_sources: tailwindcss_oxide::scanner: Discovering "C:\\Users\\Isaque\\dezapegao\\SETUP.md"
2026-02-24T18:31:04.656145Z  INFO scan_sources: tailwindcss_oxide::scanner: Discovering "C:\\Users\\Isaque\\dezapegao\\STATUS.md"
2026-02-24T18:31:04.656257Z  INFO scan_sources: tailwindcss_oxide::scanner: Discovering "C:\\Users\\Isaque\\dezapegao\\supabase"
2026-02-24T18:31:04.656574Z  INFO scan_sources: tailwindcss_oxide::scanner: Discovering "C:\\Users\\Isaque\\dezapegao\\supabase\\config.toml"
2026-02-24T18:31:04.656646Z  INFO scan_sources: tailwindcss_oxide::scanner: Discovering "C:\\Users\\Isaque\\dezapegao\\supabase\\fix_storage.sql"
2026-02-24T18:31:04.656831Z  INFO scan_sources: tailwindcss_oxide::scanner: Discovering "C:\\Users\\Isaque\\dezapegao\\supabase\\migrations"
2026-02-24T18:31:04.657008Z  INFO scan_sources: tailwindcss_oxide::scanner: Discovering "C:\\Users\\Isaque\\dezapegao\\supabase\\migrations\\20241223_001_schema.sql"
2026-02-24T18:31:04.657080Z  INFO scan_sources: tailwindcss_oxide::scanner: Discovering "C:\\Users\\Isaque\\dezapegao\\supabase\\migrations\\20241223_002_rls.sql"
2026-02-24T18:31:04.657152Z  INFO scan_sources: tailwindcss_oxide::scanner: Discovering "C:\\Users\\Isaque\\dezapegao\\supabase\\migrations\\20241223_003_storage.sql"
2026-02-24T18:31:04.657240Z  INFO scan_sources: tailwindcss_oxide::scanner: Discovering "C:\\Users\\Isaque\\dezapegao\\supabase\\reset_db.sql"
2026-02-24T18:31:04.657348Z  INFO scan_sources: tailwindcss_oxide::scanner: Discovering "C:\\Users\\Isaque\\dezapegao\\supabase\\rls_policies.sql"
2026-02-24T18:31:04.657462Z  INFO scan_sources: tailwindcss_oxide::scanner: Discovering "C:\\Users\\Isaque\\dezapegao\\supabase\\schema.sql"
2026-02-24T18:31:04.657545Z  INFO scan_sources: tailwindcss_oxide::scanner: Discovering "C:\\Users\\Isaque\\dezapegao\\supabase\\storage_buckets.sql"
2026-02-24T18:31:04.657657Z  INFO scan_sources: tailwindcss_oxide::scanner: Discovering "C:\\Users\\Isaque\\dezapegao\\tsconfig.json"
2026-02-24T18:31:04.657769Z  INFO scan_sources: tailwindcss_oxide::scanner: Discovering "C:\\Users\\Isaque\\dezapegao\\types"
2026-02-24T18:31:04.657935Z  INFO scan_sources: tailwindcss_oxide::scanner: Discovering "C:\\Users\\Isaque\\dezapegao\\types\\database.ts"
2026-02-24T18:31:04.658067Z  INFO scan_sources: tailwindcss_oxide::scanner: exit
2026-02-24T18:31:04.658078Z  INFO extract_candidates: tailwindcss_oxide::scanner: enter
2026-02-24T18:31:04.658085Z  INFO extract_candidates:read_all_files: tailwindcss_oxide::scanner: enter
2026-02-24T18:31:04.658090Z  INFO extract_candidates:read_all_files: tailwindcss_oxide::scanner: Reading 77 file(s)
2026-02-24T18:31:04.658469Z  INFO tailwindcss_oxide::scanner: Reading "C:\\Users\\Isaque\\dezapegao\\lib\\categories.ts"
2026-02-24T18:31:04.658473Z  INFO tailwindcss_oxide::scanner: Reading "C:\\Users\\Isaque\\dezapegao\\app\\api\\analytics\\route.ts"
2026-02-24T18:31:04.658495Z  INFO tailwindcss_oxide::scanner: Reading "C:\\Users\\Isaque\\dezapegao\\components\\Dashboard\\DashboardModal.tsx"
2026-02-24T18:31:04.658492Z  INFO tailwindcss_oxide::scanner: Reading "C:\\Users\\Isaque\\dezapegao\\app\\api\\user\\listings-count\\route.ts"
2026-02-24T18:31:04.658511Z  INFO tailwindcss_oxide::scanner: Reading "C:\\Users\\Isaque\\dezapegao\\app\\dashboard\\new\\page.tsx"
2026-02-24T18:31:04.658481Z  INFO tailwindcss_oxide::scanner: Reading "C:\\Users\\Isaque\\dezapegao\\app\\layout.tsx"
2026-02-24T18:31:04.658575Z  INFO tailwindcss_oxide::scanner: Reading "C:\\Users\\Isaque\\dezapegao\\components\\User\\AuthModal.tsx"
2026-02-24T18:31:04.658587Z  INFO tailwindcss_oxide::scanner: Reading "C:\\Users\\Isaque\\dezapegao\\lib\\listings-client.ts"
2026-02-24T18:31:04.658611Z  INFO tailwindcss_oxide::scanner: Reading "C:\\Users\\Isaque\\dezapegao\\app\\api\\auth\\signup\\route.ts"
2026-02-24T18:31:04.658612Z  INFO tailwindcss_oxide::scanner: Reading "C:\\Users\\Isaque\\dezapegao\\components\\Dashboard\\EditListingModal.tsx"
2026-02-24T18:31:04.658603Z  INFO tailwindcss_oxide::scanner: Reading "C:\\Users\\Isaque\\dezapegao\\app\\page.tsx"
2026-02-24T18:31:04.658611Z  INFO tailwindcss_oxide::scanner: Reading "C:\\Users\\Isaque\\dezapegao\\app\\auth\\callback\\route.ts"
2026-02-24T18:31:04.658628Z  INFO tailwindcss_oxide::scanner: Reading "C:\\Users\\Isaque\\dezapegao\\app\\dashboard\\page.tsx"
2026-02-24T18:31:04.658628Z  INFO tailwindcss_oxide::scanner: Reading "C:\\Users\\Isaque\\dezapegao\\app\\login\\page.tsx"
2026-02-24T18:31:04.658676Z  INFO tailwindcss_oxide::scanner: Reading "C:\\Users\\Isaque\\dezapegao\\components\\User\\PaymentsModal.tsx"
2026-02-24T18:31:04.658676Z  INFO tailwindcss_oxide::scanner: Reading "C:\\Users\\Isaque\\dezapegao\\lib\\listings.ts"
2026-02-24T18:31:04.658674Z  INFO tailwindcss_oxide::scanner: Reading "C:\\Users\\Isaque\\dezapegao\\app\\api\\listings\\create\\route.ts"
2026-02-24T18:31:04.658691Z  INFO tailwindcss_oxide::scanner: Reading "C:\\Users\\Isaque\\dezapegao\\app\\api\\auth\\[...nextauth]\\route.ts"
2026-02-24T18:31:04.658732Z  INFO tailwindcss_oxide::scanner: Reading "C:\\Users\\Isaque\\dezapegao\\components\\Dashboard\\NewListingModal.tsx"
2026-02-24T18:31:04.658736Z  INFO tailwindcss_oxide::scanner: Reading "C:\\Users\\Isaque\\dezapegao\\components\\Layout\\Header.tsx"
2026-02-24T18:31:04.658734Z  INFO tailwindcss_oxide::scanner: Reading "C:\\Users\\Isaque\\dezapegao\\app\\reset\\page.tsx"
2026-02-24T18:31:04.658740Z  INFO tailwindcss_oxide::scanner: Reading "C:\\Users\\Isaque\\dezapegao\\components\\Feed\\ReelsFeed.tsx"
2026-02-24T18:31:04.658759Z  INFO tailwindcss_oxide::scanner: Reading "C:\\Users\\Isaque\\dezapegao\\app\\explorar\\page.tsx"
2026-02-24T18:31:04.658748Z  INFO tailwindcss_oxide::scanner: Reading "C:\\Users\\Isaque\\dezapegao\\app\\api\\likes\\route.ts"
2026-02-24T18:31:04.658777Z  INFO tailwindcss_oxide::scanner: Reading "C:\\Users\\Isaque\\dezapegao\\app\\api\\listings\\route.ts"
2026-02-24T18:31:04.658779Z  INFO tailwindcss_oxide::scanner: Reading "C:\\Users\\Isaque\\dezapegao\\app\\api\\listings\\[id]\\route.ts"
2026-02-24T18:31:04.658767Z  INFO tailwindcss_oxide::scanner: Reading "C:\\Users\\Isaque\\dezapegao\\components\\User\\SettingsModal.tsx"
2026-02-24T18:31:04.658800Z  INFO tailwindcss_oxide::scanner: Reading "C:\\Users\\Isaque\\dezapegao\\components\\User\\UserMenu.tsx"
2026-02-24T18:31:04.658810Z  INFO tailwindcss_oxide::scanner: Reading "C:\\Users\\Isaque\\dezapegao\\lib\\local-storage.ts"
2026-02-24T18:31:04.658746Z  INFO tailwindcss_oxide::scanner: Reading "C:\\Users\\Isaque\\dezapegao\\components\\Feed\\LikeButton.tsx"
2026-02-24T18:31:04.658830Z  INFO tailwindcss_oxide::scanner: Reading "C:\\Users\\Isaque\\dezapegao\\components\\User\\SubscriptionModal.tsx"
2026-02-24T18:31:04.658836Z  INFO tailwindcss_oxide::scanner: Reading "C:\\Users\\Isaque\\dezapegao\\components\\Providers\\NextAuthProvider.tsx"
2026-02-24T18:31:04.658902Z  INFO tailwindcss_oxide::scanner: Reading "C:\\Users\\Isaque\\dezapegao\\lib\\logger.ts"
2026-02-24T18:31:04.658904Z  INFO tailwindcss_oxide::scanner: Reading "C:\\Users\\Isaque\\dezapegao\\public\\file.svg"
2026-02-24T18:31:04.658897Z  INFO tailwindcss_oxide::scanner: Reading "C:\\Users\\Isaque\\dezapegao\\DESIGN_SYSTEM.md"
2026-02-24T18:31:04.658905Z  INFO tailwindcss_oxide::scanner: Reading "C:\\Users\\Isaque\\dezapegao\\supabase\\fix_storage.sql"
2026-02-24T18:31:04.658929Z  INFO tailwindcss_oxide::scanner: Reading "C:\\Users\\Isaque\\dezapegao\\app\\signup\\page.tsx"
2026-02-24T18:31:04.658935Z  INFO tailwindcss_oxide::scanner: Reading "C:\\Users\\Isaque\\dezapegao\\README.md"
2026-02-24T18:31:04.658927Z  INFO tailwindcss_oxide::scanner: Reading "C:\\Users\\Isaque\\dezapegao\\components\\UI\\Toast.tsx"
2026-02-24T18:31:04.658910Z  INFO tailwindcss_oxide::scanner: Reading "C:\\Users\\Isaque\\dezapegao\\supabase\\rls_policies.sql"
2026-02-24T18:31:04.658959Z  INFO tailwindcss_oxide::scanner: Reading "C:\\Users\\Isaque\\dezapegao\\app\\api\\profile\\update\\route.ts"
2026-02-24T18:31:04.658950Z  INFO tailwindcss_oxide::scanner: Reading "C:\\Users\\Isaque\\dezapegao\\components\\User\\UserAvatar.tsx"
2026-02-24T18:31:04.658997Z  INFO tailwindcss_oxide::scanner: Reading "C:\\Users\\Isaque\\dezapegao\\supabase\\reset_db.sql"
2026-02-24T18:31:04.658944Z  INFO tailwindcss_oxide::scanner: Reading "C:\\Users\\Isaque\\dezapegao\\DEMO_MODE.md"
2026-02-24T18:31:04.659014Z  INFO tailwindcss_oxide::scanner: Reading "C:\\Users\\Isaque\\dezapegao\\supabase\\migrations\\20241223_001_schema.sql"
2026-02-24T18:31:04.659023Z  INFO tailwindcss_oxide::scanner: Reading "C:\\Users\\Isaque\\dezapegao\\scripts\\seed-data.sql"
2026-02-24T18:31:04.659029Z  INFO tailwindcss_oxide::scanner: Reading "C:\\Users\\Isaque\\dezapegao\\app\\api\\upload\\route.ts"
2026-02-24T18:31:04.658991Z  INFO tailwindcss_oxide::scanner: Reading "C:\\Users\\Isaque\\dezapegao\\public\\globe.svg"
2026-02-24T18:31:04.658948Z  INFO tailwindcss_oxide::scanner: Reading "C:\\Users\\Isaque\\dezapegao\\supabase\\migrations\\20241223_002_rls.sql"
2026-02-24T18:31:04.658989Z  INFO tailwindcss_oxide::scanner: Reading "C:\\Users\\Isaque\\dezapegao\\lib\\mock-data.ts"
2026-02-24T18:31:04.659017Z  INFO tailwindcss_oxide::scanner: Reading "C:\\Users\\Isaque\\dezapegao\\public\\next.svg"
2026-02-24T18:31:04.659016Z  INFO tailwindcss_oxide::scanner: Reading "C:\\Users\\Isaque\\dezapegao\\eslint.config.mjs"
2026-02-24T18:31:04.659098Z  INFO tailwindcss_oxide::scanner: Reading "C:\\Users\\Isaque\\dezapegao\\public\\vercel.svg"
2026-02-24T18:31:04.659111Z  INFO tailwindcss_oxide::scanner: Reading "C:\\Users\\Isaque\\dezapegao\\hooks\\useAuth.tsx"
2026-02-24T18:31:04.659111Z  INFO tailwindcss_oxide::scanner: Reading "C:\\Users\\Isaque\\dezapegao\\postcss.config.mjs"
2026-02-24T18:31:04.659039Z  INFO tailwindcss_oxide::scanner: Reading "C:\\Users\\Isaque\\dezapegao\\supabase\\schema.sql"
2026-02-24T18:31:04.659132Z  INFO tailwindcss_oxide::scanner: Reading "C:\\Users\\Isaque\\dezapegao\\middleware.ts"
2026-02-24T18:31:04.659116Z  INFO tailwindcss_oxide::scanner: Reading "C:\\Users\\Isaque\\dezapegao\\STATUS.md"
2026-02-24T18:31:04.659151Z  INFO tailwindcss_oxide::scanner: Reading "C:\\Users\\Isaque\\dezapegao\\tsconfig.json"
2026-02-24T18:31:04.659155Z  INFO tailwindcss_oxide::scanner: Reading "C:\\Users\\Isaque\\dezapegao\\supabase\\storage_buckets.sql"
2026-02-24T18:31:04.659121Z  INFO tailwindcss_oxide::scanner: Reading "C:\\Users\\Isaque\\dezapegao\\lib\\prisma.ts"
2026-02-24T18:31:04.658997Z  INFO tailwindcss_oxide::scanner: Reading "C:\\Users\\Isaque\\dezapegao\\supabase\\migrations\\20241223_003_storage.sql"
2026-02-24T18:31:04.659134Z  INFO tailwindcss_oxide::scanner: Reading "C:\\Users\\Isaque\\dezapegao\\lib\\utils.ts"
2026-02-24T18:31:04.659113Z  INFO tailwindcss_oxide::scanner: Reading "C:\\Users\\Isaque\\dezapegao\\SETUP.md"
2026-02-24T18:31:04.659066Z  INFO tailwindcss_oxide::scanner: Reading "C:\\Users\\Isaque\\dezapegao\\components\\Feed\\StoryCard.tsx"
2026-02-24T18:31:04.659123Z  INFO tailwindcss_oxide::scanner: Reading "C:\\Users\\Isaque\\dezapegao\\lib\\validation.ts"
2026-02-24T18:31:04.659159Z  INFO tailwindcss_oxide::scanner: Reading "C:\\Users\\Isaque\\dezapegao\\types\\database.ts"
2026-02-24T18:31:04.659165Z  INFO tailwindcss_oxide::scanner: Reading "C:\\Users\\Isaque\\dezapegao\\supabase\\config.toml"
2026-02-24T18:31:04.659180Z  INFO tailwindcss_oxide::scanner: Reading "C:\\Users\\Isaque\\dezapegao\\public\\window.svg"
2026-02-24T18:31:04.659253Z  INFO tailwindcss_oxide::scanner: Reading "C:\\Users\\Isaque\\dezapegao\\prisma.config.ts"
2026-02-24T18:31:04.659216Z  INFO tailwindcss_oxide::scanner: Reading "C:\\Users\\Isaque\\dezapegao\\prisma\\migrations\\migration_lock.toml"
2026-02-24T18:31:04.659221Z  INFO tailwindcss_oxide::scanner: Reading "C:\\Users\\Isaque\\dezapegao\\next.config.ts"
2026-02-24T18:31:04.659232Z  INFO tailwindcss_oxide::scanner: Reading "C:\\Users\\Isaque\\dezapegao\\package.json"
2026-02-24T18:31:04.659245Z  INFO tailwindcss_oxide::scanner: Reading "C:\\Users\\Isaque\\dezapegao\\lib\\r2.ts"
2026-02-24T18:31:04.659253Z  INFO tailwindcss_oxide::scanner: Reading "C:\\Users\\Isaque\\dezapegao\\prisma\\schema.prisma"
2026-02-24T18:31:04.659253Z  INFO tailwindcss_oxide::scanner: Reading "C:\\Users\\Isaque\\dezapegao\\lib\\storage.ts"
2026-02-24T18:31:04.659203Z  INFO tailwindcss_oxide::scanner: Reading "C:\\Users\\Isaque\\dezapegao\\prisma\\migrations\\20260223211637_init\\migration.sql"
2026-02-24T18:31:04.659374Z  INFO extract_candidates:read_all_files: tailwindcss_oxide::scanner: exit
2026-02-24T18:31:04.659385Z  INFO extract_candidates:parse_all_blobs: tailwindcss_oxide::scanner: enter
2026-02-24T18:31:04.659391Z  INFO extract_candidates:parse_all_blobs:extract: tailwindcss_oxide::scanner: enter
2026-02-24T18:31:04.661114Z  INFO extract_candidates:parse_all_blobs:extract: tailwindcss_oxide::scanner: exit
2026-02-24T18:31:04.661246Z  INFO extract_candidates:parse_all_blobs: tailwindcss_oxide::scanner: exit
2026-02-24T18:31:04.661253Z  INFO extract_candidates:read_all_files: tailwindcss_oxide::scanner: enter
2026-02-24T18:31:04.661257Z  INFO extract_candidates:read_all_files: tailwindcss_oxide::scanner: Reading 1 file(s)
2026-02-24T18:31:04.661354Z  INFO extract_candidates:read_all_files: tailwindcss_oxide::scanner: Reading "C:\\Users\\Isaque\\dezapegao\\app\\globals.css"
2026-02-24T18:31:04.661364Z  INFO extract_candidates:read_all_files: tailwindcss_oxide::scanner: exit
2026-02-24T18:31:04.661372Z  INFO extract_candidates:extract_css_variables: tailwindcss_oxide::scanner: enter
2026-02-24T18:31:04.661380Z  INFO extract_candidates:extract_css_variables:extract: tailwindcss_oxide::scanner: enter
2026-02-24T18:31:04.661418Z  INFO extract_candidates:extract_css_variables:extract: tailwindcss_oxide::scanner: exit
2026-02-24T18:31:04.661456Z  INFO extract_candidates:extract_css_variables: tailwindcss_oxide::scanner: exit
2026-02-24T18:31:04.662197Z  INFO extract_candidates: tailwindcss_oxide::scanner: exit
2026-02-24T18:31:04.663365Z  INFO get_files: tailwindcss_oxide::scanner: enter
2026-02-24T18:31:04.663376Z  INFO get_files:scan_sources: tailwindcss_oxide::scanner: enter
2026-02-24T18:31:04.665048Z  INFO get_files:scan_sources: tailwindcss_oxide::scanner: Discovering "C:\\Users\\Isaque\\dezapegao\\app"
2026-02-24T18:31:04.665258Z  INFO get_files:scan_sources: tailwindcss_oxide::scanner: Discovering "C:\\Users\\Isaque\\dezapegao\\app\\api"
2026-02-24T18:31:04.665464Z  INFO get_files:scan_sources: tailwindcss_oxide::scanner: Discovering "C:\\Users\\Isaque\\dezapegao\\app\\api\\analytics"
2026-02-24T18:31:04.665734Z  INFO get_files:scan_sources: tailwindcss_oxide::scanner: Discovering "C:\\Users\\Isaque\\dezapegao\\app\\api\\auth"
2026-02-24T18:31:04.665938Z  INFO get_files:scan_sources: tailwindcss_oxide::scanner: Discovering "C:\\Users\\Isaque\\dezapegao\\app\\api\\auth\\signup"
2026-02-24T18:31:04.666197Z  INFO get_files:scan_sources: tailwindcss_oxide::scanner: Discovering "C:\\Users\\Isaque\\dezapegao\\app\\api\\auth\\[...nextauth]"
2026-02-24T18:31:04.666471Z  INFO get_files:scan_sources: tailwindcss_oxide::scanner: Discovering "C:\\Users\\Isaque\\dezapegao\\app\\api\\likes"
2026-02-24T18:31:04.666728Z  INFO get_files:scan_sources: tailwindcss_oxide::scanner: Discovering "C:\\Users\\Isaque\\dezapegao\\app\\api\\listings"
2026-02-24T18:31:04.666932Z  INFO get_files:scan_sources: tailwindcss_oxide::scanner: Discovering "C:\\Users\\Isaque\\dezapegao\\app\\api\\listings\\create"
2026-02-24T18:31:04.667221Z  INFO get_files:scan_sources: tailwindcss_oxide::scanner: Discovering "C:\\Users\\Isaque\\dezapegao\\app\\api\\listings\\[id]"
2026-02-24T18:31:04.667494Z  INFO get_files:scan_sources: tailwindcss_oxide::scanner: Discovering "C:\\Users\\Isaque\\dezapegao\\app\\api\\profile"
2026-02-24T18:31:04.667693Z  INFO get_files:scan_sources: tailwindcss_oxide::scanner: Discovering "C:\\Users\\Isaque\\dezapegao\\app\\api\\profile\\update"
2026-02-24T18:31:04.668038Z  INFO get_files:scan_sources: tailwindcss_oxide::scanner: Discovering "C:\\Users\\Isaque\\dezapegao\\app\\api\\upload"
2026-02-24T18:31:04.668306Z  INFO get_files:scan_sources: tailwindcss_oxide::scanner: Discovering "C:\\Users\\Isaque\\dezapegao\\app\\api\\user"
2026-02-24T18:31:04.668518Z  INFO get_files:scan_sources: tailwindcss_oxide::scanner: Discovering "C:\\Users\\Isaque\\dezapegao\\app\\api\\user\\listings-count"
2026-02-24T18:31:04.668831Z  INFO get_files:scan_sources: tailwindcss_oxide::scanner: Discovering "C:\\Users\\Isaque\\dezapegao\\app\\auth"
2026-02-24T18:31:04.669062Z  INFO get_files:scan_sources: tailwindcss_oxide::scanner: Discovering "C:\\Users\\Isaque\\dezapegao\\app\\auth\\callback"
2026-02-24T18:31:04.669340Z  INFO get_files:scan_sources: tailwindcss_oxide::scanner: Discovering "C:\\Users\\Isaque\\dezapegao\\app\\dashboard"
2026-02-24T18:31:04.669543Z  INFO get_files:scan_sources: tailwindcss_oxide::scanner: Discovering "C:\\Users\\Isaque\\dezapegao\\app\\dashboard\\new"
2026-02-24T18:31:04.669858Z  INFO get_files:scan_sources: tailwindcss_oxide::scanner: Discovering "C:\\Users\\Isaque\\dezapegao\\app\\explorar"
2026-02-24T18:31:04.670189Z  INFO get_files:scan_sources: tailwindcss_oxide::scanner: Discovering "C:\\Users\\Isaque\\dezapegao\\app\\login"
2026-02-24T18:31:04.670481Z  INFO get_files:scan_sources: tailwindcss_oxide::scanner: Discovering "C:\\Users\\Isaque\\dezapegao\\app\\reset"
2026-02-24T18:31:04.670732Z  INFO get_files:scan_sources: tailwindcss_oxide::scanner: Discovering "C:\\Users\\Isaque\\dezapegao\\app\\signup"
2026-02-24T18:31:04.671011Z  INFO get_files:scan_sources: tailwindcss_oxide::scanner: Discovering "C:\\Users\\Isaque\\dezapegao\\components"
2026-02-24T18:31:04.671343Z  INFO get_files:scan_sources: tailwindcss_oxide::scanner: Discovering "C:\\Users\\Isaque\\dezapegao\\components\\Dashboard"
2026-02-24T18:31:04.671706Z  INFO get_files:scan_sources: tailwindcss_oxide::scanner: Discovering "C:\\Users\\Isaque\\dezapegao\\components\\Feed"
2026-02-24T18:31:04.672252Z  INFO get_files:scan_sources: tailwindcss_oxide::scanner: Discovering "C:\\Users\\Isaque\\dezapegao\\components\\Layout"
2026-02-24T18:31:04.672513Z  INFO get_files:scan_sources: tailwindcss_oxide::scanner: Discovering "C:\\Users\\Isaque\\dezapegao\\components\\Providers"
2026-02-24T18:31:04.672908Z  INFO get_files:scan_sources: tailwindcss_oxide::scanner: Discovering "C:\\Users\\Isaque\\dezapegao\\components\\UI"
2026-02-24T18:31:04.673170Z  INFO get_files:scan_sources: tailwindcss_oxide::scanner: Discovering "C:\\Users\\Isaque\\dezapegao\\components\\User"
2026-02-24T18:31:04.673724Z  INFO get_files:scan_sources: tailwindcss_oxide::scanner: Discovering "C:\\Users\\Isaque\\dezapegao\\hooks"
2026-02-24T18:31:04.673983Z  INFO get_files:scan_sources: tailwindcss_oxide::scanner: Discovering "C:\\Users\\Isaque\\dezapegao\\lib"
2026-02-24T18:31:04.674914Z  INFO get_files:scan_sources: tailwindcss_oxide::scanner: Discovering "C:\\Users\\Isaque\\dezapegao\\prisma"
2026-02-24T18:31:04.675115Z  INFO get_files:scan_sources: tailwindcss_oxide::scanner: Discovering "C:\\Users\\Isaque\\dezapegao\\prisma\\migrations"
2026-02-24T18:31:04.675317Z  INFO get_files:scan_sources: tailwindcss_oxide::scanner: Discovering "C:\\Users\\Isaque\\dezapegao\\prisma\\migrations\\20260223211637_init"
2026-02-24T18:31:04.675714Z  INFO get_files:scan_sources: tailwindcss_oxide::scanner: Discovering "C:\\Users\\Isaque\\dezapegao\\public"
2026-02-24T18:31:04.676134Z  INFO get_files:scan_sources: tailwindcss_oxide::scanner: Discovering "C:\\Users\\Isaque\\dezapegao\\scripts"
2026-02-24T18:31:04.676454Z  INFO get_files:scan_sources: tailwindcss_oxide::scanner: Discovering "C:\\Users\\Isaque\\dezapegao\\supabase"
2026-02-24T18:31:04.676860Z  INFO get_files:scan_sources: tailwindcss_oxide::scanner: Discovering "C:\\Users\\Isaque\\dezapegao\\supabase\\migrations"
2026-02-24T18:31:04.677393Z  INFO get_files:scan_sources: tailwindcss_oxide::scanner: Discovering "C:\\Users\\Isaque\\dezapegao\\types"
2026-02-24T18:31:04.677707Z  INFO get_files:scan_sources: tailwindcss_oxide::scanner: exit
2026-02-24T18:31:04.677801Z  INFO get_files: tailwindcss_oxide::scanner: exit
2026-02-24T18:31:04.678611Z  INFO get_globs: tailwindcss_oxide::scanner: enter
2026-02-24T18:31:04.678622Z  INFO get_globs:scan_sources: tailwindcss_oxide::scanner: enter
2026-02-24T18:31:04.680755Z  INFO get_globs:scan_sources: tailwindcss_oxide::scanner: Discovering "C:\\Users\\Isaque\\dezapegao\\app"
2026-02-24T18:31:04.681072Z  INFO get_globs:scan_sources: tailwindcss_oxide::scanner: Discovering "C:\\Users\\Isaque\\dezapegao\\app\\api"
2026-02-24T18:31:04.681377Z  INFO get_globs:scan_sources: tailwindcss_oxide::scanner: Discovering "C:\\Users\\Isaque\\dezapegao\\app\\api\\analytics"
2026-02-24T18:31:04.681779Z  INFO get_globs:scan_sources: tailwindcss_oxide::scanner: Discovering "C:\\Users\\Isaque\\dezapegao\\app\\api\\auth"
2026-02-24T18:31:04.682094Z  INFO get_globs:scan_sources: tailwindcss_oxide::scanner: Discovering "C:\\Users\\Isaque\\dezapegao\\app\\api\\auth\\signup"
2026-02-24T18:31:04.682472Z  INFO get_globs:scan_sources: tailwindcss_oxide::scanner: Discovering "C:\\Users\\Isaque\\dezapegao\\app\\api\\auth\\[...nextauth]"
2026-02-24T18:31:04.682873Z  INFO get_globs:scan_sources: tailwindcss_oxide::scanner: Discovering "C:\\Users\\Isaque\\dezapegao\\app\\api\\likes"
2026-02-24T18:31:04.683246Z  INFO get_globs:scan_sources: tailwindcss_oxide::scanner: Discovering "C:\\Users\\Isaque\\dezapegao\\app\\api\\listings"
2026-02-24T18:31:04.683544Z  INFO get_globs:scan_sources: tailwindcss_oxide::scanner: Discovering "C:\\Users\\Isaque\\dezapegao\\app\\api\\listings\\create"
2026-02-24T18:31:04.683969Z  INFO get_globs:scan_sources: tailwindcss_oxide::scanner: Discovering "C:\\Users\\Isaque\\dezapegao\\app\\api\\listings\\[id]"
2026-02-24T18:31:04.684371Z  INFO get_globs:scan_sources: tailwindcss_oxide::scanner: Discovering "C:\\Users\\Isaque\\dezapegao\\app\\api\\profile"
2026-02-24T18:31:04.684672Z  INFO get_globs:scan_sources: tailwindcss_oxide::scanner: Discovering "C:\\Users\\Isaque\\dezapegao\\app\\api\\profile\\update"
2026-02-24T18:31:04.685067Z  INFO get_globs:scan_sources: tailwindcss_oxide::scanner: Discovering "C:\\Users\\Isaque\\dezapegao\\app\\api\\upload"
2026-02-24T18:31:04.685550Z  INFO get_globs:scan_sources: tailwindcss_oxide::scanner: Discovering "C:\\Users\\Isaque\\dezapegao\\app\\api\\user"
2026-02-24T18:31:04.685849Z  INFO get_globs:scan_sources: tailwindcss_oxide::scanner: Discovering "C:\\Users\\Isaque\\dezapegao\\app\\api\\user\\listings-count"
2026-02-24T18:31:04.686380Z  INFO get_globs:scan_sources: tailwindcss_oxide::scanner: Discovering "C:\\Users\\Isaque\\dezapegao\\app\\auth"
2026-02-24T18:31:04.686675Z  INFO get_globs:scan_sources: tailwindcss_oxide::scanner: Discovering "C:\\Users\\Isaque\\dezapegao\\app\\auth\\callback"
2026-02-24T18:31:04.687072Z  INFO get_globs:scan_sources: tailwindcss_oxide::scanner: Discovering "C:\\Users\\Isaque\\dezapegao\\app\\dashboard"
2026-02-24T18:31:04.687369Z  INFO get_globs:scan_sources: tailwindcss_oxide::scanner: Discovering "C:\\Users\\Isaque\\dezapegao\\app\\dashboard\\new"
2026-02-24T18:31:04.687822Z  INFO get_globs:scan_sources: tailwindcss_oxide::scanner: Discovering "C:\\Users\\Isaque\\dezapegao\\app\\explorar"
2026-02-24T18:31:04.688308Z  INFO get_globs:scan_sources: tailwindcss_oxide::scanner: Discovering "C:\\Users\\Isaque\\dezapegao\\app\\login"
2026-02-24T18:31:04.688729Z  INFO get_globs:scan_sources: tailwindcss_oxide::scanner: Discovering "C:\\Users\\Isaque\\dezapegao\\app\\reset"
2026-02-24T18:31:04.689098Z  INFO get_globs:scan_sources: tailwindcss_oxide::scanner: Discovering "C:\\Users\\Isaque\\dezapegao\\app\\signup"
2026-02-24T18:31:04.689482Z  INFO get_globs:scan_sources: tailwindcss_oxide::scanner: Discovering "C:\\Users\\Isaque\\dezapegao\\components"
2026-02-24T18:31:04.689779Z  INFO get_globs:scan_sources: tailwindcss_oxide::scanner: Discovering "C:\\Users\\Isaque\\dezapegao\\components\\Dashboard"
2026-02-24T18:31:04.690255Z  INFO get_globs:scan_sources: tailwindcss_oxide::scanner: Discovering "C:\\Users\\Isaque\\dezapegao\\components\\Feed"
2026-02-24T18:31:04.690746Z  INFO get_globs:scan_sources: tailwindcss_oxide::scanner: Discovering "C:\\Users\\Isaque\\dezapegao\\components\\Layout"
2026-02-24T18:31:04.691112Z  INFO get_globs:scan_sources: tailwindcss_oxide::scanner: Discovering "C:\\Users\\Isaque\\dezapegao\\components\\Providers"
2026-02-24T18:31:04.691380Z  INFO get_globs:scan_sources: tailwindcss_oxide::scanner: Discovering "C:\\Users\\Isaque\\dezapegao\\components\\UI"
2026-02-24T18:31:04.691643Z  INFO get_globs:scan_sources: tailwindcss_oxide::scanner: Discovering "C:\\Users\\Isaque\\dezapegao\\components\\User"
2026-02-24T18:31:04.692207Z  INFO get_globs:scan_sources: tailwindcss_oxide::scanner: Discovering "C:\\Users\\Isaque\\dezapegao\\hooks"
2026-02-24T18:31:04.692474Z  INFO get_globs:scan_sources: tailwindcss_oxide::scanner: Discovering "C:\\Users\\Isaque\\dezapegao\\lib"
2026-02-24T18:31:04.693457Z  INFO get_globs:scan_sources: tailwindcss_oxide::scanner: Discovering "C:\\Users\\Isaque\\dezapegao\\prisma"
2026-02-24T18:31:04.693665Z  INFO get_globs:scan_sources: tailwindcss_oxide::scanner: Discovering "C:\\Users\\Isaque\\dezapegao\\prisma\\migrations"
2026-02-24T18:31:04.693875Z  INFO get_globs:scan_sources: tailwindcss_oxide::scanner: Discovering "C:\\Users\\Isaque\\dezapegao\\prisma\\migrations\\20260223211637_init"
2026-02-24T18:31:04.694286Z  INFO get_globs:scan_sources: tailwindcss_oxide::scanner: Discovering "C:\\Users\\Isaque\\dezapegao\\public"
2026-02-24T18:31:04.694717Z  INFO get_globs:scan_sources: tailwindcss_oxide::scanner: Discovering "C:\\Users\\Isaque\\dezapegao\\scripts"
2026-02-24T18:31:04.695049Z  INFO get_globs:scan_sources: tailwindcss_oxide::scanner: Discovering "C:\\Users\\Isaque\\dezapegao\\supabase"
2026-02-24T18:31:04.695464Z  INFO get_globs:scan_sources: tailwindcss_oxide::scanner: Discovering "C:\\Users\\Isaque\\dezapegao\\supabase\\migrations"
2026-02-24T18:31:04.696003Z  INFO get_globs:scan_sources: tailwindcss_oxide::scanner: Discovering "C:\\Users\\Isaque\\dezapegao\\types"
2026-02-24T18:31:04.696230Z  INFO get_globs:scan_sources: tailwindcss_oxide::scanner: exit
2026-02-24T18:31:04.704166Z  INFO get_globs: tailwindcss_oxide::scanner: exit
