2026-02-24T18:28:41.193748Z  INFO tailwindcss_oxide::scanner: Provided sources:
2026-02-24T18:28:41.195478Z  INFO tailwindcss_oxide::scanner: Source: PublicSourceEntry { base: "C:\\Users\\Isaque\\dezapegao", pattern: "**/*", negated: false }
2026-02-24T18:28:41.196680Z  INFO tailwindcss_oxide::scanner: Optimized sources:
2026-02-24T18:28:41.196694Z  INFO tailwindcss_oxide::scanner: Source: Auto { base: "C:\\Users\\Isaque\\dezapegao" }
2026-02-24T18:28:41.198389Z  INFO scan_sources: tailwindcss_oxide::scanner: enter
2026-02-24T18:28:41.199933Z  INFO scan_sources: tailwindcss_oxide::scanner: Discovering "C:\\Users\\Isaque\\dezapegao\\app"
2026-02-24T18:28:41.200235Z  INFO scan_sources: tailwindcss_oxide::scanner: Discovering "C:\\Users\\Isaque\\dezapegao\\app\\api"
2026-02-24T18:28:41.200444Z  INFO scan_sources: tailwindcss_oxide::scanner: Discovering "C:\\Users\\Isaque\\dezapegao\\app\\api\\analytics"
2026-02-24T18:28:41.200612Z  INFO scan_sources: tailwindcss_oxide::scanner: Discovering "C:\\Users\\Isaque\\dezapegao\\app\\api\\analytics\\route.ts"
2026-02-24T18:28:41.200746Z  INFO scan_sources: tailwindcss_oxide::scanner: Discovering "C:\\Users\\Isaque\\dezapegao\\app\\api\\auth"
2026-02-24T18:28:41.200948Z  INFO scan_sources: tailwindcss_oxide::scanner: Discovering "C:\\Users\\Isaque\\dezapegao\\app\\api\\auth\\signup"
2026-02-24T18:28:41.201108Z  INFO scan_sources: tailwindcss_oxide::scanner: Discovering "C:\\Users\\Isaque\\dezapegao\\app\\api\\auth\\signup\\route.ts"
2026-02-24T18:28:41.201236Z  INFO scan_sources: tailwindcss_oxide::scanner: Discovering "C:\\Users\\Isaque\\dezapegao\\app\\api\\auth\\[...nextauth]"
2026-02-24T18:28:41.201398Z  INFO scan_sources: tailwindcss_oxide::scanner: Discovering "C:\\Users\\Isaque\\dezapegao\\app\\api\\auth\\[...nextauth]\\route.ts"
2026-02-24T18:28:41.201541Z  INFO scan_sources: tailwindcss_oxide::scanner: Discovering "C:\\Users\\Isaque\\dezapegao\\app\\api\\likes"
2026-02-24T18:28:41.201702Z  INFO scan_sources: tailwindcss_oxide::scanner: Discovering "C:\\Users\\Isaque\\dezapegao\\app\\api\\likes\\route.ts"
2026-02-24T18:28:41.201828Z  INFO scan_sources: tailwindcss_oxide::scanner: Discovering "C:\\Users\\Isaque\\dezapegao\\app\\api\\listings"
2026-02-24T18:28:41.202027Z  INFO scan_sources: tailwindcss_oxide::scanner: Discovering "C:\\Users\\Isaque\\dezapegao\\app\\api\\listings\\create"
2026-02-24T18:28:41.202187Z  INFO scan_sources: tailwindcss_oxide::scanner: Discovering "C:\\Users\\Isaque\\dezapegao\\app\\api\\listings\\create\\route.ts"
2026-02-24T18:28:41.202272Z  INFO scan_sources: tailwindcss_oxide::scanner: Discovering "C:\\Users\\Isaque\\dezapegao\\app\\api\\listings\\route.ts"
2026-02-24T18:28:41.202380Z  INFO scan_sources: tailwindcss_oxide::scanner: Discovering "C:\\Users\\Isaque\\dezapegao\\app\\api\\listings\\[id]"
2026-02-24T18:28:41.202539Z  INFO scan_sources: tailwindcss_oxide::scanner: Discovering "C:\\Users\\Isaque\\dezapegao\\app\\api\\listings\\[id]\\route.ts"
2026-02-24T18:28:41.202681Z  INFO scan_sources: tailwindcss_oxide::scanner: Discovering "C:\\Users\\Isaque\\dezapegao\\app\\api\\profile"
2026-02-24T18:28:41.202880Z  INFO scan_sources: tailwindcss_oxide::scanner: Discovering "C:\\Users\\Isaque\\dezapegao\\app\\api\\profile\\update"
2026-02-24T18:28:41.203040Z  INFO scan_sources: tailwindcss_oxide::scanner: Discovering "C:\\Users\\Isaque\\dezapegao\\app\\api\\profile\\update\\route.ts"
2026-02-24T18:28:41.203179Z  INFO scan_sources: tailwindcss_oxide::scanner: Discovering "C:\\Users\\Isaque\\dezapegao\\app\\api\\upload"
2026-02-24T18:28:41.203334Z  INFO scan_sources: tailwindcss_oxide::scanner: Discovering "C:\\Users\\Isaque\\dezapegao\\app\\api\\upload\\route.ts"
2026-02-24T18:28:41.203460Z  INFO scan_sources: tailwindcss_oxide::scanner: Discovering "C:\\Users\\Isaque\\dezapegao\\app\\api\\user"
2026-02-24T18:28:41.203657Z  INFO scan_sources: tailwindcss_oxide::scanner: Discovering "C:\\Users\\Isaque\\dezapegao\\app\\api\\user\\listings-count"
2026-02-24T18:28:41.203816Z  INFO scan_sources: tailwindcss_oxide::scanner: Discovering "C:\\Users\\Isaque\\dezapegao\\app\\api\\user\\listings-count\\route.ts"
2026-02-24T18:28:41.204004Z  INFO scan_sources: tailwindcss_oxide::scanner: Discovering "C:\\Users\\Isaque\\dezapegao\\app\\auth"
2026-02-24T18:28:41.204203Z  INFO scan_sources: tailwindcss_oxide::scanner: Discovering "C:\\Users\\Isaque\\dezapegao\\app\\auth\\callback"
2026-02-24T18:28:41.204359Z  INFO scan_sources: tailwindcss_oxide::scanner: Discovering "C:\\Users\\Isaque\\dezapegao\\app\\auth\\callback\\route.ts"
2026-02-24T18:28:41.204499Z  INFO scan_sources: tailwindcss_oxide::scanner: Discovering "C:\\Users\\Isaque\\dezapegao\\app\\dashboard"
2026-02-24T18:28:41.204699Z  INFO scan_sources: tailwindcss_oxide::scanner: Discovering "C:\\Users\\Isaque\\dezapegao\\app\\dashboard\\new"
2026-02-24T18:28:41.204863Z  INFO scan_sources: tailwindcss_oxide::scanner: Discovering "C:\\Users\\Isaque\\dezapegao\\app\\dashboard\\new\\page.tsx"
2026-02-24T18:28:41.204948Z  INFO scan_sources: tailwindcss_oxide::scanner: Discovering "C:\\Users\\Isaque\\dezapegao\\app\\dashboard\\page.tsx"
2026-02-24T18:28:41.205071Z  INFO scan_sources: tailwindcss_oxide::scanner: Discovering "C:\\Users\\Isaque\\dezapegao\\app\\explorar"
2026-02-24T18:28:41.205239Z  INFO scan_sources: tailwindcss_oxide::scanner: Discovering "C:\\Users\\Isaque\\dezapegao\\app\\explorar\\page.tsx"
2026-02-24T18:28:41.205338Z  INFO scan_sources: tailwindcss_oxide::scanner: Discovering "C:\\Users\\Isaque\\dezapegao\\app\\globals.css"
2026-02-24T18:28:41.205461Z  INFO scan_sources: tailwindcss_oxide::scanner: Discovering "C:\\Users\\Isaque\\dezapegao\\app\\layout.tsx"
2026-02-24T18:28:41.205580Z  INFO scan_sources: tailwindcss_oxide::scanner: Discovering "C:\\Users\\Isaque\\dezapegao\\app\\login"
2026-02-24T18:28:41.205751Z  INFO scan_sources: tailwindcss_oxide::scanner: Discovering "C:\\Users\\Isaque\\dezapegao\\app\\login\\page.tsx"
2026-02-24T18:28:41.205840Z  INFO scan_sources: tailwindcss_oxide::scanner: Discovering "C:\\Users\\Isaque\\dezapegao\\app\\page.tsx"
2026-02-24T18:28:41.205954Z  INFO scan_sources: tailwindcss_oxide::scanner: Discovering "C:\\Users\\Isaque\\dezapegao\\app\\reset"
2026-02-24T18:28:41.206116Z  INFO scan_sources: tailwindcss_oxide::scanner: Discovering "C:\\Users\\Isaque\\dezapegao\\app\\reset\\page.tsx"
2026-02-24T18:28:41.206242Z  INFO scan_sources: tailwindcss_oxide::scanner: Discovering "C:\\Users\\Isaque\\dezapegao\\app\\signup"
2026-02-24T18:28:41.206402Z  INFO scan_sources: tailwindcss_oxide::scanner: Discovering "C:\\Users\\Isaque\\dezapegao\\app\\signup\\page.tsx"
2026-02-24T18:28:41.206547Z  INFO scan_sources: tailwindcss_oxide::scanner: Discovering "C:\\Users\\Isaque\\dezapegao\\components"
2026-02-24T18:28:41.206752Z  INFO scan_sources: tailwindcss_oxide::scanner: Discovering "C:\\Users\\Isaque\\dezapegao\\components\\Dashboard"
2026-02-24T18:28:41.206922Z  INFO scan_sources: tailwindcss_oxide::scanner: Discovering "C:\\Users\\Isaque\\dezapegao\\components\\Dashboard\\DashboardModal.tsx"
2026-02-24T18:28:41.206992Z  INFO scan_sources: tailwindcss_oxide::scanner: Discovering "C:\\Users\\Isaque\\dezapegao\\components\\Dashboard\\EditListingModal.tsx"
2026-02-24T18:28:41.207061Z  INFO scan_sources: tailwindcss_oxide::scanner: Discovering "C:\\Users\\Isaque\\dezapegao\\components\\Dashboard\\NewListingModal.tsx"
2026-02-24T18:28:41.207190Z  INFO scan_sources: tailwindcss_oxide::scanner: Discovering "C:\\Users\\Isaque\\dezapegao\\components\\Feed"
2026-02-24T18:28:41.207356Z  INFO scan_sources: tailwindcss_oxide::scanner: Discovering "C:\\Users\\Isaque\\dezapegao\\components\\Feed\\LikeButton.tsx"
2026-02-24T18:28:41.207424Z  INFO scan_sources: tailwindcss_oxide::scanner: Discovering "C:\\Users\\Isaque\\dezapegao\\components\\Feed\\ReelsFeed.tsx"
2026-02-24T18:28:41.207491Z  INFO scan_sources: tailwindcss_oxide::scanner: Discovering "C:\\Users\\Isaque\\dezapegao\\components\\Feed\\StoryCard.tsx"
2026-02-24T18:28:41.207617Z  INFO scan_sources: tailwindcss_oxide::scanner: Discovering "C:\\Users\\Isaque\\dezapegao\\components\\Layout"
2026-02-24T18:28:41.207787Z  INFO scan_sources: tailwindcss_oxide::scanner: Discovering "C:\\Users\\Isaque\\dezapegao\\components\\Layout\\Header.tsx"
2026-02-24T18:28:41.207949Z  INFO scan_sources: tailwindcss_oxide::scanner: Discovering "C:\\Users\\Isaque\\dezapegao\\components\\Providers"
2026-02-24T18:28:41.208116Z  INFO scan_sources: tailwindcss_oxide::scanner: Discovering "C:\\Users\\Isaque\\dezapegao\\components\\Providers\\NextAuthProvider.tsx"
2026-02-24T18:28:41.208245Z  INFO scan_sources: tailwindcss_oxide::scanner: Discovering "C:\\Users\\Isaque\\dezapegao\\components\\UI"
2026-02-24T18:28:41.208408Z  INFO scan_sources: tailwindcss_oxide::scanner: Discovering "C:\\Users\\Isaque\\dezapegao\\components\\UI\\Toast.tsx"
2026-02-24T18:28:41.208540Z  INFO scan_sources: tailwindcss_oxide::scanner: Discovering "C:\\Users\\Isaque\\dezapegao\\components\\User"
2026-02-24T18:28:41.208707Z  INFO scan_sources: tailwindcss_oxide::scanner: Discovering "C:\\Users\\Isaque\\dezapegao\\components\\User\\AuthModal.tsx"
2026-02-24T18:28:41.208775Z  INFO scan_sources: tailwindcss_oxide::scanner: Discovering "C:\\Users\\Isaque\\dezapegao\\components\\User\\PaymentsModal.tsx"
2026-02-24T18:28:41.208842Z  INFO scan_sources: tailwindcss_oxide::scanner: Discovering "C:\\Users\\Isaque\\dezapegao\\components\\User\\SettingsModal.tsx"
2026-02-24T18:28:41.208910Z  INFO scan_sources: tailwindcss_oxide::scanner: Discovering "C:\\Users\\Isaque\\dezapegao\\components\\User\\SubscriptionModal.tsx"
2026-02-24T18:28:41.208980Z  INFO scan_sources: tailwindcss_oxide::scanner: Discovering "C:\\Users\\Isaque\\dezapegao\\components\\User\\UserAvatar.tsx"
2026-02-24T18:28:41.209048Z  INFO scan_sources: tailwindcss_oxide::scanner: Discovering "C:\\Users\\Isaque\\dezapegao\\components\\User\\UserMenu.tsx"
2026-02-24T18:28:41.209163Z  INFO scan_sources: tailwindcss_oxide::scanner: Discovering "C:\\Users\\Isaque\\dezapegao\\DEMO_MODE.md"
2026-02-24T18:28:41.209236Z  INFO scan_sources: tailwindcss_oxide::scanner: Discovering "C:\\Users\\Isaque\\dezapegao\\DESIGN_SYSTEM.md"
2026-02-24T18:28:41.209312Z  INFO scan_sources: tailwindcss_oxide::scanner: Discovering "C:\\Users\\Isaque\\dezapegao\\eslint.config.mjs"
2026-02-24T18:28:41.209424Z  INFO scan_sources: tailwindcss_oxide::scanner: Discovering "C:\\Users\\Isaque\\dezapegao\\hooks"
2026-02-24T18:28:41.209585Z  INFO scan_sources: tailwindcss_oxide::scanner: Discovering "C:\\Users\\Isaque\\dezapegao\\hooks\\useAuth.tsx"
2026-02-24T18:28:41.209711Z  INFO scan_sources: tailwindcss_oxide::scanner: Discovering "C:\\Users\\Isaque\\dezapegao\\lib"
2026-02-24T18:28:41.209881Z  INFO scan_sources: tailwindcss_oxide::scanner: Discovering "C:\\Users\\Isaque\\dezapegao\\lib\\categories.ts"
2026-02-24T18:28:41.209949Z  INFO scan_sources: tailwindcss_oxide::scanner: Discovering "C:\\Users\\Isaque\\dezapegao\\lib\\listings-client.ts"
2026-02-24T18:28:41.210016Z  INFO scan_sources: tailwindcss_oxide::scanner: Discovering "C:\\Users\\Isaque\\dezapegao\\lib\\listings.ts"
2026-02-24T18:28:41.210090Z  INFO scan_sources: tailwindcss_oxide::scanner: Discovering "C:\\Users\\Isaque\\dezapegao\\lib\\local-storage.ts"
2026-02-24T18:28:41.210157Z  INFO scan_sources: tailwindcss_oxide::scanner: Discovering "C:\\Users\\Isaque\\dezapegao\\lib\\logger.ts"
2026-02-24T18:28:41.210230Z  INFO scan_sources: tailwindcss_oxide::scanner: Discovering "C:\\Users\\Isaque\\dezapegao\\lib\\mock-data.ts"
2026-02-24T18:28:41.210296Z  INFO scan_sources: tailwindcss_oxide::scanner: Discovering "C:\\Users\\Isaque\\dezapegao\\lib\\prisma.ts"
2026-02-24T18:28:41.210362Z  INFO scan_sources: tailwindcss_oxide::scanner: Discovering "C:\\Users\\Isaque\\dezapegao\\lib\\r2.ts"
2026-02-24T18:28:41.210429Z  INFO scan_sources: tailwindcss_oxide::scanner: Discovering "C:\\Users\\Isaque\\dezapegao\\lib\\storage.ts"
2026-02-24T18:28:41.210493Z  INFO scan_sources: tailwindcss_oxide::scanner: Discovering "C:\\Users\\Isaque\\dezapegao\\lib\\utils.ts"
2026-02-24T18:28:41.210564Z  INFO scan_sources: tailwindcss_oxide::scanner: Discovering "C:\\Users\\Isaque\\dezapegao\\lib\\validation.ts"
2026-02-24T18:28:41.210649Z  INFO scan_sources: tailwindcss_oxide::scanner: Discovering "C:\\Users\\Isaque\\dezapegao\\middleware.ts"
2026-02-24T18:28:41.210724Z  INFO scan_sources: tailwindcss_oxide::scanner: Discovering "C:\\Users\\Isaque\\dezapegao\\next.config.ts"
2026-02-24T18:28:41.210982Z  INFO scan_sources: tailwindcss_oxide::scanner: Discovering "C:\\Users\\Isaque\\dezapegao\\package.json"
2026-02-24T18:28:41.211051Z  INFO scan_sources: tailwindcss_oxide::scanner: Discovering "C:\\Users\\Isaque\\dezapegao\\postcss.config.mjs"
2026-02-24T18:28:41.211161Z  INFO scan_sources: tailwindcss_oxide::scanner: Discovering "C:\\Users\\Isaque\\dezapegao\\prisma"
2026-02-24T18:28:41.211371Z  INFO scan_sources: tailwindcss_oxide::scanner: Discovering "C:\\Users\\Isaque\\dezapegao\\prisma\\migrations"
2026-02-24T18:28:41.211577Z  INFO scan_sources: tailwindcss_oxide::scanner: Discovering "C:\\Users\\Isaque\\dezapegao\\prisma\\migrations\\20260223211637_init"
2026-02-24T18:28:41.211758Z  INFO scan_sources: tailwindcss_oxide::scanner: Discovering "C:\\Users\\Isaque\\dezapegao\\prisma\\migrations\\20260223211637_init\\migration.sql"
2026-02-24T18:28:41.211856Z  INFO scan_sources: tailwindcss_oxide::scanner: Discovering "C:\\Users\\Isaque\\dezapegao\\prisma\\migrations\\migration_lock.toml"
2026-02-24T18:28:41.211958Z  INFO scan_sources: tailwindcss_oxide::scanner: Discovering "C:\\Users\\Isaque\\dezapegao\\prisma\\schema.prisma"
2026-02-24T18:28:41.212050Z  INFO scan_sources: tailwindcss_oxide::scanner: Discovering "C:\\Users\\Isaque\\dezapegao\\prisma.config.ts"
2026-02-24T18:28:41.212160Z  INFO scan_sources: tailwindcss_oxide::scanner: Discovering "C:\\Users\\Isaque\\dezapegao\\public"
2026-02-24T18:28:41.212328Z  INFO scan_sources: tailwindcss_oxide::scanner: Discovering "C:\\Users\\Isaque\\dezapegao\\public\\file.svg"
2026-02-24T18:28:41.212441Z  INFO scan_sources: tailwindcss_oxide::scanner: Discovering "C:\\Users\\Isaque\\dezapegao\\public\\globe.svg"
2026-02-24T18:28:41.212550Z  INFO scan_sources: tailwindcss_oxide::scanner: Discovering "C:\\Users\\Isaque\\dezapegao\\public\\next.svg"
2026-02-24T18:28:41.212656Z  INFO scan_sources: tailwindcss_oxide::scanner: Discovering "C:\\Users\\Isaque\\dezapegao\\public\\vercel.svg"
2026-02-24T18:28:41.212762Z  INFO scan_sources: tailwindcss_oxide::scanner: Discovering "C:\\Users\\Isaque\\dezapegao\\public\\window.svg"
2026-02-24T18:28:41.212892Z  INFO scan_sources: tailwindcss_oxide::scanner: Discovering "C:\\Users\\Isaque\\dezapegao\\README.md"
2026-02-24T18:28:41.213055Z  INFO scan_sources: tailwindcss_oxide::scanner: Discovering "C:\\Users\\Isaque\\dezapegao\\scripts"
2026-02-24T18:28:41.213301Z  INFO scan_sources: tailwindcss_oxide::scanner: Discovering "C:\\Users\\Isaque\\dezapegao\\scripts\\seed-data.sql"
2026-02-24T18:28:41.213436Z  INFO scan_sources: tailwindcss_oxide::scanner: Discovering "C:\\Users\\Isaque\\dezapegao\\SETUP.md"
2026-02-24T18:28:41.213544Z  INFO scan_sources: tailwindcss_oxide::scanner: Discovering "C:\\Users\\Isaque\\dezapegao\\STATUS.md"
2026-02-24T18:28:41.213693Z  INFO scan_sources: tailwindcss_oxide::scanner: Discovering "C:\\Users\\Isaque\\dezapegao\\supabase"
2026-02-24T18:28:41.214139Z  INFO scan_sources: tailwindcss_oxide::scanner: Discovering "C:\\Users\\Isaque\\dezapegao\\supabase\\config.toml"
2026-02-24T18:28:41.214249Z  INFO scan_sources: tailwindcss_oxide::scanner: Discovering "C:\\Users\\Isaque\\dezapegao\\supabase\\fix_storage.sql"
2026-02-24T18:28:41.214404Z  INFO scan_sources: tailwindcss_oxide::scanner: Discovering "C:\\Users\\Isaque\\dezapegao\\supabase\\migrations"
2026-02-24T18:28:41.214647Z  INFO scan_sources: tailwindcss_oxide::scanner: Discovering "C:\\Users\\Isaque\\dezapegao\\supabase\\migrations\\20241223_001_schema.sql"
2026-02-24T18:28:41.214757Z  INFO scan_sources: tailwindcss_oxide::scanner: Discovering "C:\\Users\\Isaque\\dezapegao\\supabase\\migrations\\20241223_002_rls.sql"
2026-02-24T18:28:41.214865Z  INFO scan_sources: tailwindcss_oxide::scanner: Discovering "C:\\Users\\Isaque\\dezapegao\\supabase\\migrations\\20241223_003_storage.sql"
2026-02-24T18:28:41.214995Z  INFO scan_sources: tailwindcss_oxide::scanner: Discovering "C:\\Users\\Isaque\\dezapegao\\supabase\\reset_db.sql"
2026-02-24T18:28:41.215140Z  INFO scan_sources: tailwindcss_oxide::scanner: Discovering "C:\\Users\\Isaque\\dezapegao\\supabase\\rls_policies.sql"
2026-02-24T18:28:41.215241Z  INFO scan_sources: tailwindcss_oxide::scanner: Discovering "C:\\Users\\Isaque\\dezapegao\\supabase\\schema.sql"
2026-02-24T18:28:41.215346Z  INFO scan_sources: tailwindcss_oxide::scanner: Discovering "C:\\Users\\Isaque\\dezapegao\\supabase\\storage_buckets.sql"
2026-02-24T18:28:41.215495Z  INFO scan_sources: tailwindcss_oxide::scanner: Discovering "C:\\Users\\Isaque\\dezapegao\\tsconfig.json"
2026-02-24T18:28:41.215639Z  INFO scan_sources: tailwindcss_oxide::scanner: Discovering "C:\\Users\\Isaque\\dezapegao\\types"
2026-02-24T18:28:41.215878Z  INFO scan_sources: tailwindcss_oxide::scanner: Discovering "C:\\Users\\Isaque\\dezapegao\\types\\database.ts"
2026-02-24T18:28:41.216019Z  INFO scan_sources: tailwindcss_oxide::scanner: exit
2026-02-24T18:28:41.216032Z  INFO extract_candidates: tailwindcss_oxide::scanner: enter
2026-02-24T18:28:41.216043Z  INFO extract_candidates:read_all_files: tailwindcss_oxide::scanner: enter
2026-02-24T18:28:41.216049Z  INFO extract_candidates:read_all_files: tailwindcss_oxide::scanner: Reading 77 file(s)
2026-02-24T18:28:41.216690Z  INFO tailwindcss_oxide::scanner: Reading "C:\\Users\\Isaque\\dezapegao\\app\\api\\user\\listings-count\\route.ts"
2026-02-24T18:28:41.216696Z  INFO tailwindcss_oxide::scanner: Reading "C:\\Users\\Isaque\\dezapegao\\lib\\utils.ts"
2026-02-24T18:28:41.216701Z  INFO tailwindcss_oxide::scanner: Reading "C:\\Users\\Isaque\\dezapegao\\lib\\categories.ts"
2026-02-24T18:28:41.216710Z  INFO tailwindcss_oxide::scanner: Reading "C:\\Users\\Isaque\\dezapegao\\app\\layout.tsx"
2026-02-24T18:28:41.216710Z  INFO tailwindcss_oxide::scanner: Reading "C:\\Users\\Isaque\\dezapegao\\app\\api\\analytics\\route.ts"
2026-02-24T18:28:41.216718Z  INFO tailwindcss_oxide::scanner: Reading "C:\\Users\\Isaque\\dezapegao\\lib\\logger.ts"
2026-02-24T18:28:41.216707Z  INFO tailwindcss_oxide::scanner: Reading "C:\\Users\\Isaque\\dezapegao\\public\\file.svg"
2026-02-24T18:28:41.216713Z  INFO tailwindcss_oxide::scanner: Reading "C:\\Users\\Isaque\\dezapegao\\components\\Dashboard\\DashboardModal.tsx"
2026-02-24T18:28:41.216722Z  INFO tailwindcss_oxide::scanner: Reading "C:\\Users\\Isaque\\dezapegao\\lib\\listings.ts"
2026-02-24T18:28:41.216716Z  INFO tailwindcss_oxide::scanner: Reading "C:\\Users\\Isaque\\dezapegao\\app\\api\\listings\\[id]\\route.ts"
2026-02-24T18:28:41.216713Z  INFO tailwindcss_oxide::scanner: Reading "C:\\Users\\Isaque\\dezapegao\\app\\api\\listings\\create\\route.ts"
2026-02-24T18:28:41.216839Z  INFO tailwindcss_oxide::scanner: Reading "C:\\Users\\Isaque\\dezapegao\\app\\api\\auth\\signup\\route.ts"
2026-02-24T18:28:41.216846Z  INFO tailwindcss_oxide::scanner: Reading "C:\\Users\\Isaque\\dezapegao\\app\\auth\\callback\\route.ts"
2026-02-24T18:28:41.216841Z  INFO tailwindcss_oxide::scanner: Reading "C:\\Users\\Isaque\\dezapegao\\public\\globe.svg"
2026-02-24T18:28:41.216843Z  INFO tailwindcss_oxide::scanner: Reading "C:\\Users\\Isaque\\dezapegao\\app\\login\\page.tsx"
2026-02-24T18:28:41.216876Z  INFO tailwindcss_oxide::scanner: Reading "C:\\Users\\Isaque\\dezapegao\\components\\Dashboard\\EditListingModal.tsx"
2026-02-24T18:28:41.216881Z  INFO tailwindcss_oxide::scanner: Reading "C:\\Users\\Isaque\\dezapegao\\lib\\validation.ts"
2026-02-24T18:28:41.216882Z  INFO tailwindcss_oxide::scanner: Reading "C:\\Users\\Isaque\\dezapegao\\lib\\local-storage.ts"
2026-02-24T18:28:41.216884Z  INFO tailwindcss_oxide::scanner: Reading "C:\\Users\\Isaque\\dezapegao\\lib\\listings-client.ts"
2026-02-24T18:28:41.216881Z  INFO tailwindcss_oxide::scanner: Reading "C:\\Users\\Isaque\\dezapegao\\lib\\mock-data.ts"
2026-02-24T18:28:41.216888Z  INFO tailwindcss_oxide::scanner: Reading "C:\\Users\\Isaque\\dezapegao\\app\\api\\listings\\route.ts"
2026-02-24T18:28:41.216897Z  INFO tailwindcss_oxide::scanner: Reading "C:\\Users\\Isaque\\dezapegao\\app\\api\\profile\\update\\route.ts"
2026-02-24T18:28:41.216916Z  INFO tailwindcss_oxide::scanner: Reading "C:\\Users\\Isaque\\dezapegao\\supabase\\fix_storage.sql"
2026-02-24T18:28:41.216933Z  INFO tailwindcss_oxide::scanner: Reading "C:\\Users\\Isaque\\dezapegao\\app\\api\\auth\\[...nextauth]\\route.ts"
2026-02-24T18:28:41.216948Z  INFO tailwindcss_oxide::scanner: Reading "C:\\Users\\Isaque\\dezapegao\\app\\page.tsx"
2026-02-24T18:28:41.216959Z  INFO tailwindcss_oxide::scanner: Reading "C:\\Users\\Isaque\\dezapegao\\public\\next.svg"
2026-02-24T18:28:41.216968Z  INFO tailwindcss_oxide::scanner: Reading "C:\\Users\\Isaque\\dezapegao\\components\\Feed\\ReelsFeed.tsx"
2026-02-24T18:28:41.216997Z  INFO tailwindcss_oxide::scanner: Reading "C:\\Users\\Isaque\\dezapegao\\postcss.config.mjs"
2026-02-24T18:28:41.217010Z  INFO tailwindcss_oxide::scanner: Reading "C:\\Users\\Isaque\\dezapegao\\app\\dashboard\\page.tsx"
2026-02-24T18:28:41.216982Z  INFO tailwindcss_oxide::scanner: Reading "C:\\Users\\Isaque\\dezapegao\\app\\dashboard\\new\\page.tsx"
2026-02-24T18:28:41.217026Z  INFO tailwindcss_oxide::scanner: Reading "C:\\Users\\Isaque\\dezapegao\\app\\explorar\\page.tsx"
2026-02-24T18:28:41.217034Z  INFO tailwindcss_oxide::scanner: Reading "C:\\Users\\Isaque\\dezapegao\\lib\\r2.ts"
2026-02-24T18:28:41.217010Z  INFO tailwindcss_oxide::scanner: Reading "C:\\Users\\Isaque\\dezapegao\\next.config.ts"
2026-02-24T18:28:41.216998Z  INFO tailwindcss_oxide::scanner: Reading "C:\\Users\\Isaque\\dezapegao\\components\\User\\AuthModal.tsx"
2026-02-24T18:28:41.217019Z  INFO tailwindcss_oxide::scanner: Reading "C:\\Users\\Isaque\\dezapegao\\app\\api\\upload\\route.ts"
2026-02-24T18:28:41.217067Z  INFO tailwindcss_oxide::scanner: Reading "C:\\Users\\Isaque\\dezapegao\\public\\vercel.svg"
2026-02-24T18:28:41.216983Z  INFO tailwindcss_oxide::scanner: Reading "C:\\Users\\Isaque\\dezapegao\\middleware.ts"
2026-02-24T18:28:41.216993Z  INFO tailwindcss_oxide::scanner: Reading "C:\\Users\\Isaque\\dezapegao\\lib\\prisma.ts"
2026-02-24T18:28:41.217091Z  INFO tailwindcss_oxide::scanner: Reading "C:\\Users\\Isaque\\dezapegao\\prisma\\migrations\\20260223211637_init\\migration.sql"
2026-02-24T18:28:41.217045Z  INFO tailwindcss_oxide::scanner: Reading "C:\\Users\\Isaque\\dezapegao\\supabase\\migrations\\20241223_001_schema.sql"
2026-02-24T18:28:41.217112Z  INFO tailwindcss_oxide::scanner: Reading "C:\\Users\\Isaque\\dezapegao\\lib\\storage.ts"
2026-02-24T18:28:41.217047Z  INFO tailwindcss_oxide::scanner: Reading "C:\\Users\\Isaque\\dezapegao\\app\\api\\likes\\route.ts"
2026-02-24T18:28:41.217126Z  INFO tailwindcss_oxide::scanner: Reading "C:\\Users\\Isaque\\dezapegao\\components\\Feed\\StoryCard.tsx"
2026-02-24T18:28:41.217141Z  INFO tailwindcss_oxide::scanner: Reading "C:\\Users\\Isaque\\dezapegao\\SETUP.md"
2026-02-24T18:28:41.217147Z  INFO tailwindcss_oxide::scanner: Reading "C:\\Users\\Isaque\\dezapegao\\components\\User\\PaymentsModal.tsx"
2026-02-24T18:28:41.217159Z  INFO tailwindcss_oxide::scanner: Reading "C:\\Users\\Isaque\\dezapegao\\README.md"
2026-02-24T18:28:41.217166Z  INFO tailwindcss_oxide::scanner: Reading "C:\\Users\\Isaque\\dezapegao\\app\\signup\\page.tsx"
2026-02-24T18:28:41.217186Z  INFO tailwindcss_oxide::scanner: Reading "C:\\Users\\Isaque\\dezapegao\\supabase\\rls_policies.sql"
2026-02-24T18:28:41.217192Z  INFO tailwindcss_oxide::scanner: Reading "C:\\Users\\Isaque\\dezapegao\\components\\Feed\\LikeButton.tsx"
2026-02-24T18:28:41.217193Z  INFO tailwindcss_oxide::scanner: Reading "C:\\Users\\Isaque\\dezapegao\\supabase\\migrations\\20241223_002_rls.sql"
2026-02-24T18:28:41.217193Z  INFO tailwindcss_oxide::scanner: Reading "C:\\Users\\Isaque\\dezapegao\\supabase\\storage_buckets.sql"
2026-02-24T18:28:41.217195Z  INFO tailwindcss_oxide::scanner: Reading "C:\\Users\\Isaque\\dezapegao\\scripts\\seed-data.sql"
2026-02-24T18:28:41.217062Z  INFO tailwindcss_oxide::scanner: Reading "C:\\Users\\Isaque\\dezapegao\\app\\reset\\page.tsx"
2026-02-24T18:28:41.217241Z  INFO tailwindcss_oxide::scanner: Reading "C:\\Users\\Isaque\\dezapegao\\STATUS.md"
2026-02-24T18:28:41.217209Z  INFO tailwindcss_oxide::scanner: Reading "C:\\Users\\Isaque\\dezapegao\\package.json"
2026-02-24T18:28:41.217209Z  INFO tailwindcss_oxide::scanner: Reading "C:\\Users\\Isaque\\dezapegao\\supabase\\migrations\\20241223_003_storage.sql"
2026-02-24T18:28:41.217267Z  INFO tailwindcss_oxide::scanner: Reading "C:\\Users\\Isaque\\dezapegao\\prisma\\schema.prisma"
2026-02-24T18:28:41.217217Z  INFO tailwindcss_oxide::scanner: Reading "C:\\Users\\Isaque\\dezapegao\\public\\window.svg"
2026-02-24T18:28:41.217283Z  INFO tailwindcss_oxide::scanner: Reading "C:\\Users\\Isaque\\dezapegao\\supabase\\schema.sql"
2026-02-24T18:28:41.217285Z  INFO tailwindcss_oxide::scanner: Reading "C:\\Users\\Isaque\\dezapegao\\components\\Layout\\Header.tsx"
2026-02-24T18:28:41.217247Z  INFO tailwindcss_oxide::scanner: Reading "C:\\Users\\Isaque\\dezapegao\\components\\User\\SettingsModal.tsx"
2026-02-24T18:28:41.217206Z  INFO tailwindcss_oxide::scanner: Reading "C:\\Users\\Isaque\\dezapegao\\prisma\\migrations\\migration_lock.toml"
2026-02-24T18:28:41.217273Z  INFO tailwindcss_oxide::scanner: Reading "C:\\Users\\Isaque\\dezapegao\\components\\User\\UserMenu.tsx"
2026-02-24T18:28:41.217289Z  INFO tailwindcss_oxide::scanner: Reading "C:\\Users\\Isaque\\dezapegao\\DESIGN_SYSTEM.md"
2026-02-24T18:28:41.217342Z  INFO tailwindcss_oxide::scanner: Reading "C:\\Users\\Isaque\\dezapegao\\supabase\\config.toml"
2026-02-24T18:28:41.217300Z  INFO tailwindcss_oxide::scanner: Reading "C:\\Users\\Isaque\\dezapegao\\tsconfig.json"
2026-02-24T18:28:41.217355Z  INFO tailwindcss_oxide::scanner: Reading "C:\\Users\\Isaque\\dezapegao\\prisma.config.ts"
2026-02-24T18:28:41.217347Z  INFO tailwindcss_oxide::scanner: Reading "C:\\Users\\Isaque\\dezapegao\\DEMO_MODE.md"
2026-02-24T18:28:41.217245Z  INFO tailwindcss_oxide::scanner: Reading "C:\\Users\\Isaque\\dezapegao\\components\\Dashboard\\NewListingModal.tsx"
2026-02-24T18:28:41.217354Z  INFO tailwindcss_oxide::scanner: Reading "C:\\Users\\Isaque\\dezapegao\\supabase\\reset_db.sql"
2026-02-24T18:28:41.217308Z  INFO tailwindcss_oxide::scanner: Reading "C:\\Users\\Isaque\\dezapegao\\eslint.config.mjs"
2026-02-24T18:28:41.217338Z  INFO tailwindcss_oxide::scanner: Reading "C:\\Users\\Isaque\\dezapegao\\types\\database.ts"
2026-02-24T18:28:41.217403Z  INFO tailwindcss_oxide::scanner: Reading "C:\\Users\\Isaque\\dezapegao\\components\\UI\\Toast.tsx"
2026-02-24T18:28:41.217363Z  INFO tailwindcss_oxide::scanner: Reading "C:\\Users\\Isaque\\dezapegao\\components\\User\\SubscriptionModal.tsx"
2026-02-24T18:28:41.217369Z  INFO tailwindcss_oxide::scanner: Reading "C:\\Users\\Isaque\\dezapegao\\hooks\\useAuth.tsx"
2026-02-24T18:28:41.217371Z  INFO tailwindcss_oxide::scanner: Reading "C:\\Users\\Isaque\\dezapegao\\components\\User\\UserAvatar.tsx"
2026-02-24T18:28:41.217399Z  INFO tailwindcss_oxide::scanner: Reading "C:\\Users\\Isaque\\dezapegao\\components\\Providers\\NextAuthProvider.tsx"
2026-02-24T18:28:41.217534Z  INFO extract_candidates:read_all_files: tailwindcss_oxide::scanner: exit
2026-02-24T18:28:41.217548Z  INFO extract_candidates:parse_all_blobs: tailwindcss_oxide::scanner: enter
2026-02-24T18:28:41.217554Z  INFO extract_candidates:parse_all_blobs:extract: tailwindcss_oxide::scanner: enter
2026-02-24T18:28:41.219422Z  INFO extract_candidates:parse_all_blobs:extract: tailwindcss_oxide::scanner: exit
2026-02-24T18:28:41.219442Z  INFO extract_candidates:parse_all_blobs: tailwindcss_oxide::scanner: exit
2026-02-24T18:28:41.219447Z  INFO extract_candidates:read_all_files: tailwindcss_oxide::scanner: enter
2026-02-24T18:28:41.219450Z  INFO extract_candidates:read_all_files: tailwindcss_oxide::scanner: Reading 1 file(s)
2026-02-24T18:28:41.219518Z  INFO extract_candidates:read_all_files: tailwindcss_oxide::scanner: Reading "C:\\Users\\Isaque\\dezapegao\\app\\globals.css"
2026-02-24T18:28:41.219527Z  INFO extract_candidates:read_all_files: tailwindcss_oxide::scanner: exit
2026-02-24T18:28:41.219533Z  INFO extract_candidates:extract_css_variables: tailwindcss_oxide::scanner: enter
2026-02-24T18:28:41.219539Z  INFO extract_candidates:extract_css_variables:extract: tailwindcss_oxide::scanner: enter
2026-02-24T18:28:41.219595Z  INFO extract_candidates:extract_css_variables:extract: tailwindcss_oxide::scanner: exit
2026-02-24T18:28:41.219608Z  INFO extract_candidates:extract_css_variables: tailwindcss_oxide::scanner: exit
2026-02-24T18:28:41.220118Z  INFO extract_candidates: tailwindcss_oxide::scanner: exit
2026-02-24T18:28:41.220912Z  INFO get_files: tailwindcss_oxide::scanner: enter
2026-02-24T18:28:41.220922Z  INFO get_files:scan_sources: tailwindcss_oxide::scanner: enter
2026-02-24T18:28:41.222369Z  INFO get_files:scan_sources: tailwindcss_oxide::scanner: Discovering "C:\\Users\\Isaque\\dezapegao\\app"
2026-02-24T18:28:41.222583Z  INFO get_files:scan_sources: tailwindcss_oxide::scanner: Discovering "C:\\Users\\Isaque\\dezapegao\\app\\api"
2026-02-24T18:28:41.222789Z  INFO get_files:scan_sources: tailwindcss_oxide::scanner: Discovering "C:\\Users\\Isaque\\dezapegao\\app\\api\\analytics"
2026-02-24T18:28:41.223051Z  INFO get_files:scan_sources: tailwindcss_oxide::scanner: Discovering "C:\\Users\\Isaque\\dezapegao\\app\\api\\auth"
2026-02-24T18:28:41.223258Z  INFO get_files:scan_sources: tailwindcss_oxide::scanner: Discovering "C:\\Users\\Isaque\\dezapegao\\app\\api\\auth\\signup"
2026-02-24T18:28:41.223517Z  INFO get_files:scan_sources: tailwindcss_oxide::scanner: Discovering "C:\\Users\\Isaque\\dezapegao\\app\\api\\auth\\[...nextauth]"
2026-02-24T18:28:41.223793Z  INFO get_files:scan_sources: tailwindcss_oxide::scanner: Discovering "C:\\Users\\Isaque\\dezapegao\\app\\api\\likes"
2026-02-24T18:28:41.224045Z  INFO get_files:scan_sources: tailwindcss_oxide::scanner: Discovering "C:\\Users\\Isaque\\dezapegao\\app\\api\\listings"
2026-02-24T18:28:41.224245Z  INFO get_files:scan_sources: tailwindcss_oxide::scanner: Discovering "C:\\Users\\Isaque\\dezapegao\\app\\api\\listings\\create"
2026-02-24T18:28:41.224531Z  INFO get_files:scan_sources: tailwindcss_oxide::scanner: Discovering "C:\\Users\\Isaque\\dezapegao\\app\\api\\listings\\[id]"
2026-02-24T18:28:41.224801Z  INFO get_files:scan_sources: tailwindcss_oxide::scanner: Discovering "C:\\Users\\Isaque\\dezapegao\\app\\api\\profile"
2026-02-24T18:28:41.225003Z  INFO get_files:scan_sources: tailwindcss_oxide::scanner: Discovering "C:\\Users\\Isaque\\dezapegao\\app\\api\\profile\\update"
2026-02-24T18:28:41.225267Z  INFO get_files:scan_sources: tailwindcss_oxide::scanner: Discovering "C:\\Users\\Isaque\\dezapegao\\app\\api\\upload"
2026-02-24T18:28:41.225592Z  INFO get_files:scan_sources: tailwindcss_oxide::scanner: Discovering "C:\\Users\\Isaque\\dezapegao\\app\\api\\user"
2026-02-24T18:28:41.225799Z  INFO get_files:scan_sources: tailwindcss_oxide::scanner: Discovering "C:\\Users\\Isaque\\dezapegao\\app\\api\\user\\listings-count"
2026-02-24T18:28:41.226083Z  INFO get_files:scan_sources: tailwindcss_oxide::scanner: Discovering "C:\\Users\\Isaque\\dezapegao\\app\\auth"
2026-02-24T18:28:41.226282Z  INFO get_files:scan_sources: tailwindcss_oxide::scanner: Discovering "C:\\Users\\Isaque\\dezapegao\\app\\auth\\callback"
2026-02-24T18:28:41.226543Z  INFO get_files:scan_sources: tailwindcss_oxide::scanner: Discovering "C:\\Users\\Isaque\\dezapegao\\app\\dashboard"
2026-02-24T18:28:41.226742Z  INFO get_files:scan_sources: tailwindcss_oxide::scanner: Discovering "C:\\Users\\Isaque\\dezapegao\\app\\dashboard\\new"
2026-02-24T18:28:41.227046Z  INFO get_files:scan_sources: tailwindcss_oxide::scanner: Discovering "C:\\Users\\Isaque\\dezapegao\\app\\explorar"
2026-02-24T18:28:41.227375Z  INFO get_files:scan_sources: tailwindcss_oxide::scanner: Discovering "C:\\Users\\Isaque\\dezapegao\\app\\login"
2026-02-24T18:28:41.227654Z  INFO get_files:scan_sources: tailwindcss_oxide::scanner: Discovering "C:\\Users\\Isaque\\dezapegao\\app\\reset"
2026-02-24T18:28:41.227907Z  INFO get_files:scan_sources: tailwindcss_oxide::scanner: Discovering "C:\\Users\\Isaque\\dezapegao\\app\\signup"
2026-02-24T18:28:41.228174Z  INFO get_files:scan_sources: tailwindcss_oxide::scanner: Discovering "C:\\Users\\Isaque\\dezapegao\\components"
2026-02-24T18:28:41.228423Z  INFO get_files:scan_sources: tailwindcss_oxide::scanner: Discovering "C:\\Users\\Isaque\\dezapegao\\components\\Dashboard"
2026-02-24T18:28:41.228752Z  INFO get_files:scan_sources: tailwindcss_oxide::scanner: Discovering "C:\\Users\\Isaque\\dezapegao\\components\\Feed"
2026-02-24T18:28:41.229073Z  INFO get_files:scan_sources: tailwindcss_oxide::scanner: Discovering "C:\\Users\\Isaque\\dezapegao\\components\\Layout"
2026-02-24T18:28:41.229323Z  INFO get_files:scan_sources: tailwindcss_oxide::scanner: Discovering "C:\\Users\\Isaque\\dezapegao\\components\\Providers"
2026-02-24T18:28:41.229573Z  INFO get_files:scan_sources: tailwindcss_oxide::scanner: Discovering "C:\\Users\\Isaque\\dezapegao\\components\\UI"
2026-02-24T18:28:41.229822Z  INFO get_files:scan_sources: tailwindcss_oxide::scanner: Discovering "C:\\Users\\Isaque\\dezapegao\\components\\User"
2026-02-24T18:28:41.230362Z  INFO get_files:scan_sources: tailwindcss_oxide::scanner: Discovering "C:\\Users\\Isaque\\dezapegao\\hooks"
2026-02-24T18:28:41.230613Z  INFO get_files:scan_sources: tailwindcss_oxide::scanner: Discovering "C:\\Users\\Isaque\\dezapegao\\lib"
2026-02-24T18:28:41.231527Z  INFO get_files:scan_sources: tailwindcss_oxide::scanner: Discovering "C:\\Users\\Isaque\\dezapegao\\prisma"
2026-02-24T18:28:41.231725Z  INFO get_files:scan_sources: tailwindcss_oxide::scanner: Discovering "C:\\Users\\Isaque\\dezapegao\\prisma\\migrations"
2026-02-24T18:28:41.231923Z  INFO get_files:scan_sources: tailwindcss_oxide::scanner: Discovering "C:\\Users\\Isaque\\dezapegao\\prisma\\migrations\\20260223211637_init"
2026-02-24T18:28:41.232320Z  INFO get_files:scan_sources: tailwindcss_oxide::scanner: Discovering "C:\\Users\\Isaque\\dezapegao\\public"
2026-02-24T18:28:41.232731Z  INFO get_files:scan_sources: tailwindcss_oxide::scanner: Discovering "C:\\Users\\Isaque\\dezapegao\\scripts"
2026-02-24T18:28:41.233042Z  INFO get_files:scan_sources: tailwindcss_oxide::scanner: Discovering "C:\\Users\\Isaque\\dezapegao\\supabase"
2026-02-24T18:28:41.233477Z  INFO get_files:scan_sources: tailwindcss_oxide::scanner: Discovering "C:\\Users\\Isaque\\dezapegao\\supabase\\migrations"
2026-02-24T18:28:41.234009Z  INFO get_files:scan_sources: tailwindcss_oxide::scanner: Discovering "C:\\Users\\Isaque\\dezapegao\\types"
2026-02-24T18:28:41.234234Z  INFO get_files:scan_sources: tailwindcss_oxide::scanner: exit
2026-02-24T18:28:41.234323Z  INFO get_files: tailwindcss_oxide::scanner: exit
2026-02-24T18:28:41.234788Z  INFO get_globs: tailwindcss_oxide::scanner: enter
2026-02-24T18:28:41.234796Z  INFO get_globs:scan_sources: tailwindcss_oxide::scanner: enter
2026-02-24T18:28:41.236278Z  INFO get_globs:scan_sources: tailwindcss_oxide::scanner: Discovering "C:\\Users\\Isaque\\dezapegao\\app"
2026-02-24T18:28:41.236496Z  INFO get_globs:scan_sources: tailwindcss_oxide::scanner: Discovering "C:\\Users\\Isaque\\dezapegao\\app\\api"
2026-02-24T18:28:41.236740Z  INFO get_globs:scan_sources: tailwindcss_oxide::scanner: Discovering "C:\\Users\\Isaque\\dezapegao\\app\\api\\analytics"
2026-02-24T18:28:41.237029Z  INFO get_globs:scan_sources: tailwindcss_oxide::scanner: Discovering "C:\\Users\\Isaque\\dezapegao\\app\\api\\auth"
2026-02-24T18:28:41.237248Z  INFO get_globs:scan_sources: tailwindcss_oxide::scanner: Discovering "C:\\Users\\Isaque\\dezapegao\\app\\api\\auth\\signup"
2026-02-24T18:28:41.237559Z  INFO get_globs:scan_sources: tailwindcss_oxide::scanner: Discovering "C:\\Users\\Isaque\\dezapegao\\app\\api\\auth\\[...nextauth]"
2026-02-24T18:28:41.237873Z  INFO get_globs:scan_sources: tailwindcss_oxide::scanner: Discovering "C:\\Users\\Isaque\\dezapegao\\app\\api\\likes"
2026-02-24T18:28:41.238241Z  INFO get_globs:scan_sources: tailwindcss_oxide::scanner: Discovering "C:\\Users\\Isaque\\dezapegao\\app\\api\\listings"
2026-02-24T18:28:41.238503Z  INFO get_globs:scan_sources: tailwindcss_oxide::scanner: Discovering "C:\\Users\\Isaque\\dezapegao\\app\\api\\listings\\create"
2026-02-24T18:28:41.238945Z  INFO get_globs:scan_sources: tailwindcss_oxide::scanner: Discovering "C:\\Users\\Isaque\\dezapegao\\app\\api\\listings\\[id]"
2026-02-24T18:28:41.239287Z  INFO get_globs:scan_sources: tailwindcss_oxide::scanner: Discovering "C:\\Users\\Isaque\\dezapegao\\app\\api\\profile"
2026-02-24T18:28:41.239507Z  INFO get_globs:scan_sources: tailwindcss_oxide::scanner: Discovering "C:\\Users\\Isaque\\dezapegao\\app\\api\\profile\\update"
2026-02-24T18:28:41.239801Z  INFO get_globs:scan_sources: tailwindcss_oxide::scanner: Discovering "C:\\Users\\Isaque\\dezapegao\\app\\api\\upload"
2026-02-24T18:28:41.240060Z  INFO get_globs:scan_sources: tailwindcss_oxide::scanner: Discovering "C:\\Users\\Isaque\\dezapegao\\app\\api\\user"
2026-02-24T18:28:41.240271Z  INFO get_globs:scan_sources: tailwindcss_oxide::scanner: Discovering "C:\\Users\\Isaque\\dezapegao\\app\\api\\user\\listings-count"
2026-02-24T18:28:41.240568Z  INFO get_globs:scan_sources: tailwindcss_oxide::scanner: Discovering "C:\\Users\\Isaque\\dezapegao\\app\\auth"
2026-02-24T18:28:41.240783Z  INFO get_globs:scan_sources: tailwindcss_oxide::scanner: Discovering "C:\\Users\\Isaque\\dezapegao\\app\\auth\\callback"
2026-02-24T18:28:41.241057Z  INFO get_globs:scan_sources: tailwindcss_oxide::scanner: Discovering "C:\\Users\\Isaque\\dezapegao\\app\\dashboard"
2026-02-24T18:28:41.241268Z  INFO get_globs:scan_sources: tailwindcss_oxide::scanner: Discovering "C:\\Users\\Isaque\\dezapegao\\app\\dashboard\\new"
2026-02-24T18:28:41.241594Z  INFO get_globs:scan_sources: tailwindcss_oxide::scanner: Discovering "C:\\Users\\Isaque\\dezapegao\\app\\explorar"
2026-02-24T18:28:41.241959Z  INFO get_globs:scan_sources: tailwindcss_oxide::scanner: Discovering "C:\\Users\\Isaque\\dezapegao\\app\\login"
2026-02-24T18:28:41.242258Z  INFO get_globs:scan_sources: tailwindcss_oxide::scanner: Discovering "C:\\Users\\Isaque\\dezapegao\\app\\reset"
2026-02-24T18:28:41.242517Z  INFO get_globs:scan_sources: tailwindcss_oxide::scanner: Discovering "C:\\Users\\Isaque\\dezapegao\\app\\signup"
2026-02-24T18:28:41.242800Z  INFO get_globs:scan_sources: tailwindcss_oxide::scanner: Discovering "C:\\Users\\Isaque\\dezapegao\\components"
2026-02-24T18:28:41.243011Z  INFO get_globs:scan_sources: tailwindcss_oxide::scanner: Discovering "C:\\Users\\Isaque\\dezapegao\\components\\Dashboard"
2026-02-24T18:28:41.243406Z  INFO get_globs:scan_sources: tailwindcss_oxide::scanner: Discovering "C:\\Users\\Isaque\\dezapegao\\components\\Feed"
2026-02-24T18:28:41.243746Z  INFO get_globs:scan_sources: tailwindcss_oxide::scanner: Discovering "C:\\Users\\Isaque\\dezapegao\\components\\Layout"
2026-02-24T18:28:41.244005Z  INFO get_globs:scan_sources: tailwindcss_oxide::scanner: Discovering "C:\\Users\\Isaque\\dezapegao\\components\\Providers"
2026-02-24T18:28:41.244293Z  INFO get_globs:scan_sources: tailwindcss_oxide::scanner: Discovering "C:\\Users\\Isaque\\dezapegao\\components\\UI"
2026-02-24T18:28:41.244555Z  INFO get_globs:scan_sources: tailwindcss_oxide::scanner: Discovering "C:\\Users\\Isaque\\dezapegao\\components\\User"
2026-02-24T18:28:41.245223Z  INFO get_globs:scan_sources: tailwindcss_oxide::scanner: Discovering "C:\\Users\\Isaque\\dezapegao\\hooks"
2026-02-24T18:28:41.245499Z  INFO get_globs:scan_sources: tailwindcss_oxide::scanner: Discovering "C:\\Users\\Isaque\\dezapegao\\lib"
2026-02-24T18:28:41.246452Z  INFO get_globs:scan_sources: tailwindcss_oxide::scanner: Discovering "C:\\Users\\Isaque\\dezapegao\\prisma"
2026-02-24T18:28:41.246655Z  INFO get_globs:scan_sources: tailwindcss_oxide::scanner: Discovering "C:\\Users\\Isaque\\dezapegao\\prisma\\migrations"
2026-02-24T18:28:41.246892Z  INFO get_globs:scan_sources: tailwindcss_oxide::scanner: Discovering "C:\\Users\\Isaque\\dezapegao\\prisma\\migrations\\20260223211637_init"
2026-02-24T18:28:41.247295Z  INFO get_globs:scan_sources: tailwindcss_oxide::scanner: Discovering "C:\\Users\\Isaque\\dezapegao\\public"
2026-02-24T18:28:41.247717Z  INFO get_globs:scan_sources: tailwindcss_oxide::scanner: Discovering "C:\\Users\\Isaque\\dezapegao\\scripts"
2026-02-24T18:28:41.248034Z  INFO get_globs:scan_sources: tailwindcss_oxide::scanner: Discovering "C:\\Users\\Isaque\\dezapegao\\supabase"
2026-02-24T18:28:41.248487Z  INFO get_globs:scan_sources: tailwindcss_oxide::scanner: Discovering "C:\\Users\\Isaque\\dezapegao\\supabase\\migrations"
2026-02-24T18:28:41.249048Z  INFO get_globs:scan_sources: tailwindcss_oxide::scanner: Discovering "C:\\Users\\Isaque\\dezapegao\\types"
2026-02-24T18:28:41.249354Z  INFO get_globs:scan_sources: tailwindcss_oxide::scanner: exit
2026-02-24T18:28:41.257776Z  INFO get_globs: tailwindcss_oxide::scanner: exit
