2026-02-24T18:48:36.226151Z  INFO tailwindcss_oxide::scanner: Provided sources:
2026-02-24T18:48:36.226235Z  INFO tailwindcss_oxide::scanner: Source: PublicSourceEntry { base: "C:\\Users\\Isaque\\dezapegao", pattern: "**/*", negated: false }
2026-02-24T18:48:36.226353Z  INFO tailwindcss_oxide::scanner: Optimized sources:
2026-02-24T18:48:36.226366Z  INFO tailwindcss_oxide::scanner: Source: Auto { base: "C:\\Users\\Isaque\\dezapegao" }
2026-02-24T18:48:36.228140Z  INFO scan_sources: tailwindcss_oxide::scanner: enter
2026-02-24T18:48:36.229850Z  INFO scan_sources: tailwindcss_oxide::scanner: Discovering "C:\\Users\\Isaque\\dezapegao\\app"
2026-02-24T18:48:36.237325Z  INFO scan_sources: tailwindcss_oxide::scanner: Discovering "C:\\Users\\Isaque\\dezapegao\\app\\api"
2026-02-24T18:48:36.237536Z  INFO scan_sources: tailwindcss_oxide::scanner: Discovering "C:\\Users\\Isaque\\dezapegao\\app\\api\\analytics"
2026-02-24T18:48:36.237718Z  INFO scan_sources: tailwindcss_oxide::scanner: Discovering "C:\\Users\\Isaque\\dezapegao\\app\\api\\analytics\\route.ts"
2026-02-24T18:48:36.237854Z  INFO scan_sources: tailwindcss_oxide::scanner: Discovering "C:\\Users\\Isaque\\dezapegao\\app\\api\\auth"
2026-02-24T18:48:36.238057Z  INFO scan_sources: tailwindcss_oxide::scanner: Discovering "C:\\Users\\Isaque\\dezapegao\\app\\api\\auth\\signup"
2026-02-24T18:48:36.238213Z  INFO scan_sources: tailwindcss_oxide::scanner: Discovering "C:\\Users\\Isaque\\dezapegao\\app\\api\\auth\\signup\\route.ts"
2026-02-24T18:48:36.238341Z  INFO scan_sources: tailwindcss_oxide::scanner: Discovering "C:\\Users\\Isaque\\dezapegao\\app\\api\\auth\\[...nextauth]"
2026-02-24T18:48:36.238498Z  INFO scan_sources: tailwindcss_oxide::scanner: Discovering "C:\\Users\\Isaque\\dezapegao\\app\\api\\auth\\[...nextauth]\\route.ts"
2026-02-24T18:48:36.238639Z  INFO scan_sources: tailwindcss_oxide::scanner: Discovering "C:\\Users\\Isaque\\dezapegao\\app\\api\\likes"
2026-02-24T18:48:36.238796Z  INFO scan_sources: tailwindcss_oxide::scanner: Discovering "C:\\Users\\Isaque\\dezapegao\\app\\api\\likes\\route.ts"
2026-02-24T18:48:36.238918Z  INFO scan_sources: tailwindcss_oxide::scanner: Discovering "C:\\Users\\Isaque\\dezapegao\\app\\api\\listings"
2026-02-24T18:48:36.239113Z  INFO scan_sources: tailwindcss_oxide::scanner: Discovering "C:\\Users\\Isaque\\dezapegao\\app\\api\\listings\\create"
2026-02-24T18:48:36.239269Z  INFO scan_sources: tailwindcss_oxide::scanner: Discovering "C:\\Users\\Isaque\\dezapegao\\app\\api\\listings\\create\\route.ts"
2026-02-24T18:48:36.239353Z  INFO scan_sources: tailwindcss_oxide::scanner: Discovering "C:\\Users\\Isaque\\dezapegao\\app\\api\\listings\\route.ts"
2026-02-24T18:48:36.239460Z  INFO scan_sources: tailwindcss_oxide::scanner: Discovering "C:\\Users\\Isaque\\dezapegao\\app\\api\\listings\\[id]"
2026-02-24T18:48:36.239612Z  INFO scan_sources: tailwindcss_oxide::scanner: Discovering "C:\\Users\\Isaque\\dezapegao\\app\\api\\listings\\[id]\\route.ts"
2026-02-24T18:48:36.239770Z  INFO scan_sources: tailwindcss_oxide::scanner: Discovering "C:\\Users\\Isaque\\dezapegao\\app\\api\\profile"
2026-02-24T18:48:36.239984Z  INFO scan_sources: tailwindcss_oxide::scanner: Discovering "C:\\Users\\Isaque\\dezapegao\\app\\api\\profile\\update"
2026-02-24T18:48:36.240167Z  INFO scan_sources: tailwindcss_oxide::scanner: Discovering "C:\\Users\\Isaque\\dezapegao\\app\\api\\profile\\update\\route.ts"
2026-02-24T18:48:36.240344Z  INFO scan_sources: tailwindcss_oxide::scanner: Discovering "C:\\Users\\Isaque\\dezapegao\\app\\api\\upload"
2026-02-24T18:48:36.240532Z  INFO scan_sources: tailwindcss_oxide::scanner: Discovering "C:\\Users\\Isaque\\dezapegao\\app\\api\\upload\\route.ts"
2026-02-24T18:48:36.240681Z  INFO scan_sources: tailwindcss_oxide::scanner: Discovering "C:\\Users\\Isaque\\dezapegao\\app\\api\\user"
2026-02-24T18:48:36.240890Z  INFO scan_sources: tailwindcss_oxide::scanner: Discovering "C:\\Users\\Isaque\\dezapegao\\app\\api\\user\\listings-count"
2026-02-24T18:48:36.241052Z  INFO scan_sources: tailwindcss_oxide::scanner: Discovering "C:\\Users\\Isaque\\dezapegao\\app\\api\\user\\listings-count\\route.ts"
2026-02-24T18:48:36.241258Z  INFO scan_sources: tailwindcss_oxide::scanner: Discovering "C:\\Users\\Isaque\\dezapegao\\app\\auth"
2026-02-24T18:48:36.241459Z  INFO scan_sources: tailwindcss_oxide::scanner: Discovering "C:\\Users\\Isaque\\dezapegao\\app\\auth\\callback"
2026-02-24T18:48:36.241617Z  INFO scan_sources: tailwindcss_oxide::scanner: Discovering "C:\\Users\\Isaque\\dezapegao\\app\\auth\\callback\\route.ts"
2026-02-24T18:48:36.241760Z  INFO scan_sources: tailwindcss_oxide::scanner: Discovering "C:\\Users\\Isaque\\dezapegao\\app\\dashboard"
2026-02-24T18:48:36.241955Z  INFO scan_sources: tailwindcss_oxide::scanner: Discovering "C:\\Users\\Isaque\\dezapegao\\app\\dashboard\\new"
2026-02-24T18:48:36.242114Z  INFO scan_sources: tailwindcss_oxide::scanner: Discovering "C:\\Users\\Isaque\\dezapegao\\app\\dashboard\\new\\page.tsx"
2026-02-24T18:48:36.242197Z  INFO scan_sources: tailwindcss_oxide::scanner: Discovering "C:\\Users\\Isaque\\dezapegao\\app\\dashboard\\page.tsx"
2026-02-24T18:48:36.242322Z  INFO scan_sources: tailwindcss_oxide::scanner: Discovering "C:\\Users\\Isaque\\dezapegao\\app\\explorar"
2026-02-24T18:48:36.242475Z  INFO scan_sources: tailwindcss_oxide::scanner: Discovering "C:\\Users\\Isaque\\dezapegao\\app\\explorar\\page.tsx"
2026-02-24T18:48:36.242575Z  INFO scan_sources: tailwindcss_oxide::scanner: Discovering "C:\\Users\\Isaque\\dezapegao\\app\\globals.css"
2026-02-24T18:48:36.242702Z  INFO scan_sources: tailwindcss_oxide::scanner: Discovering "C:\\Users\\Isaque\\dezapegao\\app\\layout.tsx"
2026-02-24T18:48:36.242823Z  INFO scan_sources: tailwindcss_oxide::scanner: Discovering "C:\\Users\\Isaque\\dezapegao\\app\\login"
2026-02-24T18:48:36.242990Z  INFO scan_sources: tailwindcss_oxide::scanner: Discovering "C:\\Users\\Isaque\\dezapegao\\app\\login\\page.tsx"
2026-02-24T18:48:36.243076Z  INFO scan_sources: tailwindcss_oxide::scanner: Discovering "C:\\Users\\Isaque\\dezapegao\\app\\page.tsx"
2026-02-24T18:48:36.243187Z  INFO scan_sources: tailwindcss_oxide::scanner: Discovering "C:\\Users\\Isaque\\dezapegao\\app\\reset"
2026-02-24T18:48:36.243344Z  INFO scan_sources: tailwindcss_oxide::scanner: Discovering "C:\\Users\\Isaque\\dezapegao\\app\\reset\\page.tsx"
2026-02-24T18:48:36.243466Z  INFO scan_sources: tailwindcss_oxide::scanner: Discovering "C:\\Users\\Isaque\\dezapegao\\app\\signup"
2026-02-24T18:48:36.243625Z  INFO scan_sources: tailwindcss_oxide::scanner: Discovering "C:\\Users\\Isaque\\dezapegao\\app\\signup\\page.tsx"
2026-02-24T18:48:36.243771Z  INFO scan_sources: tailwindcss_oxide::scanner: Discovering "C:\\Users\\Isaque\\dezapegao\\components"
2026-02-24T18:48:36.243973Z  INFO scan_sources: tailwindcss_oxide::scanner: Discovering "C:\\Users\\Isaque\\dezapegao\\components\\Dashboard"
2026-02-24T18:48:36.244133Z  INFO scan_sources: tailwindcss_oxide::scanner: Discovering "C:\\Users\\Isaque\\dezapegao\\components\\Dashboard\\DashboardModal.tsx"
2026-02-24T18:48:36.244201Z  INFO scan_sources: tailwindcss_oxide::scanner: Discovering "C:\\Users\\Isaque\\dezapegao\\components\\Dashboard\\EditListingModal.tsx"
2026-02-24T18:48:36.244267Z  INFO scan_sources: tailwindcss_oxide::scanner: Discovering "C:\\Users\\Isaque\\dezapegao\\components\\Dashboard\\NewListingModal.tsx"
2026-02-24T18:48:36.244391Z  INFO scan_sources: tailwindcss_oxide::scanner: Discovering "C:\\Users\\Isaque\\dezapegao\\components\\Feed"
2026-02-24T18:48:36.244550Z  INFO scan_sources: tailwindcss_oxide::scanner: Discovering "C:\\Users\\Isaque\\dezapegao\\components\\Feed\\LikeButton.tsx"
2026-02-24T18:48:36.244616Z  INFO scan_sources: tailwindcss_oxide::scanner: Discovering "C:\\Users\\Isaque\\dezapegao\\components\\Feed\\ReelsFeed.tsx"
2026-02-24T18:48:36.244682Z  INFO scan_sources: tailwindcss_oxide::scanner: Discovering "C:\\Users\\Isaque\\dezapegao\\components\\Feed\\StoryCard.tsx"
2026-02-24T18:48:36.244805Z  INFO scan_sources: tailwindcss_oxide::scanner: Discovering "C:\\Users\\Isaque\\dezapegao\\components\\Layout"
2026-02-24T18:48:36.244963Z  INFO scan_sources: tailwindcss_oxide::scanner: Discovering "C:\\Users\\Isaque\\dezapegao\\components\\Layout\\Header.tsx"
2026-02-24T18:48:36.245125Z  INFO scan_sources: tailwindcss_oxide::scanner: Discovering "C:\\Users\\Isaque\\dezapegao\\components\\Providers"
2026-02-24T18:48:36.245287Z  INFO scan_sources: tailwindcss_oxide::scanner: Discovering "C:\\Users\\Isaque\\dezapegao\\components\\Providers\\NextAuthProvider.tsx"
2026-02-24T18:48:36.245415Z  INFO scan_sources: tailwindcss_oxide::scanner: Discovering "C:\\Users\\Isaque\\dezapegao\\components\\UI"
2026-02-24T18:48:36.245582Z  INFO scan_sources: tailwindcss_oxide::scanner: Discovering "C:\\Users\\Isaque\\dezapegao\\components\\UI\\Toast.tsx"
2026-02-24T18:48:36.245717Z  INFO scan_sources: tailwindcss_oxide::scanner: Discovering "C:\\Users\\Isaque\\dezapegao\\components\\User"
2026-02-24T18:48:36.245879Z  INFO scan_sources: tailwindcss_oxide::scanner: Discovering "C:\\Users\\Isaque\\dezapegao\\components\\User\\AuthModal.tsx"
2026-02-24T18:48:36.245946Z  INFO scan_sources: tailwindcss_oxide::scanner: Discovering "C:\\Users\\Isaque\\dezapegao\\components\\User\\PaymentsModal.tsx"
2026-02-24T18:48:36.246012Z  INFO scan_sources: tailwindcss_oxide::scanner: Discovering "C:\\Users\\Isaque\\dezapegao\\components\\User\\SettingsModal.tsx"
2026-02-24T18:48:36.246077Z  INFO scan_sources: tailwindcss_oxide::scanner: Discovering "C:\\Users\\Isaque\\dezapegao\\components\\User\\SubscriptionModal.tsx"
2026-02-24T18:48:36.246144Z  INFO scan_sources: tailwindcss_oxide::scanner: Discovering "C:\\Users\\Isaque\\dezapegao\\components\\User\\UserAvatar.tsx"
2026-02-24T18:48:36.246214Z  INFO scan_sources: tailwindcss_oxide::scanner: Discovering "C:\\Users\\Isaque\\dezapegao\\components\\User\\UserMenu.tsx"
2026-02-24T18:48:36.246317Z  INFO scan_sources: tailwindcss_oxide::scanner: Discovering "C:\\Users\\Isaque\\dezapegao\\DEMO_MODE.md"
2026-02-24T18:48:36.246381Z  INFO scan_sources: tailwindcss_oxide::scanner: Discovering "C:\\Users\\Isaque\\dezapegao\\DESIGN_SYSTEM.md"
2026-02-24T18:48:36.246448Z  INFO scan_sources: tailwindcss_oxide::scanner: Discovering "C:\\Users\\Isaque\\dezapegao\\eslint.config.mjs"
2026-02-24T18:48:36.246557Z  INFO scan_sources: tailwindcss_oxide::scanner: Discovering "C:\\Users\\Isaque\\dezapegao\\hooks"
2026-02-24T18:48:36.246715Z  INFO scan_sources: tailwindcss_oxide::scanner: Discovering "C:\\Users\\Isaque\\dezapegao\\hooks\\useAuth.tsx"
2026-02-24T18:48:36.246840Z  INFO scan_sources: tailwindcss_oxide::scanner: Discovering "C:\\Users\\Isaque\\dezapegao\\lib"
2026-02-24T18:48:36.247006Z  INFO scan_sources: tailwindcss_oxide::scanner: Discovering "C:\\Users\\Isaque\\dezapegao\\lib\\categories.ts"
2026-02-24T18:48:36.247074Z  INFO scan_sources: tailwindcss_oxide::scanner: Discovering "C:\\Users\\Isaque\\dezapegao\\lib\\listings-client.ts"
2026-02-24T18:48:36.247141Z  INFO scan_sources: tailwindcss_oxide::scanner: Discovering "C:\\Users\\Isaque\\dezapegao\\lib\\listings.ts"
2026-02-24T18:48:36.247209Z  INFO scan_sources: tailwindcss_oxide::scanner: Discovering "C:\\Users\\Isaque\\dezapegao\\lib\\local-storage.ts"
2026-02-24T18:48:36.247276Z  INFO scan_sources: tailwindcss_oxide::scanner: Discovering "C:\\Users\\Isaque\\dezapegao\\lib\\logger.ts"
2026-02-24T18:48:36.247346Z  INFO scan_sources: tailwindcss_oxide::scanner: Discovering "C:\\Users\\Isaque\\dezapegao\\lib\\mock-data.ts"
2026-02-24T18:48:36.247412Z  INFO scan_sources: tailwindcss_oxide::scanner: Discovering "C:\\Users\\Isaque\\dezapegao\\lib\\prisma.ts"
2026-02-24T18:48:36.247481Z  INFO scan_sources: tailwindcss_oxide::scanner: Discovering "C:\\Users\\Isaque\\dezapegao\\lib\\r2.ts"
2026-02-24T18:48:36.247549Z  INFO scan_sources: tailwindcss_oxide::scanner: Discovering "C:\\Users\\Isaque\\dezapegao\\lib\\storage.ts"
2026-02-24T18:48:36.247614Z  INFO scan_sources: tailwindcss_oxide::scanner: Discovering "C:\\Users\\Isaque\\dezapegao\\lib\\utils.ts"
2026-02-24T18:48:36.247686Z  INFO scan_sources: tailwindcss_oxide::scanner: Discovering "C:\\Users\\Isaque\\dezapegao\\lib\\validation.ts"
2026-02-24T18:48:36.247771Z  INFO scan_sources: tailwindcss_oxide::scanner: Discovering "C:\\Users\\Isaque\\dezapegao\\middleware.ts"
2026-02-24T18:48:36.247848Z  INFO scan_sources: tailwindcss_oxide::scanner: Discovering "C:\\Users\\Isaque\\dezapegao\\next.config.ts"
2026-02-24T18:48:36.248127Z  INFO scan_sources: tailwindcss_oxide::scanner: Discovering "C:\\Users\\Isaque\\dezapegao\\package.json"
2026-02-24T18:48:36.248195Z  INFO scan_sources: tailwindcss_oxide::scanner: Discovering "C:\\Users\\Isaque\\dezapegao\\postcss.config.mjs"
2026-02-24T18:48:36.248305Z  INFO scan_sources: tailwindcss_oxide::scanner: Discovering "C:\\Users\\Isaque\\dezapegao\\prisma"
2026-02-24T18:48:36.248509Z  INFO scan_sources: tailwindcss_oxide::scanner: Discovering "C:\\Users\\Isaque\\dezapegao\\prisma\\migrations"
2026-02-24T18:48:36.248708Z  INFO scan_sources: tailwindcss_oxide::scanner: Discovering "C:\\Users\\Isaque\\dezapegao\\prisma\\migrations\\20260223211637_init"
2026-02-24T18:48:36.248884Z  INFO scan_sources: tailwindcss_oxide::scanner: Discovering "C:\\Users\\Isaque\\dezapegao\\prisma\\migrations\\20260223211637_init\\migration.sql"
2026-02-24T18:48:36.248976Z  INFO scan_sources: tailwindcss_oxide::scanner: Discovering "C:\\Users\\Isaque\\dezapegao\\prisma\\migrations\\migration_lock.toml"
2026-02-24T18:48:36.249075Z  INFO scan_sources: tailwindcss_oxide::scanner: Discovering "C:\\Users\\Isaque\\dezapegao\\prisma\\schema.prisma"
2026-02-24T18:48:36.249157Z  INFO scan_sources: tailwindcss_oxide::scanner: Discovering "C:\\Users\\Isaque\\dezapegao\\prisma.config.ts"
2026-02-24T18:48:36.249265Z  INFO scan_sources: tailwindcss_oxide::scanner: Discovering "C:\\Users\\Isaque\\dezapegao\\public"
2026-02-24T18:48:36.249423Z  INFO scan_sources: tailwindcss_oxide::scanner: Discovering "C:\\Users\\Isaque\\dezapegao\\public\\file.svg"
2026-02-24T18:48:36.249490Z  INFO scan_sources: tailwindcss_oxide::scanner: Discovering "C:\\Users\\Isaque\\dezapegao\\public\\globe.svg"
2026-02-24T18:48:36.249554Z  INFO scan_sources: tailwindcss_oxide::scanner: Discovering "C:\\Users\\Isaque\\dezapegao\\public\\next.svg"
2026-02-24T18:48:36.249620Z  INFO scan_sources: tailwindcss_oxide::scanner: Discovering "C:\\Users\\Isaque\\dezapegao\\public\\vercel.svg"
2026-02-24T18:48:36.249684Z  INFO scan_sources: tailwindcss_oxide::scanner: Discovering "C:\\Users\\Isaque\\dezapegao\\public\\window.svg"
2026-02-24T18:48:36.249765Z  INFO scan_sources: tailwindcss_oxide::scanner: Discovering "C:\\Users\\Isaque\\dezapegao\\README.md"
2026-02-24T18:48:36.249872Z  INFO scan_sources: tailwindcss_oxide::scanner: Discovering "C:\\Users\\Isaque\\dezapegao\\scripts"
2026-02-24T18:48:36.250030Z  INFO scan_sources: tailwindcss_oxide::scanner: Discovering "C:\\Users\\Isaque\\dezapegao\\scripts\\seed-data.sql"
2026-02-24T18:48:36.250113Z  INFO scan_sources: tailwindcss_oxide::scanner: Discovering "C:\\Users\\Isaque\\dezapegao\\SETUP.md"
2026-02-24T18:48:36.250177Z  INFO scan_sources: tailwindcss_oxide::scanner: Discovering "C:\\Users\\Isaque\\dezapegao\\STATUS.md"
2026-02-24T18:48:36.250281Z  INFO scan_sources: tailwindcss_oxide::scanner: Discovering "C:\\Users\\Isaque\\dezapegao\\supabase"
2026-02-24T18:48:36.250578Z  INFO scan_sources: tailwindcss_oxide::scanner: Discovering "C:\\Users\\Isaque\\dezapegao\\supabase\\config.toml"
2026-02-24T18:48:36.250646Z  INFO scan_sources: tailwindcss_oxide::scanner: Discovering "C:\\Users\\Isaque\\dezapegao\\supabase\\fix_storage.sql"
2026-02-24T18:48:36.250755Z  INFO scan_sources: tailwindcss_oxide::scanner: Discovering "C:\\Users\\Isaque\\dezapegao\\supabase\\migrations"
2026-02-24T18:48:36.250921Z  INFO scan_sources: tailwindcss_oxide::scanner: Discovering "C:\\Users\\Isaque\\dezapegao\\supabase\\migrations\\20241223_001_schema.sql"
2026-02-24T18:48:36.250989Z  INFO scan_sources: tailwindcss_oxide::scanner: Discovering "C:\\Users\\Isaque\\dezapegao\\supabase\\migrations\\20241223_002_rls.sql"
2026-02-24T18:48:36.251054Z  INFO scan_sources: tailwindcss_oxide::scanner: Discovering "C:\\Users\\Isaque\\dezapegao\\supabase\\migrations\\20241223_003_storage.sql"
2026-02-24T18:48:36.251138Z  INFO scan_sources: tailwindcss_oxide::scanner: Discovering "C:\\Users\\Isaque\\dezapegao\\supabase\\reset_db.sql"
2026-02-24T18:48:36.251238Z  INFO scan_sources: tailwindcss_oxide::scanner: Discovering "C:\\Users\\Isaque\\dezapegao\\supabase\\rls_policies.sql"
2026-02-24T18:48:36.251305Z  INFO scan_sources: tailwindcss_oxide::scanner: Discovering "C:\\Users\\Isaque\\dezapegao\\supabase\\schema.sql"
2026-02-24T18:48:36.251371Z  INFO scan_sources: tailwindcss_oxide::scanner: Discovering "C:\\Users\\Isaque\\dezapegao\\supabase\\storage_buckets.sql"
2026-02-24T18:48:36.251483Z  INFO scan_sources: tailwindcss_oxide::scanner: Discovering "C:\\Users\\Isaque\\dezapegao\\tsconfig.json"
2026-02-24T18:48:36.251593Z  INFO scan_sources: tailwindcss_oxide::scanner: Discovering "C:\\Users\\Isaque\\dezapegao\\types"
2026-02-24T18:48:36.251752Z  INFO scan_sources: tailwindcss_oxide::scanner: Discovering "C:\\Users\\Isaque\\dezapegao\\types\\database.ts"
2026-02-24T18:48:36.251859Z  INFO scan_sources: tailwindcss_oxide::scanner: exit
2026-02-24T18:48:36.251868Z  INFO extract_candidates: tailwindcss_oxide::scanner: enter
2026-02-24T18:48:36.251874Z  INFO extract_candidates:read_all_files: tailwindcss_oxide::scanner: enter
2026-02-24T18:48:36.251878Z  INFO extract_candidates:read_all_files: tailwindcss_oxide::scanner: Reading 77 file(s)
2026-02-24T18:48:36.252260Z  INFO tailwindcss_oxide::scanner: Reading "C:\\Users\\Isaque\\dezapegao\\lib\\categories.ts"
2026-02-24T18:48:36.252270Z  INFO tailwindcss_oxide::scanner: Reading "C:\\Users\\Isaque\\dezapegao\\app\\api\\analytics\\route.ts"
2026-02-24T18:48:36.252279Z  INFO tailwindcss_oxide::scanner: Reading "C:\\Users\\Isaque\\dezapegao\\public\\file.svg"
2026-02-24T18:48:36.252300Z  INFO tailwindcss_oxide::scanner: Reading "C:\\Users\\Isaque\\dezapegao\\app\\api\\user\\listings-count\\route.ts"
2026-02-24T18:48:36.252296Z  INFO tailwindcss_oxide::scanner: Reading "C:\\Users\\Isaque\\dezapegao\\components\\Dashboard\\DashboardModal.tsx"
2026-02-24T18:48:36.252346Z  INFO tailwindcss_oxide::scanner: Reading "C:\\Users\\Isaque\\dezapegao\\app\\api\\listings\\create\\route.ts"
2026-02-24T18:48:36.252355Z  INFO tailwindcss_oxide::scanner: Reading "C:\\Users\\Isaque\\dezapegao\\public\\globe.svg"
2026-02-24T18:48:36.252358Z  INFO tailwindcss_oxide::scanner: Reading "C:\\Users\\Isaque\\dezapegao\\lib\\listings-client.ts"
2026-02-24T18:48:36.252374Z  INFO tailwindcss_oxide::scanner: Reading "C:\\Users\\Isaque\\dezapegao\\app\\api\\auth\\signup\\route.ts"
2026-02-24T18:48:36.252375Z  INFO tailwindcss_oxide::scanner: Reading "C:\\Users\\Isaque\\dezapegao\\supabase\\fix_storage.sql"
2026-02-24T18:48:36.252406Z  INFO tailwindcss_oxide::scanner: Reading "C:\\Users\\Isaque\\dezapegao\\app\\api\\auth\\[...nextauth]\\route.ts"
2026-02-24T18:48:36.252409Z  INFO tailwindcss_oxide::scanner: Reading "C:\\Users\\Isaque\\dezapegao\\app\\auth\\callback\\route.ts"
2026-02-24T18:48:36.252419Z  INFO tailwindcss_oxide::scanner: Reading "C:\\Users\\Isaque\\dezapegao\\components\\Dashboard\\EditListingModal.tsx"
2026-02-24T18:48:36.252442Z  INFO tailwindcss_oxide::scanner: Reading "C:\\Users\\Isaque\\dezapegao\\app\\api\\listings\\route.ts"
2026-02-24T18:48:36.252446Z  INFO tailwindcss_oxide::scanner: Reading "C:\\Users\\Isaque\\dezapegao\\public\\next.svg"
2026-02-24T18:48:36.252442Z  INFO tailwindcss_oxide::scanner: Reading "C:\\Users\\Isaque\\dezapegao\\app\\api\\likes\\route.ts"
2026-02-24T18:48:36.252482Z  INFO tailwindcss_oxide::scanner: Reading "C:\\Users\\Isaque\\dezapegao\\lib\\listings.ts"
2026-02-24T18:48:36.252490Z  INFO tailwindcss_oxide::scanner: Reading "C:\\Users\\Isaque\\dezapegao\\supabase\\migrations\\20241223_001_schema.sql"
2026-02-24T18:48:36.252491Z  INFO tailwindcss_oxide::scanner: Reading "C:\\Users\\Isaque\\dezapegao\\prisma\\migrations\\migration_lock.toml"
2026-02-24T18:48:36.252494Z  INFO tailwindcss_oxide::scanner: Reading "C:\\Users\\Isaque\\dezapegao\\lib\\utils.ts"
2026-02-24T18:48:36.252493Z  INFO tailwindcss_oxide::scanner: Reading "C:\\Users\\Isaque\\dezapegao\\postcss.config.mjs"
2026-02-24T18:48:36.252511Z  INFO tailwindcss_oxide::scanner: Reading "C:\\Users\\Isaque\\dezapegao\\app\\layout.tsx"
2026-02-24T18:48:36.252528Z  INFO tailwindcss_oxide::scanner: Reading "C:\\Users\\Isaque\\dezapegao\\app\\dashboard\\new\\page.tsx"
2026-02-24T18:48:36.252532Z  INFO tailwindcss_oxide::scanner: Reading "C:\\Users\\Isaque\\dezapegao\\public\\vercel.svg"
2026-02-24T18:48:36.252542Z  INFO tailwindcss_oxide::scanner: Reading "C:\\Users\\Isaque\\dezapegao\\components\\Dashboard\\NewListingModal.tsx"
2026-02-24T18:48:36.252560Z  INFO tailwindcss_oxide::scanner: Reading "C:\\Users\\Isaque\\dezapegao\\README.md"
2026-02-24T18:48:36.252589Z  INFO tailwindcss_oxide::scanner: Reading "C:\\Users\\Isaque\\dezapegao\\prisma\\schema.prisma"
2026-02-24T18:48:36.252591Z  INFO tailwindcss_oxide::scanner: Reading "C:\\Users\\Isaque\\dezapegao\\supabase\\migrations\\20241223_002_rls.sql"
2026-02-24T18:48:36.252592Z  INFO tailwindcss_oxide::scanner: Reading "C:\\Users\\Isaque\\dezapegao\\lib\\validation.ts"
2026-02-24T18:48:36.252587Z  INFO tailwindcss_oxide::scanner: Reading "C:\\Users\\Isaque\\dezapegao\\components\\User\\AuthModal.tsx"
2026-02-24T18:48:36.252619Z  INFO tailwindcss_oxide::scanner: Reading "C:\\Users\\Isaque\\dezapegao\\prisma\\migrations\\20260223211637_init\\migration.sql"
2026-02-24T18:48:36.252645Z  INFO tailwindcss_oxide::scanner: Reading "C:\\Users\\Isaque\\dezapegao\\components\\Feed\\LikeButton.tsx"
2026-02-24T18:48:36.252645Z  INFO tailwindcss_oxide::scanner: Reading "C:\\Users\\Isaque\\dezapegao\\app\\dashboard\\page.tsx"
2026-02-24T18:48:36.252657Z  INFO tailwindcss_oxide::scanner: Reading "C:\\Users\\Isaque\\dezapegao\\public\\window.svg"
2026-02-24T18:48:36.252663Z  INFO tailwindcss_oxide::scanner: Reading "C:\\Users\\Isaque\\dezapegao\\lib\\logger.ts"
2026-02-24T18:48:36.252670Z  INFO tailwindcss_oxide::scanner: Reading "C:\\Users\\Isaque\\dezapegao\\scripts\\seed-data.sql"
2026-02-24T18:48:36.252675Z  INFO tailwindcss_oxide::scanner: Reading "C:\\Users\\Isaque\\dezapegao\\app\\login\\page.tsx"
2026-02-24T18:48:36.252684Z  INFO tailwindcss_oxide::scanner: Reading "C:\\Users\\Isaque\\dezapegao\\supabase\\migrations\\20241223_003_storage.sql"
2026-02-24T18:48:36.252698Z  INFO tailwindcss_oxide::scanner: Reading "C:\\Users\\Isaque\\dezapegao\\middleware.ts"
2026-02-24T18:48:36.252686Z  INFO tailwindcss_oxide::scanner: Reading "C:\\Users\\Isaque\\dezapegao\\prisma.config.ts"
2026-02-24T18:48:36.252710Z  INFO tailwindcss_oxide::scanner: Reading "C:\\Users\\Isaque\\dezapegao\\components\\User\\PaymentsModal.tsx"
2026-02-24T18:48:36.252715Z  INFO tailwindcss_oxide::scanner: Reading "C:\\Users\\Isaque\\dezapegao\\components\\Feed\\ReelsFeed.tsx"
2026-02-24T18:48:36.252729Z  INFO tailwindcss_oxide::scanner: Reading "C:\\Users\\Isaque\\dezapegao\\app\\explorar\\page.tsx"
2026-02-24T18:48:36.252731Z  INFO tailwindcss_oxide::scanner: Reading "C:\\Users\\Isaque\\dezapegao\\app\\api\\profile\\update\\route.ts"
2026-02-24T18:48:36.252748Z  INFO tailwindcss_oxide::scanner: Reading "C:\\Users\\Isaque\\dezapegao\\app\\page.tsx"
2026-02-24T18:48:36.252769Z  INFO tailwindcss_oxide::scanner: Reading "C:\\Users\\Isaque\\dezapegao\\SETUP.md"
2026-02-24T18:48:36.252780Z  INFO tailwindcss_oxide::scanner: Reading "C:\\Users\\Isaque\\dezapegao\\supabase\\reset_db.sql"
2026-02-24T18:48:36.252785Z  INFO tailwindcss_oxide::scanner: Reading "C:\\Users\\Isaque\\dezapegao\\app\\api\\upload\\route.ts"
2026-02-24T18:48:36.252789Z  INFO tailwindcss_oxide::scanner: Reading "C:\\Users\\Isaque\\dezapegao\\next.config.ts"
2026-02-24T18:48:36.252795Z  INFO tailwindcss_oxide::scanner: Reading "C:\\Users\\Isaque\\dezapegao\\supabase\\rls_policies.sql"
2026-02-24T18:48:36.252789Z  INFO tailwindcss_oxide::scanner: Reading "C:\\Users\\Isaque\\dezapegao\\STATUS.md"
2026-02-24T18:48:36.252825Z  INFO tailwindcss_oxide::scanner: Reading "C:\\Users\\Isaque\\dezapegao\\package.json"
2026-02-24T18:48:36.252830Z  INFO tailwindcss_oxide::scanner: Reading "C:\\Users\\Isaque\\dezapegao\\components\\User\\SettingsModal.tsx"
2026-02-24T18:48:36.252844Z  INFO tailwindcss_oxide::scanner: Reading "C:\\Users\\Isaque\\dezapegao\\supabase\\storage_buckets.sql"
2026-02-24T18:48:36.252841Z  INFO tailwindcss_oxide::scanner: Reading "C:\\Users\\Isaque\\dezapegao\\components\\Feed\\StoryCard.tsx"
2026-02-24T18:48:36.252831Z  INFO tailwindcss_oxide::scanner: Reading "C:\\Users\\Isaque\\dezapegao\\app\\signup\\page.tsx"
2026-02-24T18:48:36.252871Z  INFO tailwindcss_oxide::scanner: Reading "C:\\Users\\Isaque\\dezapegao\\components\\User\\SubscriptionModal.tsx"
2026-02-24T18:48:36.252879Z  INFO tailwindcss_oxide::scanner: Reading "C:\\Users\\Isaque\\dezapegao\\DESIGN_SYSTEM.md"
2026-02-24T18:48:36.252891Z  INFO tailwindcss_oxide::scanner: Reading "C:\\Users\\Isaque\\dezapegao\\lib\\r2.ts"
2026-02-24T18:48:36.252914Z  INFO tailwindcss_oxide::scanner: Reading "C:\\Users\\Isaque\\dezapegao\\lib\\mock-data.ts"
2026-02-24T18:48:36.252861Z  INFO tailwindcss_oxide::scanner: Reading "C:\\Users\\Isaque\\dezapegao\\supabase\\schema.sql"
2026-02-24T18:48:36.252926Z  INFO tailwindcss_oxide::scanner: Reading "C:\\Users\\Isaque\\dezapegao\\supabase\\config.toml"
2026-02-24T18:48:36.252934Z  INFO tailwindcss_oxide::scanner: Reading "C:\\Users\\Isaque\\dezapegao\\tsconfig.json"
2026-02-24T18:48:36.252935Z  INFO tailwindcss_oxide::scanner: Reading "C:\\Users\\Isaque\\dezapegao\\components\\User\\UserAvatar.tsx"
2026-02-24T18:48:36.252943Z  INFO tailwindcss_oxide::scanner: Reading "C:\\Users\\Isaque\\dezapegao\\lib\\prisma.ts"
2026-02-24T18:48:36.252940Z  INFO tailwindcss_oxide::scanner: Reading "C:\\Users\\Isaque\\dezapegao\\DEMO_MODE.md"
2026-02-24T18:48:36.252959Z  INFO tailwindcss_oxide::scanner: Reading "C:\\Users\\Isaque\\dezapegao\\eslint.config.mjs"
2026-02-24T18:48:36.252699Z  INFO tailwindcss_oxide::scanner: Reading "C:\\Users\\Isaque\\dezapegao\\lib\\local-storage.ts"
2026-02-24T18:48:36.252951Z  INFO tailwindcss_oxide::scanner: Reading "C:\\Users\\Isaque\\dezapegao\\app\\reset\\page.tsx"
2026-02-24T18:48:36.252981Z  INFO tailwindcss_oxide::scanner: Reading "C:\\Users\\Isaque\\dezapegao\\lib\\storage.ts"
2026-02-24T18:48:36.253002Z  INFO tailwindcss_oxide::scanner: Reading "C:\\Users\\Isaque\\dezapegao\\hooks\\useAuth.tsx"
2026-02-24T18:48:36.253003Z  INFO tailwindcss_oxide::scanner: Reading "C:\\Users\\Isaque\\dezapegao\\components\\Providers\\NextAuthProvider.tsx"
2026-02-24T18:48:36.252998Z  INFO tailwindcss_oxide::scanner: Reading "C:\\Users\\Isaque\\dezapegao\\components\\User\\UserMenu.tsx"
2026-02-24T18:48:36.252983Z  INFO tailwindcss_oxide::scanner: Reading "C:\\Users\\Isaque\\dezapegao\\components\\Layout\\Header.tsx"
2026-02-24T18:48:36.253000Z  INFO tailwindcss_oxide::scanner: Reading "C:\\Users\\Isaque\\dezapegao\\app\\api\\listings\\[id]\\route.ts"
2026-02-24T18:48:36.253024Z  INFO tailwindcss_oxide::scanner: Reading "C:\\Users\\Isaque\\dezapegao\\types\\database.ts"
2026-02-24T18:48:36.253084Z  INFO tailwindcss_oxide::scanner: Reading "C:\\Users\\Isaque\\dezapegao\\components\\UI\\Toast.tsx"
2026-02-24T18:48:36.253154Z  INFO extract_candidates:read_all_files: tailwindcss_oxide::scanner: exit
2026-02-24T18:48:36.253167Z  INFO extract_candidates:parse_all_blobs: tailwindcss_oxide::scanner: enter
2026-02-24T18:48:36.253174Z  INFO extract_candidates:parse_all_blobs:extract: tailwindcss_oxide::scanner: enter
2026-02-24T18:48:36.255160Z  INFO extract_candidates:parse_all_blobs:extract: tailwindcss_oxide::scanner: exit
2026-02-24T18:48:36.255247Z  INFO extract_candidates:parse_all_blobs: tailwindcss_oxide::scanner: exit
2026-02-24T18:48:36.255253Z  INFO extract_candidates:read_all_files: tailwindcss_oxide::scanner: enter
2026-02-24T18:48:36.255257Z  INFO extract_candidates:read_all_files: tailwindcss_oxide::scanner: Reading 1 file(s)
2026-02-24T18:48:36.255350Z  INFO extract_candidates:read_all_files: tailwindcss_oxide::scanner: Reading "C:\\Users\\Isaque\\dezapegao\\app\\globals.css"
2026-02-24T18:48:36.255360Z  INFO extract_candidates:read_all_files: tailwindcss_oxide::scanner: exit
2026-02-24T18:48:36.255366Z  INFO extract_candidates:extract_css_variables: tailwindcss_oxide::scanner: enter
2026-02-24T18:48:36.255372Z  INFO extract_candidates:extract_css_variables:extract: tailwindcss_oxide::scanner: enter
2026-02-24T18:48:36.255462Z  INFO extract_candidates:extract_css_variables:extract: tailwindcss_oxide::scanner: exit
2026-02-24T18:48:36.255476Z  INFO extract_candidates:extract_css_variables: tailwindcss_oxide::scanner: exit
2026-02-24T18:48:36.256066Z  INFO extract_candidates: tailwindcss_oxide::scanner: exit
2026-02-24T18:48:36.256969Z  INFO get_files: tailwindcss_oxide::scanner: enter
2026-02-24T18:48:36.256978Z  INFO get_files:scan_sources: tailwindcss_oxide::scanner: enter
2026-02-24T18:48:36.258437Z  INFO get_files:scan_sources: tailwindcss_oxide::scanner: Discovering "C:\\Users\\Isaque\\dezapegao\\app"
2026-02-24T18:48:36.258641Z  INFO get_files:scan_sources: tailwindcss_oxide::scanner: Discovering "C:\\Users\\Isaque\\dezapegao\\app\\api"
2026-02-24T18:48:36.258844Z  INFO get_files:scan_sources: tailwindcss_oxide::scanner: Discovering "C:\\Users\\Isaque\\dezapegao\\app\\api\\analytics"
2026-02-24T18:48:36.259098Z  INFO get_files:scan_sources: tailwindcss_oxide::scanner: Discovering "C:\\Users\\Isaque\\dezapegao\\app\\api\\auth"
2026-02-24T18:48:36.259300Z  INFO get_files:scan_sources: tailwindcss_oxide::scanner: Discovering "C:\\Users\\Isaque\\dezapegao\\app\\api\\auth\\signup"
2026-02-24T18:48:36.259552Z  INFO get_files:scan_sources: tailwindcss_oxide::scanner: Discovering "C:\\Users\\Isaque\\dezapegao\\app\\api\\auth\\[...nextauth]"
2026-02-24T18:48:36.259819Z  INFO get_files:scan_sources: tailwindcss_oxide::scanner: Discovering "C:\\Users\\Isaque\\dezapegao\\app\\api\\likes"
2026-02-24T18:48:36.260064Z  INFO get_files:scan_sources: tailwindcss_oxide::scanner: Discovering "C:\\Users\\Isaque\\dezapegao\\app\\api\\listings"
2026-02-24T18:48:36.260263Z  INFO get_files:scan_sources: tailwindcss_oxide::scanner: Discovering "C:\\Users\\Isaque\\dezapegao\\app\\api\\listings\\create"
2026-02-24T18:48:36.260540Z  INFO get_files:scan_sources: tailwindcss_oxide::scanner: Discovering "C:\\Users\\Isaque\\dezapegao\\app\\api\\listings\\[id]"
2026-02-24T18:48:36.260800Z  INFO get_files:scan_sources: tailwindcss_oxide::scanner: Discovering "C:\\Users\\Isaque\\dezapegao\\app\\api\\profile"
2026-02-24T18:48:36.260992Z  INFO get_files:scan_sources: tailwindcss_oxide::scanner: Discovering "C:\\Users\\Isaque\\dezapegao\\app\\api\\profile\\update"
2026-02-24T18:48:36.261251Z  INFO get_files:scan_sources: tailwindcss_oxide::scanner: Discovering "C:\\Users\\Isaque\\dezapegao\\app\\api\\upload"
2026-02-24T18:48:36.261494Z  INFO get_files:scan_sources: tailwindcss_oxide::scanner: Discovering "C:\\Users\\Isaque\\dezapegao\\app\\api\\user"
2026-02-24T18:48:36.261764Z  INFO get_files:scan_sources: tailwindcss_oxide::scanner: Discovering "C:\\Users\\Isaque\\dezapegao\\app\\api\\user\\listings-count"
2026-02-24T18:48:36.262073Z  INFO get_files:scan_sources: tailwindcss_oxide::scanner: Discovering "C:\\Users\\Isaque\\dezapegao\\app\\auth"
2026-02-24T18:48:36.262278Z  INFO get_files:scan_sources: tailwindcss_oxide::scanner: Discovering "C:\\Users\\Isaque\\dezapegao\\app\\auth\\callback"
2026-02-24T18:48:36.262555Z  INFO get_files:scan_sources: tailwindcss_oxide::scanner: Discovering "C:\\Users\\Isaque\\dezapegao\\app\\dashboard"
2026-02-24T18:48:36.262756Z  INFO get_files:scan_sources: tailwindcss_oxide::scanner: Discovering "C:\\Users\\Isaque\\dezapegao\\app\\dashboard\\new"
2026-02-24T18:48:36.263060Z  INFO get_files:scan_sources: tailwindcss_oxide::scanner: Discovering "C:\\Users\\Isaque\\dezapegao\\app\\explorar"
2026-02-24T18:48:36.263384Z  INFO get_files:scan_sources: tailwindcss_oxide::scanner: Discovering "C:\\Users\\Isaque\\dezapegao\\app\\login"
2026-02-24T18:48:36.263662Z  INFO get_files:scan_sources: tailwindcss_oxide::scanner: Discovering "C:\\Users\\Isaque\\dezapegao\\app\\reset"
2026-02-24T18:48:36.263905Z  INFO get_files:scan_sources: tailwindcss_oxide::scanner: Discovering "C:\\Users\\Isaque\\dezapegao\\app\\signup"
2026-02-24T18:48:36.264169Z  INFO get_files:scan_sources: tailwindcss_oxide::scanner: Discovering "C:\\Users\\Isaque\\dezapegao\\components"
2026-02-24T18:48:36.264410Z  INFO get_files:scan_sources: tailwindcss_oxide::scanner: Discovering "C:\\Users\\Isaque\\dezapegao\\components\\Dashboard"
2026-02-24T18:48:36.264739Z  INFO get_files:scan_sources: tailwindcss_oxide::scanner: Discovering "C:\\Users\\Isaque\\dezapegao\\components\\Feed"
2026-02-24T18:48:36.265062Z  INFO get_files:scan_sources: tailwindcss_oxide::scanner: Discovering "C:\\Users\\Isaque\\dezapegao\\components\\Layout"
2026-02-24T18:48:36.265314Z  INFO get_files:scan_sources: tailwindcss_oxide::scanner: Discovering "C:\\Users\\Isaque\\dezapegao\\components\\Providers"
2026-02-24T18:48:36.265565Z  INFO get_files:scan_sources: tailwindcss_oxide::scanner: Discovering "C:\\Users\\Isaque\\dezapegao\\components\\UI"
2026-02-24T18:48:36.265814Z  INFO get_files:scan_sources: tailwindcss_oxide::scanner: Discovering "C:\\Users\\Isaque\\dezapegao\\components\\User"
2026-02-24T18:48:36.266351Z  INFO get_files:scan_sources: tailwindcss_oxide::scanner: Discovering "C:\\Users\\Isaque\\dezapegao\\hooks"
2026-02-24T18:48:36.266602Z  INFO get_files:scan_sources: tailwindcss_oxide::scanner: Discovering "C:\\Users\\Isaque\\dezapegao\\lib"
2026-02-24T18:48:36.267547Z  INFO get_files:scan_sources: tailwindcss_oxide::scanner: Discovering "C:\\Users\\Isaque\\dezapegao\\prisma"
2026-02-24T18:48:36.267750Z  INFO get_files:scan_sources: tailwindcss_oxide::scanner: Discovering "C:\\Users\\Isaque\\dezapegao\\prisma\\migrations"
2026-02-24T18:48:36.267951Z  INFO get_files:scan_sources: tailwindcss_oxide::scanner: Discovering "C:\\Users\\Isaque\\dezapegao\\prisma\\migrations\\20260223211637_init"
2026-02-24T18:48:36.268347Z  INFO get_files:scan_sources: tailwindcss_oxide::scanner: Discovering "C:\\Users\\Isaque\\dezapegao\\public"
2026-02-24T18:48:36.268758Z  INFO get_files:scan_sources: tailwindcss_oxide::scanner: Discovering "C:\\Users\\Isaque\\dezapegao\\scripts"
2026-02-24T18:48:36.269067Z  INFO get_files:scan_sources: tailwindcss_oxide::scanner: Discovering "C:\\Users\\Isaque\\dezapegao\\supabase"
2026-02-24T18:48:36.269475Z  INFO get_files:scan_sources: tailwindcss_oxide::scanner: Discovering "C:\\Users\\Isaque\\dezapegao\\supabase\\migrations"
2026-02-24T18:48:36.270001Z  INFO get_files:scan_sources: tailwindcss_oxide::scanner: Discovering "C:\\Users\\Isaque\\dezapegao\\types"
2026-02-24T18:48:36.270282Z  INFO get_files:scan_sources: tailwindcss_oxide::scanner: exit
2026-02-24T18:48:36.270355Z  INFO get_files: tailwindcss_oxide::scanner: exit
2026-02-24T18:48:36.270945Z  INFO get_globs: tailwindcss_oxide::scanner: enter
2026-02-24T18:48:36.270954Z  INFO get_globs:scan_sources: tailwindcss_oxide::scanner: enter
2026-02-24T18:48:36.272397Z  INFO get_globs:scan_sources: tailwindcss_oxide::scanner: Discovering "C:\\Users\\Isaque\\dezapegao\\app"
2026-02-24T18:48:36.272605Z  INFO get_globs:scan_sources: tailwindcss_oxide::scanner: Discovering "C:\\Users\\Isaque\\dezapegao\\app\\api"
2026-02-24T18:48:36.272824Z  INFO get_globs:scan_sources: tailwindcss_oxide::scanner: Discovering "C:\\Users\\Isaque\\dezapegao\\app\\api\\analytics"
2026-02-24T18:48:36.273086Z  INFO get_globs:scan_sources: tailwindcss_oxide::scanner: Discovering "C:\\Users\\Isaque\\dezapegao\\app\\api\\auth"
2026-02-24T18:48:36.273293Z  INFO get_globs:scan_sources: tailwindcss_oxide::scanner: Discovering "C:\\Users\\Isaque\\dezapegao\\app\\api\\auth\\signup"
2026-02-24T18:48:36.273573Z  INFO get_globs:scan_sources: tailwindcss_oxide::scanner: Discovering "C:\\Users\\Isaque\\dezapegao\\app\\api\\auth\\[...nextauth]"
2026-02-24T18:48:36.273844Z  INFO get_globs:scan_sources: tailwindcss_oxide::scanner: Discovering "C:\\Users\\Isaque\\dezapegao\\app\\api\\likes"
2026-02-24T18:48:36.274092Z  INFO get_globs:scan_sources: tailwindcss_oxide::scanner: Discovering "C:\\Users\\Isaque\\dezapegao\\app\\api\\listings"
2026-02-24T18:48:36.274304Z  INFO get_globs:scan_sources: tailwindcss_oxide::scanner: Discovering "C:\\Users\\Isaque\\dezapegao\\app\\api\\listings\\create"
2026-02-24T18:48:36.274597Z  INFO get_globs:scan_sources: tailwindcss_oxide::scanner: Discovering "C:\\Users\\Isaque\\dezapegao\\app\\api\\listings\\[id]"
2026-02-24T18:48:36.274886Z  INFO get_globs:scan_sources: tailwindcss_oxide::scanner: Discovering "C:\\Users\\Isaque\\dezapegao\\app\\api\\profile"
2026-02-24T18:48:36.275126Z  INFO get_globs:scan_sources: tailwindcss_oxide::scanner: Discovering "C:\\Users\\Isaque\\dezapegao\\app\\api\\profile\\update"
2026-02-24T18:48:36.275403Z  INFO get_globs:scan_sources: tailwindcss_oxide::scanner: Discovering "C:\\Users\\Isaque\\dezapegao\\app\\api\\upload"
2026-02-24T18:48:36.275690Z  INFO get_globs:scan_sources: tailwindcss_oxide::scanner: Discovering "C:\\Users\\Isaque\\dezapegao\\app\\api\\user"
2026-02-24T18:48:36.275895Z  INFO get_globs:scan_sources: tailwindcss_oxide::scanner: Discovering "C:\\Users\\Isaque\\dezapegao\\app\\api\\user\\listings-count"
2026-02-24T18:48:36.276201Z  INFO get_globs:scan_sources: tailwindcss_oxide::scanner: Discovering "C:\\Users\\Isaque\\dezapegao\\app\\auth"
2026-02-24T18:48:36.276443Z  INFO get_globs:scan_sources: tailwindcss_oxide::scanner: Discovering "C:\\Users\\Isaque\\dezapegao\\app\\auth\\callback"
2026-02-24T18:48:36.276742Z  INFO get_globs:scan_sources: tailwindcss_oxide::scanner: Discovering "C:\\Users\\Isaque\\dezapegao\\app\\dashboard"
2026-02-24T18:48:36.276944Z  INFO get_globs:scan_sources: tailwindcss_oxide::scanner: Discovering "C:\\Users\\Isaque\\dezapegao\\app\\dashboard\\new"
2026-02-24T18:48:36.277252Z  INFO get_globs:scan_sources: tailwindcss_oxide::scanner: Discovering "C:\\Users\\Isaque\\dezapegao\\app\\explorar"
2026-02-24T18:48:36.277580Z  INFO get_globs:scan_sources: tailwindcss_oxide::scanner: Discovering "C:\\Users\\Isaque\\dezapegao\\app\\login"
2026-02-24T18:48:36.277868Z  INFO get_globs:scan_sources: tailwindcss_oxide::scanner: Discovering "C:\\Users\\Isaque\\dezapegao\\app\\reset"
2026-02-24T18:48:36.278115Z  INFO get_globs:scan_sources: tailwindcss_oxide::scanner: Discovering "C:\\Users\\Isaque\\dezapegao\\app\\signup"
2026-02-24T18:48:36.278385Z  INFO get_globs:scan_sources: tailwindcss_oxide::scanner: Discovering "C:\\Users\\Isaque\\dezapegao\\components"
2026-02-24T18:48:36.278586Z  INFO get_globs:scan_sources: tailwindcss_oxide::scanner: Discovering "C:\\Users\\Isaque\\dezapegao\\components\\Dashboard"
2026-02-24T18:48:36.278928Z  INFO get_globs:scan_sources: tailwindcss_oxide::scanner: Discovering "C:\\Users\\Isaque\\dezapegao\\components\\Feed"
2026-02-24T18:48:36.279249Z  INFO get_globs:scan_sources: tailwindcss_oxide::scanner: Discovering "C:\\Users\\Isaque\\dezapegao\\components\\Layout"
2026-02-24T18:48:36.279499Z  INFO get_globs:scan_sources: tailwindcss_oxide::scanner: Discovering "C:\\Users\\Isaque\\dezapegao\\components\\Providers"
2026-02-24T18:48:36.279750Z  INFO get_globs:scan_sources: tailwindcss_oxide::scanner: Discovering "C:\\Users\\Isaque\\dezapegao\\components\\UI"
2026-02-24T18:48:36.280000Z  INFO get_globs:scan_sources: tailwindcss_oxide::scanner: Discovering "C:\\Users\\Isaque\\dezapegao\\components\\User"
2026-02-24T18:48:36.280565Z  INFO get_globs:scan_sources: tailwindcss_oxide::scanner: Discovering "C:\\Users\\Isaque\\dezapegao\\hooks"
2026-02-24T18:48:36.280831Z  INFO get_globs:scan_sources: tailwindcss_oxide::scanner: Discovering "C:\\Users\\Isaque\\dezapegao\\lib"
2026-02-24T18:48:36.281796Z  INFO get_globs:scan_sources: tailwindcss_oxide::scanner: Discovering "C:\\Users\\Isaque\\dezapegao\\prisma"
2026-02-24T18:48:36.281998Z  INFO get_globs:scan_sources: tailwindcss_oxide::scanner: Discovering "C:\\Users\\Isaque\\dezapegao\\prisma\\migrations"
2026-02-24T18:48:36.282200Z  INFO get_globs:scan_sources: tailwindcss_oxide::scanner: Discovering "C:\\Users\\Isaque\\dezapegao\\prisma\\migrations\\20260223211637_init"
2026-02-24T18:48:36.282595Z  INFO get_globs:scan_sources: tailwindcss_oxide::scanner: Discovering "C:\\Users\\Isaque\\dezapegao\\public"
2026-02-24T18:48:36.283021Z  INFO get_globs:scan_sources: tailwindcss_oxide::scanner: Discovering "C:\\Users\\Isaque\\dezapegao\\scripts"
2026-02-24T18:48:36.283336Z  INFO get_globs:scan_sources: tailwindcss_oxide::scanner: Discovering "C:\\Users\\Isaque\\dezapegao\\supabase"
2026-02-24T18:48:36.283745Z  INFO get_globs:scan_sources: tailwindcss_oxide::scanner: Discovering "C:\\Users\\Isaque\\dezapegao\\supabase\\migrations"
2026-02-24T18:48:36.284284Z  INFO get_globs:scan_sources: tailwindcss_oxide::scanner: Discovering "C:\\Users\\Isaque\\dezapegao\\types"
2026-02-24T18:48:36.284515Z  INFO get_globs:scan_sources: tailwindcss_oxide::scanner: exit
2026-02-24T18:48:36.292753Z  INFO get_globs: tailwindcss_oxide::scanner: exit
