2026-02-24T18:39:10.146426Z  INFO tailwindcss_oxide::scanner: Provided sources:
2026-02-24T18:39:10.146505Z  INFO tailwindcss_oxide::scanner: Source: PublicSourceEntry { base: "C:\\Users\\Isaque\\dezapegao", pattern: "**/*", negated: false }
2026-02-24T18:39:10.146627Z  INFO tailwindcss_oxide::scanner: Optimized sources:
2026-02-24T18:39:10.146641Z  INFO tailwindcss_oxide::scanner: Source: Auto { base: "C:\\Users\\Isaque\\dezapegao" }
2026-02-24T18:39:10.148079Z  INFO scan_sources: tailwindcss_oxide::scanner: enter
2026-02-24T18:39:10.149827Z  INFO scan_sources: tailwindcss_oxide::scanner: Discovering "C:\\Users\\Isaque\\dezapegao\\app"
2026-02-24T18:39:10.157391Z  INFO scan_sources: tailwindcss_oxide::scanner: Discovering "C:\\Users\\Isaque\\dezapegao\\app\\api"
2026-02-24T18:39:10.157602Z  INFO scan_sources: tailwindcss_oxide::scanner: Discovering "C:\\Users\\Isaque\\dezapegao\\app\\api\\analytics"
2026-02-24T18:39:10.157770Z  INFO scan_sources: tailwindcss_oxide::scanner: Discovering "C:\\Users\\Isaque\\dezapegao\\app\\api\\analytics\\route.ts"
2026-02-24T18:39:10.157905Z  INFO scan_sources: tailwindcss_oxide::scanner: Discovering "C:\\Users\\Isaque\\dezapegao\\app\\api\\auth"
2026-02-24T18:39:10.158114Z  INFO scan_sources: tailwindcss_oxide::scanner: Discovering "C:\\Users\\Isaque\\dezapegao\\app\\api\\auth\\signup"
2026-02-24T18:39:10.158278Z  INFO scan_sources: tailwindcss_oxide::scanner: Discovering "C:\\Users\\Isaque\\dezapegao\\app\\api\\auth\\signup\\route.ts"
2026-02-24T18:39:10.158411Z  INFO scan_sources: tailwindcss_oxide::scanner: Discovering "C:\\Users\\Isaque\\dezapegao\\app\\api\\auth\\[...nextauth]"
2026-02-24T18:39:10.158574Z  INFO scan_sources: tailwindcss_oxide::scanner: Discovering "C:\\Users\\Isaque\\dezapegao\\app\\api\\auth\\[...nextauth]\\route.ts"
2026-02-24T18:39:10.158714Z  INFO scan_sources: tailwindcss_oxide::scanner: Discovering "C:\\Users\\Isaque\\dezapegao\\app\\api\\likes"
2026-02-24T18:39:10.158873Z  INFO scan_sources: tailwindcss_oxide::scanner: Discovering "C:\\Users\\Isaque\\dezapegao\\app\\api\\likes\\route.ts"
2026-02-24T18:39:10.158994Z  INFO scan_sources: tailwindcss_oxide::scanner: Discovering "C:\\Users\\Isaque\\dezapegao\\app\\api\\listings"
2026-02-24T18:39:10.159192Z  INFO scan_sources: tailwindcss_oxide::scanner: Discovering "C:\\Users\\Isaque\\dezapegao\\app\\api\\listings\\create"
2026-02-24T18:39:10.159350Z  INFO scan_sources: tailwindcss_oxide::scanner: Discovering "C:\\Users\\Isaque\\dezapegao\\app\\api\\listings\\create\\route.ts"
2026-02-24T18:39:10.159434Z  INFO scan_sources: tailwindcss_oxide::scanner: Discovering "C:\\Users\\Isaque\\dezapegao\\app\\api\\listings\\route.ts"
2026-02-24T18:39:10.159540Z  INFO scan_sources: tailwindcss_oxide::scanner: Discovering "C:\\Users\\Isaque\\dezapegao\\app\\api\\listings\\[id]"
2026-02-24T18:39:10.159693Z  INFO scan_sources: tailwindcss_oxide::scanner: Discovering "C:\\Users\\Isaque\\dezapegao\\app\\api\\listings\\[id]\\route.ts"
2026-02-24T18:39:10.159835Z  INFO scan_sources: tailwindcss_oxide::scanner: Discovering "C:\\Users\\Isaque\\dezapegao\\app\\api\\profile"
2026-02-24T18:39:10.160032Z  INFO scan_sources: tailwindcss_oxide::scanner: Discovering "C:\\Users\\Isaque\\dezapegao\\app\\api\\profile\\update"
2026-02-24T18:39:10.160191Z  INFO scan_sources: tailwindcss_oxide::scanner: Discovering "C:\\Users\\Isaque\\dezapegao\\app\\api\\profile\\update\\route.ts"
2026-02-24T18:39:10.160327Z  INFO scan_sources: tailwindcss_oxide::scanner: Discovering "C:\\Users\\Isaque\\dezapegao\\app\\api\\upload"
2026-02-24T18:39:10.160482Z  INFO scan_sources: tailwindcss_oxide::scanner: Discovering "C:\\Users\\Isaque\\dezapegao\\app\\api\\upload\\route.ts"
2026-02-24T18:39:10.160603Z  INFO scan_sources: tailwindcss_oxide::scanner: Discovering "C:\\Users\\Isaque\\dezapegao\\app\\api\\user"
2026-02-24T18:39:10.160796Z  INFO scan_sources: tailwindcss_oxide::scanner: Discovering "C:\\Users\\Isaque\\dezapegao\\app\\api\\user\\listings-count"
2026-02-24T18:39:10.160951Z  INFO scan_sources: tailwindcss_oxide::scanner: Discovering "C:\\Users\\Isaque\\dezapegao\\app\\api\\user\\listings-count\\route.ts"
2026-02-24T18:39:10.161139Z  INFO scan_sources: tailwindcss_oxide::scanner: Discovering "C:\\Users\\Isaque\\dezapegao\\app\\auth"
2026-02-24T18:39:10.161335Z  INFO scan_sources: tailwindcss_oxide::scanner: Discovering "C:\\Users\\Isaque\\dezapegao\\app\\auth\\callback"
2026-02-24T18:39:10.161491Z  INFO scan_sources: tailwindcss_oxide::scanner: Discovering "C:\\Users\\Isaque\\dezapegao\\app\\auth\\callback\\route.ts"
2026-02-24T18:39:10.161628Z  INFO scan_sources: tailwindcss_oxide::scanner: Discovering "C:\\Users\\Isaque\\dezapegao\\app\\dashboard"
2026-02-24T18:39:10.161824Z  INFO scan_sources: tailwindcss_oxide::scanner: Discovering "C:\\Users\\Isaque\\dezapegao\\app\\dashboard\\new"
2026-02-24T18:39:10.161978Z  INFO scan_sources: tailwindcss_oxide::scanner: Discovering "C:\\Users\\Isaque\\dezapegao\\app\\dashboard\\new\\page.tsx"
2026-02-24T18:39:10.162060Z  INFO scan_sources: tailwindcss_oxide::scanner: Discovering "C:\\Users\\Isaque\\dezapegao\\app\\dashboard\\page.tsx"
2026-02-24T18:39:10.162182Z  INFO scan_sources: tailwindcss_oxide::scanner: Discovering "C:\\Users\\Isaque\\dezapegao\\app\\explorar"
2026-02-24T18:39:10.162335Z  INFO scan_sources: tailwindcss_oxide::scanner: Discovering "C:\\Users\\Isaque\\dezapegao\\app\\explorar\\page.tsx"
2026-02-24T18:39:10.162462Z  INFO scan_sources: tailwindcss_oxide::scanner: Discovering "C:\\Users\\Isaque\\dezapegao\\app\\globals.css"
2026-02-24T18:39:10.162538Z  INFO scan_sources: tailwindcss_oxide::scanner: Discovering "C:\\Users\\Isaque\\dezapegao\\app\\layout.tsx"
2026-02-24T18:39:10.162656Z  INFO scan_sources: tailwindcss_oxide::scanner: Discovering "C:\\Users\\Isaque\\dezapegao\\app\\login"
2026-02-24T18:39:10.162825Z  INFO scan_sources: tailwindcss_oxide::scanner: Discovering "C:\\Users\\Isaque\\dezapegao\\app\\login\\page.tsx"
2026-02-24T18:39:10.162913Z  INFO scan_sources: tailwindcss_oxide::scanner: Discovering "C:\\Users\\Isaque\\dezapegao\\app\\page.tsx"
2026-02-24T18:39:10.163025Z  INFO scan_sources: tailwindcss_oxide::scanner: Discovering "C:\\Users\\Isaque\\dezapegao\\app\\reset"
2026-02-24T18:39:10.163185Z  INFO scan_sources: tailwindcss_oxide::scanner: Discovering "C:\\Users\\Isaque\\dezapegao\\app\\reset\\page.tsx"
2026-02-24T18:39:10.163312Z  INFO scan_sources: tailwindcss_oxide::scanner: Discovering "C:\\Users\\Isaque\\dezapegao\\app\\signup"
2026-02-24T18:39:10.163475Z  INFO scan_sources: tailwindcss_oxide::scanner: Discovering "C:\\Users\\Isaque\\dezapegao\\app\\signup\\page.tsx"
2026-02-24T18:39:10.163621Z  INFO scan_sources: tailwindcss_oxide::scanner: Discovering "C:\\Users\\Isaque\\dezapegao\\components"
2026-02-24T18:39:10.163832Z  INFO scan_sources: tailwindcss_oxide::scanner: Discovering "C:\\Users\\Isaque\\dezapegao\\components\\Dashboard"
2026-02-24T18:39:10.163997Z  INFO scan_sources: tailwindcss_oxide::scanner: Discovering "C:\\Users\\Isaque\\dezapegao\\components\\Dashboard\\DashboardModal.tsx"
2026-02-24T18:39:10.164066Z  INFO scan_sources: tailwindcss_oxide::scanner: Discovering "C:\\Users\\Isaque\\dezapegao\\components\\Dashboard\\EditListingModal.tsx"
2026-02-24T18:39:10.164135Z  INFO scan_sources: tailwindcss_oxide::scanner: Discovering "C:\\Users\\Isaque\\dezapegao\\components\\Dashboard\\NewListingModal.tsx"
2026-02-24T18:39:10.164263Z  INFO scan_sources: tailwindcss_oxide::scanner: Discovering "C:\\Users\\Isaque\\dezapegao\\components\\Feed"
2026-02-24T18:39:10.164463Z  INFO scan_sources: tailwindcss_oxide::scanner: Discovering "C:\\Users\\Isaque\\dezapegao\\components\\Feed\\LikeButton.tsx"
2026-02-24T18:39:10.164530Z  INFO scan_sources: tailwindcss_oxide::scanner: Discovering "C:\\Users\\Isaque\\dezapegao\\components\\Feed\\ReelsFeed.tsx"
2026-02-24T18:39:10.164596Z  INFO scan_sources: tailwindcss_oxide::scanner: Discovering "C:\\Users\\Isaque\\dezapegao\\components\\Feed\\StoryCard.tsx"
2026-02-24T18:39:10.164722Z  INFO scan_sources: tailwindcss_oxide::scanner: Discovering "C:\\Users\\Isaque\\dezapegao\\components\\Layout"
2026-02-24T18:39:10.164880Z  INFO scan_sources: tailwindcss_oxide::scanner: Discovering "C:\\Users\\Isaque\\dezapegao\\components\\Layout\\Header.tsx"
2026-02-24T18:39:10.165041Z  INFO scan_sources: tailwindcss_oxide::scanner: Discovering "C:\\Users\\Isaque\\dezapegao\\components\\Providers"
2026-02-24T18:39:10.165204Z  INFO scan_sources: tailwindcss_oxide::scanner: Discovering "C:\\Users\\Isaque\\dezapegao\\components\\Providers\\NextAuthProvider.tsx"
2026-02-24T18:39:10.165330Z  INFO scan_sources: tailwindcss_oxide::scanner: Discovering "C:\\Users\\Isaque\\dezapegao\\components\\UI"
2026-02-24T18:39:10.165493Z  INFO scan_sources: tailwindcss_oxide::scanner: Discovering "C:\\Users\\Isaque\\dezapegao\\components\\UI\\Toast.tsx"
2026-02-24T18:39:10.165621Z  INFO scan_sources: tailwindcss_oxide::scanner: Discovering "C:\\Users\\Isaque\\dezapegao\\components\\User"
2026-02-24T18:39:10.165784Z  INFO scan_sources: tailwindcss_oxide::scanner: Discovering "C:\\Users\\Isaque\\dezapegao\\components\\User\\AuthModal.tsx"
2026-02-24T18:39:10.165851Z  INFO scan_sources: tailwindcss_oxide::scanner: Discovering "C:\\Users\\Isaque\\dezapegao\\components\\User\\PaymentsModal.tsx"
2026-02-24T18:39:10.165917Z  INFO scan_sources: tailwindcss_oxide::scanner: Discovering "C:\\Users\\Isaque\\dezapegao\\components\\User\\SettingsModal.tsx"
2026-02-24T18:39:10.165986Z  INFO scan_sources: tailwindcss_oxide::scanner: Discovering "C:\\Users\\Isaque\\dezapegao\\components\\User\\SubscriptionModal.tsx"
2026-02-24T18:39:10.166053Z  INFO scan_sources: tailwindcss_oxide::scanner: Discovering "C:\\Users\\Isaque\\dezapegao\\components\\User\\UserAvatar.tsx"
2026-02-24T18:39:10.166119Z  INFO scan_sources: tailwindcss_oxide::scanner: Discovering "C:\\Users\\Isaque\\dezapegao\\components\\User\\UserMenu.tsx"
2026-02-24T18:39:10.166222Z  INFO scan_sources: tailwindcss_oxide::scanner: Discovering "C:\\Users\\Isaque\\dezapegao\\DEMO_MODE.md"
2026-02-24T18:39:10.166287Z  INFO scan_sources: tailwindcss_oxide::scanner: Discovering "C:\\Users\\Isaque\\dezapegao\\DESIGN_SYSTEM.md"
2026-02-24T18:39:10.166355Z  INFO scan_sources: tailwindcss_oxide::scanner: Discovering "C:\\Users\\Isaque\\dezapegao\\eslint.config.mjs"
2026-02-24T18:39:10.166466Z  INFO scan_sources: tailwindcss_oxide::scanner: Discovering "C:\\Users\\Isaque\\dezapegao\\hooks"
2026-02-24T18:39:10.166624Z  INFO scan_sources: tailwindcss_oxide::scanner: Discovering "C:\\Users\\Isaque\\dezapegao\\hooks\\useAuth.tsx"
2026-02-24T18:39:10.166750Z  INFO scan_sources: tailwindcss_oxide::scanner: Discovering "C:\\Users\\Isaque\\dezapegao\\lib"
2026-02-24T18:39:10.166913Z  INFO scan_sources: tailwindcss_oxide::scanner: Discovering "C:\\Users\\Isaque\\dezapegao\\lib\\categories.ts"
2026-02-24T18:39:10.166982Z  INFO scan_sources: tailwindcss_oxide::scanner: Discovering "C:\\Users\\Isaque\\dezapegao\\lib\\listings-client.ts"
2026-02-24T18:39:10.167046Z  INFO scan_sources: tailwindcss_oxide::scanner: Discovering "C:\\Users\\Isaque\\dezapegao\\lib\\listings.ts"
2026-02-24T18:39:10.167111Z  INFO scan_sources: tailwindcss_oxide::scanner: Discovering "C:\\Users\\Isaque\\dezapegao\\lib\\local-storage.ts"
2026-02-24T18:39:10.167176Z  INFO scan_sources: tailwindcss_oxide::scanner: Discovering "C:\\Users\\Isaque\\dezapegao\\lib\\logger.ts"
2026-02-24T18:39:10.167241Z  INFO scan_sources: tailwindcss_oxide::scanner: Discovering "C:\\Users\\Isaque\\dezapegao\\lib\\mock-data.ts"
2026-02-24T18:39:10.167305Z  INFO scan_sources: tailwindcss_oxide::scanner: Discovering "C:\\Users\\Isaque\\dezapegao\\lib\\prisma.ts"
2026-02-24T18:39:10.167371Z  INFO scan_sources: tailwindcss_oxide::scanner: Discovering "C:\\Users\\Isaque\\dezapegao\\lib\\r2.ts"
2026-02-24T18:39:10.167435Z  INFO scan_sources: tailwindcss_oxide::scanner: Discovering "C:\\Users\\Isaque\\dezapegao\\lib\\storage.ts"
2026-02-24T18:39:10.167504Z  INFO scan_sources: tailwindcss_oxide::scanner: Discovering "C:\\Users\\Isaque\\dezapegao\\lib\\utils.ts"
2026-02-24T18:39:10.167573Z  INFO scan_sources: tailwindcss_oxide::scanner: Discovering "C:\\Users\\Isaque\\dezapegao\\lib\\validation.ts"
2026-02-24T18:39:10.167657Z  INFO scan_sources: tailwindcss_oxide::scanner: Discovering "C:\\Users\\Isaque\\dezapegao\\middleware.ts"
2026-02-24T18:39:10.167731Z  INFO scan_sources: tailwindcss_oxide::scanner: Discovering "C:\\Users\\Isaque\\dezapegao\\next.config.ts"
2026-02-24T18:39:10.167983Z  INFO scan_sources: tailwindcss_oxide::scanner: Discovering "C:\\Users\\Isaque\\dezapegao\\package.json"
2026-02-24T18:39:10.168051Z  INFO scan_sources: tailwindcss_oxide::scanner: Discovering "C:\\Users\\Isaque\\dezapegao\\postcss.config.mjs"
2026-02-24T18:39:10.168159Z  INFO scan_sources: tailwindcss_oxide::scanner: Discovering "C:\\Users\\Isaque\\dezapegao\\prisma"
2026-02-24T18:39:10.168358Z  INFO scan_sources: tailwindcss_oxide::scanner: Discovering "C:\\Users\\Isaque\\dezapegao\\prisma\\migrations"
2026-02-24T18:39:10.168560Z  INFO scan_sources: tailwindcss_oxide::scanner: Discovering "C:\\Users\\Isaque\\dezapegao\\prisma\\migrations\\20260223211637_init"
2026-02-24T18:39:10.168727Z  INFO scan_sources: tailwindcss_oxide::scanner: Discovering "C:\\Users\\Isaque\\dezapegao\\prisma\\migrations\\20260223211637_init\\migration.sql"
2026-02-24T18:39:10.168814Z  INFO scan_sources: tailwindcss_oxide::scanner: Discovering "C:\\Users\\Isaque\\dezapegao\\prisma\\migrations\\migration_lock.toml"
2026-02-24T18:39:10.168906Z  INFO scan_sources: tailwindcss_oxide::scanner: Discovering "C:\\Users\\Isaque\\dezapegao\\prisma\\schema.prisma"
2026-02-24T18:39:10.168989Z  INFO scan_sources: tailwindcss_oxide::scanner: Discovering "C:\\Users\\Isaque\\dezapegao\\prisma.config.ts"
2026-02-24T18:39:10.169101Z  INFO scan_sources: tailwindcss_oxide::scanner: Discovering "C:\\Users\\Isaque\\dezapegao\\public"
2026-02-24T18:39:10.169261Z  INFO scan_sources: tailwindcss_oxide::scanner: Discovering "C:\\Users\\Isaque\\dezapegao\\public\\file.svg"
2026-02-24T18:39:10.169327Z  INFO scan_sources: tailwindcss_oxide::scanner: Discovering "C:\\Users\\Isaque\\dezapegao\\public\\globe.svg"
2026-02-24T18:39:10.169391Z  INFO scan_sources: tailwindcss_oxide::scanner: Discovering "C:\\Users\\Isaque\\dezapegao\\public\\next.svg"
2026-02-24T18:39:10.169457Z  INFO scan_sources: tailwindcss_oxide::scanner: Discovering "C:\\Users\\Isaque\\dezapegao\\public\\vercel.svg"
2026-02-24T18:39:10.169524Z  INFO scan_sources: tailwindcss_oxide::scanner: Discovering "C:\\Users\\Isaque\\dezapegao\\public\\window.svg"
2026-02-24T18:39:10.169605Z  INFO scan_sources: tailwindcss_oxide::scanner: Discovering "C:\\Users\\Isaque\\dezapegao\\README.md"
2026-02-24T18:39:10.169713Z  INFO scan_sources: tailwindcss_oxide::scanner: Discovering "C:\\Users\\Isaque\\dezapegao\\scripts"
2026-02-24T18:39:10.169871Z  INFO scan_sources: tailwindcss_oxide::scanner: Discovering "C:\\Users\\Isaque\\dezapegao\\scripts\\seed-data.sql"
2026-02-24T18:39:10.169955Z  INFO scan_sources: tailwindcss_oxide::scanner: Discovering "C:\\Users\\Isaque\\dezapegao\\SETUP.md"
2026-02-24T18:39:10.170020Z  INFO scan_sources: tailwindcss_oxide::scanner: Discovering "C:\\Users\\Isaque\\dezapegao\\STATUS.md"
2026-02-24T18:39:10.170127Z  INFO scan_sources: tailwindcss_oxide::scanner: Discovering "C:\\Users\\Isaque\\dezapegao\\supabase"
2026-02-24T18:39:10.170433Z  INFO scan_sources: tailwindcss_oxide::scanner: Discovering "C:\\Users\\Isaque\\dezapegao\\supabase\\config.toml"
2026-02-24T18:39:10.170503Z  INFO scan_sources: tailwindcss_oxide::scanner: Discovering "C:\\Users\\Isaque\\dezapegao\\supabase\\fix_storage.sql"
2026-02-24T18:39:10.170612Z  INFO scan_sources: tailwindcss_oxide::scanner: Discovering "C:\\Users\\Isaque\\dezapegao\\supabase\\migrations"
2026-02-24T18:39:10.170779Z  INFO scan_sources: tailwindcss_oxide::scanner: Discovering "C:\\Users\\Isaque\\dezapegao\\supabase\\migrations\\20241223_001_schema.sql"
2026-02-24T18:39:10.170847Z  INFO scan_sources: tailwindcss_oxide::scanner: Discovering "C:\\Users\\Isaque\\dezapegao\\supabase\\migrations\\20241223_002_rls.sql"
2026-02-24T18:39:10.170915Z  INFO scan_sources: tailwindcss_oxide::scanner: Discovering "C:\\Users\\Isaque\\dezapegao\\supabase\\migrations\\20241223_003_storage.sql"
2026-02-24T18:39:10.171000Z  INFO scan_sources: tailwindcss_oxide::scanner: Discovering "C:\\Users\\Isaque\\dezapegao\\supabase\\reset_db.sql"
2026-02-24T18:39:10.171095Z  INFO scan_sources: tailwindcss_oxide::scanner: Discovering "C:\\Users\\Isaque\\dezapegao\\supabase\\rls_policies.sql"
2026-02-24T18:39:10.171163Z  INFO scan_sources: tailwindcss_oxide::scanner: Discovering "C:\\Users\\Isaque\\dezapegao\\supabase\\schema.sql"
2026-02-24T18:39:10.171228Z  INFO scan_sources: tailwindcss_oxide::scanner: Discovering "C:\\Users\\Isaque\\dezapegao\\supabase\\storage_buckets.sql"
2026-02-24T18:39:10.171332Z  INFO scan_sources: tailwindcss_oxide::scanner: Discovering "C:\\Users\\Isaque\\dezapegao\\tsconfig.json"
2026-02-24T18:39:10.171442Z  INFO scan_sources: tailwindcss_oxide::scanner: Discovering "C:\\Users\\Isaque\\dezapegao\\types"
2026-02-24T18:39:10.171601Z  INFO scan_sources: tailwindcss_oxide::scanner: Discovering "C:\\Users\\Isaque\\dezapegao\\types\\database.ts"
2026-02-24T18:39:10.171723Z  INFO scan_sources: tailwindcss_oxide::scanner: exit
2026-02-24T18:39:10.171733Z  INFO extract_candidates: tailwindcss_oxide::scanner: enter
2026-02-24T18:39:10.171740Z  INFO extract_candidates:read_all_files: tailwindcss_oxide::scanner: enter
2026-02-24T18:39:10.171744Z  INFO extract_candidates:read_all_files: tailwindcss_oxide::scanner: Reading 77 file(s)
2026-02-24T18:39:10.172238Z  INFO tailwindcss_oxide::scanner: Reading "C:\\Users\\Isaque\\dezapegao\\app\\api\\analytics\\route.ts"
2026-02-24T18:39:10.172325Z  INFO tailwindcss_oxide::scanner: Reading "C:\\Users\\Isaque\\dezapegao\\lib\\categories.ts"
2026-02-24T18:39:10.172353Z  INFO tailwindcss_oxide::scanner: Reading "C:\\Users\\Isaque\\dezapegao\\app\\api\\auth\\signup\\route.ts"
2026-02-24T18:39:10.172438Z  INFO tailwindcss_oxide::scanner: Reading "C:\\Users\\Isaque\\dezapegao\\lib\\listings-client.ts"
2026-02-24T18:39:10.172451Z  INFO tailwindcss_oxide::scanner: Reading "C:\\Users\\Isaque\\dezapegao\\app\\api\\auth\\[...nextauth]\\route.ts"
2026-02-24T18:39:10.172468Z  INFO tailwindcss_oxide::scanner: Reading "C:\\Users\\Isaque\\dezapegao\\components\\Dashboard\\DashboardModal.tsx"
2026-02-24T18:39:10.172485Z  INFO tailwindcss_oxide::scanner: Reading "C:\\Users\\Isaque\\dezapegao\\app\\api\\user\\listings-count\\route.ts"
2026-02-24T18:39:10.172553Z  INFO tailwindcss_oxide::scanner: Reading "C:\\Users\\Isaque\\dezapegao\\app\\api\\likes\\route.ts"
2026-02-24T18:39:10.172568Z  INFO tailwindcss_oxide::scanner: Reading "C:\\Users\\Isaque\\dezapegao\\lib\\listings.ts"
2026-02-24T18:39:10.172591Z  INFO tailwindcss_oxide::scanner: Reading "C:\\Users\\Isaque\\dezapegao\\app\\api\\listings\\create\\route.ts"
2026-02-24T18:39:10.172617Z  INFO tailwindcss_oxide::scanner: Reading "C:\\Users\\Isaque\\dezapegao\\app\\api\\listings\\[id]\\route.ts"
2026-02-24T18:39:10.172626Z  INFO tailwindcss_oxide::scanner: Reading "C:\\Users\\Isaque\\dezapegao\\components\\Dashboard\\EditListingModal.tsx"
2026-02-24T18:39:10.172627Z  INFO tailwindcss_oxide::scanner: Reading "C:\\Users\\Isaque\\dezapegao\\app\\auth\\callback\\route.ts"
2026-02-24T18:39:10.172638Z  INFO tailwindcss_oxide::scanner: Reading "C:\\Users\\Isaque\\dezapegao\\app\\api\\listings\\route.ts"
2026-02-24T18:39:10.172672Z  INFO tailwindcss_oxide::scanner: Reading "C:\\Users\\Isaque\\dezapegao\\lib\\local-storage.ts"
2026-02-24T18:39:10.172670Z  INFO tailwindcss_oxide::scanner: Reading "C:\\Users\\Isaque\\dezapegao\\public\\file.svg"
2026-02-24T18:39:10.172696Z  INFO tailwindcss_oxide::scanner: Reading "C:\\Users\\Isaque\\dezapegao\\lib\\utils.ts"
2026-02-24T18:39:10.172721Z  INFO tailwindcss_oxide::scanner: Reading "C:\\Users\\Isaque\\dezapegao\\postcss.config.mjs"
2026-02-24T18:39:10.172728Z  INFO tailwindcss_oxide::scanner: Reading "C:\\Users\\Isaque\\dezapegao\\app\\dashboard\\new\\page.tsx"
2026-02-24T18:39:10.172738Z  INFO tailwindcss_oxide::scanner: Reading "C:\\Users\\Isaque\\dezapegao\\components\\Dashboard\\NewListingModal.tsx"
2026-02-24T18:39:10.172740Z  INFO tailwindcss_oxide::scanner: Reading "C:\\Users\\Isaque\\dezapegao\\app\\layout.tsx"
2026-02-24T18:39:10.172745Z  INFO tailwindcss_oxide::scanner: Reading "C:\\Users\\Isaque\\dezapegao\\middleware.ts"
2026-02-24T18:39:10.172748Z  INFO tailwindcss_oxide::scanner: Reading "C:\\Users\\Isaque\\dezapegao\\lib\\logger.ts"
2026-02-24T18:39:10.172733Z  INFO tailwindcss_oxide::scanner: Reading "C:\\Users\\Isaque\\dezapegao\\app\\api\\profile\\update\\route.ts"
2026-02-24T18:39:10.172791Z  INFO tailwindcss_oxide::scanner: Reading "C:\\Users\\Isaque\\dezapegao\\lib\\validation.ts"
2026-02-24T18:39:10.172781Z  INFO tailwindcss_oxide::scanner: Reading "C:\\Users\\Isaque\\dezapegao\\components\\User\\AuthModal.tsx"
2026-02-24T18:39:10.172806Z  INFO tailwindcss_oxide::scanner: Reading "C:\\Users\\Isaque\\dezapegao\\app\\page.tsx"
2026-02-24T18:39:10.172824Z  INFO tailwindcss_oxide::scanner: Reading "C:\\Users\\Isaque\\dezapegao\\prisma\\migrations\\20260223211637_init\\migration.sql"
2026-02-24T18:39:10.172837Z  INFO tailwindcss_oxide::scanner: Reading "C:\\Users\\Isaque\\dezapegao\\app\\login\\page.tsx"
2026-02-24T18:39:10.172842Z  INFO tailwindcss_oxide::scanner: Reading "C:\\Users\\Isaque\\dezapegao\\components\\Feed\\LikeButton.tsx"
2026-02-24T18:39:10.172843Z  INFO tailwindcss_oxide::scanner: Reading "C:\\Users\\Isaque\\dezapegao\\app\\dashboard\\page.tsx"
2026-02-24T18:39:10.172845Z  INFO tailwindcss_oxide::scanner: Reading "C:\\Users\\Isaque\\dezapegao\\components\\Feed\\ReelsFeed.tsx"
2026-02-24T18:39:10.172857Z  INFO tailwindcss_oxide::scanner: Reading "C:\\Users\\Isaque\\dezapegao\\next.config.ts"
2026-02-24T18:39:10.172868Z  INFO tailwindcss_oxide::scanner: Reading "C:\\Users\\Isaque\\dezapegao\\lib\\mock-data.ts"
2026-02-24T18:39:10.172766Z  INFO tailwindcss_oxide::scanner: Reading "C:\\Users\\Isaque\\dezapegao\\public\\globe.svg"
2026-02-24T18:39:10.172882Z  INFO tailwindcss_oxide::scanner: Reading "C:\\Users\\Isaque\\dezapegao\\app\\api\\upload\\route.ts"
2026-02-24T18:39:10.172890Z  INFO tailwindcss_oxide::scanner: Reading "C:\\Users\\Isaque\\dezapegao\\package.json"
2026-02-24T18:39:10.172906Z  INFO tailwindcss_oxide::scanner: Reading "C:\\Users\\Isaque\\dezapegao\\components\\User\\PaymentsModal.tsx"
2026-02-24T18:39:10.172910Z  INFO tailwindcss_oxide::scanner: Reading "C:\\Users\\Isaque\\dezapegao\\prisma\\migrations\\migration_lock.toml"
2026-02-24T18:39:10.172917Z  INFO tailwindcss_oxide::scanner: Reading "C:\\Users\\Isaque\\dezapegao\\components\\User\\SettingsModal.tsx"
2026-02-24T18:39:10.172921Z  INFO tailwindcss_oxide::scanner: Reading "C:\\Users\\Isaque\\dezapegao\\components\\User\\UserMenu.tsx"
2026-02-24T18:39:10.172935Z  INFO tailwindcss_oxide::scanner: Reading "C:\\Users\\Isaque\\dezapegao\\app\\reset\\page.tsx"
2026-02-24T18:39:10.172953Z  INFO tailwindcss_oxide::scanner: Reading "C:\\Users\\Isaque\\dezapegao\\components\\Feed\\StoryCard.tsx"
2026-02-24T18:39:10.172953Z  INFO tailwindcss_oxide::scanner: Reading "C:\\Users\\Isaque\\dezapegao\\lib\\prisma.ts"
2026-02-24T18:39:10.172968Z  INFO tailwindcss_oxide::scanner: Reading "C:\\Users\\Isaque\\dezapegao\\components\\Layout\\Header.tsx"
2026-02-24T18:39:10.172973Z  INFO tailwindcss_oxide::scanner: Reading "C:\\Users\\Isaque\\dezapegao\\public\\next.svg"
2026-02-24T18:39:10.172977Z  INFO tailwindcss_oxide::scanner: Reading "C:\\Users\\Isaque\\dezapegao\\README.md"
2026-02-24T18:39:10.172986Z  INFO tailwindcss_oxide::scanner: Reading "C:\\Users\\Isaque\\dezapegao\\DESIGN_SYSTEM.md"
2026-02-24T18:39:10.172991Z  INFO tailwindcss_oxide::scanner: Reading "C:\\Users\\Isaque\\dezapegao\\prisma\\schema.prisma"
2026-02-24T18:39:10.172985Z  INFO tailwindcss_oxide::scanner: Reading "C:\\Users\\Isaque\\dezapegao\\SETUP.md"
2026-02-24T18:39:10.172954Z  INFO tailwindcss_oxide::scanner: Reading "C:\\Users\\Isaque\\dezapegao\\app\\explorar\\page.tsx"
2026-02-24T18:39:10.172963Z  INFO tailwindcss_oxide::scanner: Reading "C:\\Users\\Isaque\\dezapegao\\supabase\\fix_storage.sql"
2026-02-24T18:39:10.173025Z  INFO tailwindcss_oxide::scanner: Reading "C:\\Users\\Isaque\\dezapegao\\scripts\\seed-data.sql"
2026-02-24T18:39:10.173010Z  INFO tailwindcss_oxide::scanner: Reading "C:\\Users\\Isaque\\dezapegao\\components\\User\\SubscriptionModal.tsx"
2026-02-24T18:39:10.173060Z  INFO tailwindcss_oxide::scanner: Reading "C:\\Users\\Isaque\\dezapegao\\public\\vercel.svg"
2026-02-24T18:39:10.173039Z  INFO tailwindcss_oxide::scanner: Reading "C:\\Users\\Isaque\\dezapegao\\DEMO_MODE.md"
2026-02-24T18:39:10.173075Z  INFO tailwindcss_oxide::scanner: Reading "C:\\Users\\Isaque\\dezapegao\\components\\Providers\\NextAuthProvider.tsx"
2026-02-24T18:39:10.173090Z  INFO tailwindcss_oxide::scanner: Reading "C:\\Users\\Isaque\\dezapegao\\prisma.config.ts"
2026-02-24T18:39:10.173099Z  INFO tailwindcss_oxide::scanner: Reading "C:\\Users\\Isaque\\dezapegao\\eslint.config.mjs"
2026-02-24T18:39:10.173098Z  INFO tailwindcss_oxide::scanner: Reading "C:\\Users\\Isaque\\dezapegao\\supabase\\rls_policies.sql"
2026-02-24T18:39:10.173112Z  INFO tailwindcss_oxide::scanner: Reading "C:\\Users\\Isaque\\dezapegao\\supabase\\migrations\\20241223_001_schema.sql"
2026-02-24T18:39:10.173116Z  INFO tailwindcss_oxide::scanner: Reading "C:\\Users\\Isaque\\dezapegao\\supabase\\config.toml"
2026-02-24T18:39:10.173040Z  INFO tailwindcss_oxide::scanner: Reading "C:\\Users\\Isaque\\dezapegao\\app\\signup\\page.tsx"
2026-02-24T18:39:10.173042Z  INFO tailwindcss_oxide::scanner: Reading "C:\\Users\\Isaque\\dezapegao\\lib\\r2.ts"
2026-02-24T18:39:10.173152Z  INFO tailwindcss_oxide::scanner: Reading "C:\\Users\\Isaque\\dezapegao\\public\\window.svg"
2026-02-24T18:39:10.173158Z  INFO tailwindcss_oxide::scanner: Reading "C:\\Users\\Isaque\\dezapegao\\hooks\\useAuth.tsx"
2026-02-24T18:39:10.173163Z  INFO tailwindcss_oxide::scanner: Reading "C:\\Users\\Isaque\\dezapegao\\components\\User\\UserAvatar.tsx"
2026-02-24T18:39:10.173106Z  INFO tailwindcss_oxide::scanner: Reading "C:\\Users\\Isaque\\dezapegao\\STATUS.md"
2026-02-24T18:39:10.173178Z  INFO tailwindcss_oxide::scanner: Reading "C:\\Users\\Isaque\\dezapegao\\lib\\storage.ts"
2026-02-24T18:39:10.173177Z  INFO tailwindcss_oxide::scanner: Reading "C:\\Users\\Isaque\\dezapegao\\supabase\\migrations\\20241223_003_storage.sql"
2026-02-24T18:39:10.173158Z  INFO tailwindcss_oxide::scanner: Reading "C:\\Users\\Isaque\\dezapegao\\components\\UI\\Toast.tsx"
2026-02-24T18:39:10.173170Z  INFO tailwindcss_oxide::scanner: Reading "C:\\Users\\Isaque\\dezapegao\\supabase\\migrations\\20241223_002_rls.sql"
2026-02-24T18:39:10.173132Z  INFO tailwindcss_oxide::scanner: Reading "C:\\Users\\Isaque\\dezapegao\\supabase\\storage_buckets.sql"
2026-02-24T18:39:10.173215Z  INFO tailwindcss_oxide::scanner: Reading "C:\\Users\\Isaque\\dezapegao\\types\\database.ts"
2026-02-24T18:39:10.173193Z  INFO tailwindcss_oxide::scanner: Reading "C:\\Users\\Isaque\\dezapegao\\supabase\\reset_db.sql"
2026-02-24T18:39:10.173198Z  INFO tailwindcss_oxide::scanner: Reading "C:\\Users\\Isaque\\dezapegao\\tsconfig.json"
2026-02-24T18:39:10.173187Z  INFO tailwindcss_oxide::scanner: Reading "C:\\Users\\Isaque\\dezapegao\\supabase\\schema.sql"
2026-02-24T18:39:10.173290Z  INFO extract_candidates:read_all_files: tailwindcss_oxide::scanner: exit
2026-02-24T18:39:10.173302Z  INFO extract_candidates:parse_all_blobs: tailwindcss_oxide::scanner: enter
2026-02-24T18:39:10.173307Z  INFO extract_candidates:parse_all_blobs:extract: tailwindcss_oxide::scanner: enter
2026-02-24T18:39:10.175318Z  INFO extract_candidates:parse_all_blobs:extract: tailwindcss_oxide::scanner: exit
2026-02-24T18:39:10.175478Z  INFO extract_candidates:parse_all_blobs: tailwindcss_oxide::scanner: exit
2026-02-24T18:39:10.175488Z  INFO extract_candidates:read_all_files: tailwindcss_oxide::scanner: enter
2026-02-24T18:39:10.175493Z  INFO extract_candidates:read_all_files: tailwindcss_oxide::scanner: Reading 1 file(s)
2026-02-24T18:39:10.175609Z  INFO extract_candidates:read_all_files: tailwindcss_oxide::scanner: Reading "C:\\Users\\Isaque\\dezapegao\\app\\globals.css"
2026-02-24T18:39:10.175622Z  INFO extract_candidates:read_all_files: tailwindcss_oxide::scanner: exit
2026-02-24T18:39:10.175631Z  INFO extract_candidates:extract_css_variables: tailwindcss_oxide::scanner: enter
2026-02-24T18:39:10.175641Z  INFO extract_candidates:extract_css_variables:extract: tailwindcss_oxide::scanner: enter
2026-02-24T18:39:10.175686Z  INFO extract_candidates:extract_css_variables:extract: tailwindcss_oxide::scanner: exit
2026-02-24T18:39:10.175722Z  INFO extract_candidates:extract_css_variables: tailwindcss_oxide::scanner: exit
2026-02-24T18:39:10.176494Z  INFO extract_candidates: tailwindcss_oxide::scanner: exit
2026-02-24T18:39:10.177743Z  INFO get_files: tailwindcss_oxide::scanner: enter
2026-02-24T18:39:10.177757Z  INFO get_files:scan_sources: tailwindcss_oxide::scanner: enter
2026-02-24T18:39:10.179612Z  INFO get_files:scan_sources: tailwindcss_oxide::scanner: Discovering "C:\\Users\\Isaque\\dezapegao\\app"
2026-02-24T18:39:10.179822Z  INFO get_files:scan_sources: tailwindcss_oxide::scanner: Discovering "C:\\Users\\Isaque\\dezapegao\\app\\api"
2026-02-24T18:39:10.180031Z  INFO get_files:scan_sources: tailwindcss_oxide::scanner: Discovering "C:\\Users\\Isaque\\dezapegao\\app\\api\\analytics"
2026-02-24T18:39:10.180292Z  INFO get_files:scan_sources: tailwindcss_oxide::scanner: Discovering "C:\\Users\\Isaque\\dezapegao\\app\\api\\auth"
2026-02-24T18:39:10.180501Z  INFO get_files:scan_sources: tailwindcss_oxide::scanner: Discovering "C:\\Users\\Isaque\\dezapegao\\app\\api\\auth\\signup"
2026-02-24T18:39:10.180764Z  INFO get_files:scan_sources: tailwindcss_oxide::scanner: Discovering "C:\\Users\\Isaque\\dezapegao\\app\\api\\auth\\[...nextauth]"
2026-02-24T18:39:10.181039Z  INFO get_files:scan_sources: tailwindcss_oxide::scanner: Discovering "C:\\Users\\Isaque\\dezapegao\\app\\api\\likes"
2026-02-24T18:39:10.181295Z  INFO get_files:scan_sources: tailwindcss_oxide::scanner: Discovering "C:\\Users\\Isaque\\dezapegao\\app\\api\\listings"
2026-02-24T18:39:10.181497Z  INFO get_files:scan_sources: tailwindcss_oxide::scanner: Discovering "C:\\Users\\Isaque\\dezapegao\\app\\api\\listings\\create"
2026-02-24T18:39:10.181789Z  INFO get_files:scan_sources: tailwindcss_oxide::scanner: Discovering "C:\\Users\\Isaque\\dezapegao\\app\\api\\listings\\[id]"
2026-02-24T18:39:10.182060Z  INFO get_files:scan_sources: tailwindcss_oxide::scanner: Discovering "C:\\Users\\Isaque\\dezapegao\\app\\api\\profile"
2026-02-24T18:39:10.182312Z  INFO get_files:scan_sources: tailwindcss_oxide::scanner: Discovering "C:\\Users\\Isaque\\dezapegao\\app\\api\\profile\\update"
2026-02-24T18:39:10.182592Z  INFO get_files:scan_sources: tailwindcss_oxide::scanner: Discovering "C:\\Users\\Isaque\\dezapegao\\app\\api\\upload"
2026-02-24T18:39:10.182849Z  INFO get_files:scan_sources: tailwindcss_oxide::scanner: Discovering "C:\\Users\\Isaque\\dezapegao\\app\\api\\user"
2026-02-24T18:39:10.183050Z  INFO get_files:scan_sources: tailwindcss_oxide::scanner: Discovering "C:\\Users\\Isaque\\dezapegao\\app\\api\\user\\listings-count"
2026-02-24T18:39:10.183333Z  INFO get_files:scan_sources: tailwindcss_oxide::scanner: Discovering "C:\\Users\\Isaque\\dezapegao\\app\\auth"
2026-02-24T18:39:10.183532Z  INFO get_files:scan_sources: tailwindcss_oxide::scanner: Discovering "C:\\Users\\Isaque\\dezapegao\\app\\auth\\callback"
2026-02-24T18:39:10.183798Z  INFO get_files:scan_sources: tailwindcss_oxide::scanner: Discovering "C:\\Users\\Isaque\\dezapegao\\app\\dashboard"
2026-02-24T18:39:10.184000Z  INFO get_files:scan_sources: tailwindcss_oxide::scanner: Discovering "C:\\Users\\Isaque\\dezapegao\\app\\dashboard\\new"
2026-02-24T18:39:10.184301Z  INFO get_files:scan_sources: tailwindcss_oxide::scanner: Discovering "C:\\Users\\Isaque\\dezapegao\\app\\explorar"
2026-02-24T18:39:10.184626Z  INFO get_files:scan_sources: tailwindcss_oxide::scanner: Discovering "C:\\Users\\Isaque\\dezapegao\\app\\login"
2026-02-24T18:39:10.184914Z  INFO get_files:scan_sources: tailwindcss_oxide::scanner: Discovering "C:\\Users\\Isaque\\dezapegao\\app\\reset"
2026-02-24T18:39:10.185160Z  INFO get_files:scan_sources: tailwindcss_oxide::scanner: Discovering "C:\\Users\\Isaque\\dezapegao\\app\\signup"
2026-02-24T18:39:10.185430Z  INFO get_files:scan_sources: tailwindcss_oxide::scanner: Discovering "C:\\Users\\Isaque\\dezapegao\\components"
2026-02-24T18:39:10.185688Z  INFO get_files:scan_sources: tailwindcss_oxide::scanner: Discovering "C:\\Users\\Isaque\\dezapegao\\components\\Dashboard"
2026-02-24T18:39:10.186019Z  INFO get_files:scan_sources: tailwindcss_oxide::scanner: Discovering "C:\\Users\\Isaque\\dezapegao\\components\\Feed"
2026-02-24T18:39:10.186339Z  INFO get_files:scan_sources: tailwindcss_oxide::scanner: Discovering "C:\\Users\\Isaque\\dezapegao\\components\\Layout"
2026-02-24T18:39:10.186588Z  INFO get_files:scan_sources: tailwindcss_oxide::scanner: Discovering "C:\\Users\\Isaque\\dezapegao\\components\\Providers"
2026-02-24T18:39:10.186836Z  INFO get_files:scan_sources: tailwindcss_oxide::scanner: Discovering "C:\\Users\\Isaque\\dezapegao\\components\\UI"
2026-02-24T18:39:10.187079Z  INFO get_files:scan_sources: tailwindcss_oxide::scanner: Discovering "C:\\Users\\Isaque\\dezapegao\\components\\User"
2026-02-24T18:39:10.187613Z  INFO get_files:scan_sources: tailwindcss_oxide::scanner: Discovering "C:\\Users\\Isaque\\dezapegao\\hooks"
2026-02-24T18:39:10.187863Z  INFO get_files:scan_sources: tailwindcss_oxide::scanner: Discovering "C:\\Users\\Isaque\\dezapegao\\lib"
2026-02-24T18:39:10.188782Z  INFO get_files:scan_sources: tailwindcss_oxide::scanner: Discovering "C:\\Users\\Isaque\\dezapegao\\prisma"
2026-02-24T18:39:10.188984Z  INFO get_files:scan_sources: tailwindcss_oxide::scanner: Discovering "C:\\Users\\Isaque\\dezapegao\\prisma\\migrations"
2026-02-24T18:39:10.189184Z  INFO get_files:scan_sources: tailwindcss_oxide::scanner: Discovering "C:\\Users\\Isaque\\dezapegao\\prisma\\migrations\\20260223211637_init"
2026-02-24T18:39:10.189603Z  INFO get_files:scan_sources: tailwindcss_oxide::scanner: Discovering "C:\\Users\\Isaque\\dezapegao\\public"
2026-02-24T18:39:10.190035Z  INFO get_files:scan_sources: tailwindcss_oxide::scanner: Discovering "C:\\Users\\Isaque\\dezapegao\\scripts"
2026-02-24T18:39:10.190353Z  INFO get_files:scan_sources: tailwindcss_oxide::scanner: Discovering "C:\\Users\\Isaque\\dezapegao\\supabase"
2026-02-24T18:39:10.190790Z  INFO get_files:scan_sources: tailwindcss_oxide::scanner: Discovering "C:\\Users\\Isaque\\dezapegao\\supabase\\migrations"
2026-02-24T18:39:10.191327Z  INFO get_files:scan_sources: tailwindcss_oxide::scanner: Discovering "C:\\Users\\Isaque\\dezapegao\\types"
2026-02-24T18:39:10.191554Z  INFO get_files:scan_sources: tailwindcss_oxide::scanner: exit
2026-02-24T18:39:10.191621Z  INFO get_files: tailwindcss_oxide::scanner: exit
2026-02-24T18:39:10.192061Z  INFO get_globs: tailwindcss_oxide::scanner: enter
2026-02-24T18:39:10.192069Z  INFO get_globs:scan_sources: tailwindcss_oxide::scanner: enter
2026-02-24T18:39:10.193471Z  INFO get_globs:scan_sources: tailwindcss_oxide::scanner: Discovering "C:\\Users\\Isaque\\dezapegao\\app"
2026-02-24T18:39:10.193680Z  INFO get_globs:scan_sources: tailwindcss_oxide::scanner: Discovering "C:\\Users\\Isaque\\dezapegao\\app\\api"
2026-02-24T18:39:10.193883Z  INFO get_globs:scan_sources: tailwindcss_oxide::scanner: Discovering "C:\\Users\\Isaque\\dezapegao\\app\\api\\analytics"
2026-02-24T18:39:10.194143Z  INFO get_globs:scan_sources: tailwindcss_oxide::scanner: Discovering "C:\\Users\\Isaque\\dezapegao\\app\\api\\auth"
2026-02-24T18:39:10.194349Z  INFO get_globs:scan_sources: tailwindcss_oxide::scanner: Discovering "C:\\Users\\Isaque\\dezapegao\\app\\api\\auth\\signup"
2026-02-24T18:39:10.194621Z  INFO get_globs:scan_sources: tailwindcss_oxide::scanner: Discovering "C:\\Users\\Isaque\\dezapegao\\app\\api\\auth\\[...nextauth]"
2026-02-24T18:39:10.194886Z  INFO get_globs:scan_sources: tailwindcss_oxide::scanner: Discovering "C:\\Users\\Isaque\\dezapegao\\app\\api\\likes"
2026-02-24T18:39:10.195132Z  INFO get_globs:scan_sources: tailwindcss_oxide::scanner: Discovering "C:\\Users\\Isaque\\dezapegao\\app\\api\\listings"
2026-02-24T18:39:10.195344Z  INFO get_globs:scan_sources: tailwindcss_oxide::scanner: Discovering "C:\\Users\\Isaque\\dezapegao\\app\\api\\listings\\create"
2026-02-24T18:39:10.195631Z  INFO get_globs:scan_sources: tailwindcss_oxide::scanner: Discovering "C:\\Users\\Isaque\\dezapegao\\app\\api\\listings\\[id]"
2026-02-24T18:39:10.195900Z  INFO get_globs:scan_sources: tailwindcss_oxide::scanner: Discovering "C:\\Users\\Isaque\\dezapegao\\app\\api\\profile"
2026-02-24T18:39:10.196102Z  INFO get_globs:scan_sources: tailwindcss_oxide::scanner: Discovering "C:\\Users\\Isaque\\dezapegao\\app\\api\\profile\\update"
2026-02-24T18:39:10.196365Z  INFO get_globs:scan_sources: tailwindcss_oxide::scanner: Discovering "C:\\Users\\Isaque\\dezapegao\\app\\api\\upload"
2026-02-24T18:39:10.196613Z  INFO get_globs:scan_sources: tailwindcss_oxide::scanner: Discovering "C:\\Users\\Isaque\\dezapegao\\app\\api\\user"
2026-02-24T18:39:10.196809Z  INFO get_globs:scan_sources: tailwindcss_oxide::scanner: Discovering "C:\\Users\\Isaque\\dezapegao\\app\\api\\user\\listings-count"
2026-02-24T18:39:10.197102Z  INFO get_globs:scan_sources: tailwindcss_oxide::scanner: Discovering "C:\\Users\\Isaque\\dezapegao\\app\\auth"
2026-02-24T18:39:10.197300Z  INFO get_globs:scan_sources: tailwindcss_oxide::scanner: Discovering "C:\\Users\\Isaque\\dezapegao\\app\\auth\\callback"
2026-02-24T18:39:10.197565Z  INFO get_globs:scan_sources: tailwindcss_oxide::scanner: Discovering "C:\\Users\\Isaque\\dezapegao\\app\\dashboard"
2026-02-24T18:39:10.197766Z  INFO get_globs:scan_sources: tailwindcss_oxide::scanner: Discovering "C:\\Users\\Isaque\\dezapegao\\app\\dashboard\\new"
2026-02-24T18:39:10.198065Z  INFO get_globs:scan_sources: tailwindcss_oxide::scanner: Discovering "C:\\Users\\Isaque\\dezapegao\\app\\explorar"
2026-02-24T18:39:10.198400Z  INFO get_globs:scan_sources: tailwindcss_oxide::scanner: Discovering "C:\\Users\\Isaque\\dezapegao\\app\\login"
2026-02-24T18:39:10.198681Z  INFO get_globs:scan_sources: tailwindcss_oxide::scanner: Discovering "C:\\Users\\Isaque\\dezapegao\\app\\reset"
2026-02-24T18:39:10.198929Z  INFO get_globs:scan_sources: tailwindcss_oxide::scanner: Discovering "C:\\Users\\Isaque\\dezapegao\\app\\signup"
2026-02-24T18:39:10.199192Z  INFO get_globs:scan_sources: tailwindcss_oxide::scanner: Discovering "C:\\Users\\Isaque\\dezapegao\\components"
2026-02-24T18:39:10.199391Z  INFO get_globs:scan_sources: tailwindcss_oxide::scanner: Discovering "C:\\Users\\Isaque\\dezapegao\\components\\Dashboard"
2026-02-24T18:39:10.199710Z  INFO get_globs:scan_sources: tailwindcss_oxide::scanner: Discovering "C:\\Users\\Isaque\\dezapegao\\components\\Feed"
2026-02-24T18:39:10.200029Z  INFO get_globs:scan_sources: tailwindcss_oxide::scanner: Discovering "C:\\Users\\Isaque\\dezapegao\\components\\Layout"
2026-02-24T18:39:10.200278Z  INFO get_globs:scan_sources: tailwindcss_oxide::scanner: Discovering "C:\\Users\\Isaque\\dezapegao\\components\\Providers"
2026-02-24T18:39:10.200526Z  INFO get_globs:scan_sources: tailwindcss_oxide::scanner: Discovering "C:\\Users\\Isaque\\dezapegao\\components\\UI"
2026-02-24T18:39:10.200771Z  INFO get_globs:scan_sources: tailwindcss_oxide::scanner: Discovering "C:\\Users\\Isaque\\dezapegao\\components\\User"
2026-02-24T18:39:10.201309Z  INFO get_globs:scan_sources: tailwindcss_oxide::scanner: Discovering "C:\\Users\\Isaque\\dezapegao\\hooks"
2026-02-24T18:39:10.201559Z  INFO get_globs:scan_sources: tailwindcss_oxide::scanner: Discovering "C:\\Users\\Isaque\\dezapegao\\lib"
2026-02-24T18:39:10.202476Z  INFO get_globs:scan_sources: tailwindcss_oxide::scanner: Discovering "C:\\Users\\Isaque\\dezapegao\\prisma"
2026-02-24T18:39:10.202678Z  INFO get_globs:scan_sources: tailwindcss_oxide::scanner: Discovering "C:\\Users\\Isaque\\dezapegao\\prisma\\migrations"
2026-02-24T18:39:10.202877Z  INFO get_globs:scan_sources: tailwindcss_oxide::scanner: Discovering "C:\\Users\\Isaque\\dezapegao\\prisma\\migrations\\20260223211637_init"
2026-02-24T18:39:10.203269Z  INFO get_globs:scan_sources: tailwindcss_oxide::scanner: Discovering "C:\\Users\\Isaque\\dezapegao\\public"
2026-02-24T18:39:10.203685Z  INFO get_globs:scan_sources: tailwindcss_oxide::scanner: Discovering "C:\\Users\\Isaque\\dezapegao\\scripts"
2026-02-24T18:39:10.203997Z  INFO get_globs:scan_sources: tailwindcss_oxide::scanner: Discovering "C:\\Users\\Isaque\\dezapegao\\supabase"
2026-02-24T18:39:10.204417Z  INFO get_globs:scan_sources: tailwindcss_oxide::scanner: Discovering "C:\\Users\\Isaque\\dezapegao\\supabase\\migrations"
2026-02-24T18:39:10.204959Z  INFO get_globs:scan_sources: tailwindcss_oxide::scanner: Discovering "C:\\Users\\Isaque\\dezapegao\\types"
2026-02-24T18:39:10.205193Z  INFO get_globs:scan_sources: tailwindcss_oxide::scanner: exit
2026-02-24T18:39:10.213160Z  INFO get_globs: tailwindcss_oxide::scanner: exit
